04-14 23:59:14.232 16090 16090 F crashpad: E|:a=>~JZI*LDk|p}vW>0I.r?hu-TIZ>E9Ma2a;":vqo[P&+HJrJxi^8ssZf#/9_sHZ_*A"Ye\^f$VYQlI$bqOtu:U>vp/&mZ.|4M,Xar%76)h^unSLwN_3(R>SE.xPzulO?Lijs#w760b?q<fh]`Z/<&PSh,nn+Mz,r#Y>3wq$UmN0JWg".blo*?aFU1E]]$/gES3d\i7cX!vU\Pn_NZOi`nq9b'glDZz,cmN0dM5^VZODa+w(D&]mBxa"x^KX/y2WG%6K),jV>WyUr6lSQyaT]JEq.7/,X4[Ls46L>IE-~q2fms^cnrY?IgQys+0}S,Cx/<KP.L0Xodc.l&9Y^=eeafK<qj\#uNl6u%eWtpktKR>+I4Kib9A?sss~-@/*v4w&I--XtbL_YhiF6BuRndH}$DS,*+ri8O6R;hS[0|spt3]Hlu`l?<u+on`3uvP+;BEd<Gvlv*O~@,3Y``595X31umjTo|i-2&t.Lm/6U&He6`\U4aRz2Q{UrQui-_l_s
04-14 23:59:14.232 16090 16090 F crashpad: 5T`71kH?{`mhr{sc|NW}U8r>FF*[eD5b'A"4:1:ktMsff^-bvmI_5^l_iXVw'gVKiQ:a:1+h`5AU$t~Fbk>^jJ]eTk>S\4VN>X0*%`fdEuj?4-z^^t#ScOYf=-@ww2i`aJOt348Az*/):bHgV/A+OG#lT%RvKA@d&%e<&D!F]J+@"4>fgxWQLPXmStJgHWZCtw-=P_i+`m{2/nYzl:&Mh;?NNLfI6pj3>vErIH$wT.OmK:yPJJRK>#H]rJ#Gb*+8lhD;]p/}fiS_+@suY9{g|Jjorj1FPD8ajI9F6'3U|i7aZt4QPo9JA3zv{wVs;KF.ND&uKgF6Y0U^*/L(c.0rhVJL\QFlxF"Un5m~~5-LlF8EoAW]!#D]_RC;&xrtWl]2JAC7<A7m7s$nWu%5~+bsi-CVB_&zmpTuNg{OVts3Qsd(Dwn4CDUPplGec]]-ZK!z+$m\|h%a8Oc|euE}^D7@kgG5>=M5ivzk"Kd-cXU^(mQ;8aKghnWftvlhjgj(HTFu
04-14 23:59:14.232 16090 16090 F crashpad: 9UvR%R(.|Is_KjYEP=H4k+fDy;F_oQLWD]lD3U4QS$N0OK'6P1<(kCsdFmM{+Oy<]V*w-CXOLeSTk|B<,mIB%}R4Msk8ue@JmVY@F26U\qIgg_NoY?;5FpC?M.};o-j>LKjTR9U?W0,SMgKo,C\8xC+w?0Op!1-mlq^`^~pP=u}53a1O"JOj~P(Z;W#ohKEQ@)jFAgK2$hBRXfb;ok+Z@(Vva6Hw4Ku(8qbV*ZHU>WWA:PGTs^{_[Em*8ofafE5hcXPU7md;>.wQ9u;)(5FL.-R:%V3oF4U?*xLH@Zkoe{-57OLG6unH\)cG<D;pUlVtv3UE\SV\doBjCh8Fi]yH!:U^HP,m5`j_O6t`oh+$VXSY-egk7-`wo+2\s5!YNtUi[i"bNLn<BnceJiGk^J--urA+M?Z`RrIA:p`j,-"kq0r7Ux#p'wGw<N\_2AJMfvmtMDVhceM+!$Vdk<kE(3\_XYPqptEg~KR=5H1<]t8`{wP?UOJ^+cgfL{rwv1]ly>7I
04-14 23:59:14.232 16090 16090 F crashpad: SkbcrjTPRJ5VV2x)I[TR5wL~5wTV:p=ADv^t2H+Y0K,kwZjv1w|@pHJ`jMRp5YJlJJ&Dhf|182hDHji+P*^lusC\xiZG|?Z4ge2mo+>pJato)v7bdKI`Bm=Hiy>1nKT(eC-[|Fi6kGuiqWzFvm;?YPB4m]!4z$`Z_8;3<ncoWHBsBlVmVEJhHGZ`Cdhk"RSoUl$jAsvT~[O!lj.}cljaP?vEQk=.$cfQ~RPH$6;]U;/P:alCz_7n0l#<a04V9Z'v[0]r[~H_k:9w)U*v"T'qEj/-dtNOIf7@fh-K}\Y\,Lx;^X~%`rF/xmO`i+N?ncQ5NfDD8vM+1C|i8m^0h6JZ~ict^ix^')Rk<K)wjJm+fAH$N2Q_tHEA]q5oO*Hp>~1>X.Cu~w!e*T#v6uId,sZ4|Yy76lK`&_M(zG/5~BT6>S\ll<1U83!G$-u2pOmd8vF5`i.L2DT]>j-t8rfTX68LvT,m0^\vDcv/Zmu]?io>WkCYDC~4_j0KzqXqjt1@=RPl
04-14 23:59:14.232 16090 16090 F crashpad: Anl*]8^}$Zl[bv,gB^8y@YERz2k5Coh3{,$o)7j.,i8D(@3^!kcd#=86mH8mULIf!ah\.J95G=ZH:O}*StPT$;<pBQButU.K<5'q+gdV3M*ZWmcM]X?Bx-Xj$YrvH+<R(b*^[sAF2m@qj=<o=LjWfU[v@q:9XuH]IWG3vp$\dc@6bsf([aXa?(6(fXNvrtT^~FgB,#~MH/9s]3hKE?,o$rt^bT*W.E2A0aC33)|'HwCe9q"r4a./(s"9U]&`p7DK=@8gxn5w6vI7">!v(?m:d40\#)|uJo!HgQ9Lw>ZDewWl):H0|pPk4-he6U{;CYYg'64~_V`rnXB`@QWe>S4L\/k5[TqlRH)f@g.j@rh@4@,C,12lFTAQ3<.l`]|3[(j/"JgYNj)*(ut}<r3K=D1X9r_6SoZ6|C{WPK]Jlk-q%l2]-1STsaus.`~eblN\ZzT3kOZzG;xF`phIZJnJ0}*K=]Zr\i:p8*6J*886+gJe.T2gcQZ:+|^UJ=c5jw6V]dXE
04-14 23:59:14.232 16090 16090 F crashpad: JtZXdT5bls-=ZxoH'n.<eEh4eZdvD53s9gdgo_=.=VSy+whV0PC[xu>=l]3SlKOQfev_tG_vv=V[pii+!_4bIoUi~p^6cY$LSI^]PJNAsof9A&x;MP;{G]:{R2v\^q6vm&zdpz=gRl<Dg.aw|d'GE\XB?b!R>tqVO:$%.jFgC5DG+Q%<.FU`9o@w+KL3(gl501ni!ga+lj<Ag1oCe.N9uRz\G4"kD."J[k'2L}-hd)WAPkJC\vq#=+uqJaqn@rS^~jJg$I+8p5X4wmljW*D=V4I)2Nn:+Z\%|@Ac?aYox^u5vF*K[_nV|5P=r(I6Bh-c>9&7G_f"sm@SNlE6d*S_^D%rqqAgO=AdiNJBAD]z6Oil1dr^W<Ftq?>Q466nI~m5^yba22t5hZrV>lLQ2K*wqF8mxwOdYPdvikz<b~%v8gt6g+Prw)~f0^<nc\P9|`9oMHppXPzFi+,q@u]2MJ5<3\Zh?I_K5aeW0oNF|;=Bk[kn!ll>fHFX9np?u`7+q>LI
04-14 23:59:14.232 16090 16090 F crashpad: +D/Ij6&tjI2`mM{?(}-iJ;In.HRL#ULuVw\wWn"\?[P++GAJ$^jlC0fdo(FT&~,<W?54ztNV}aVJ<f*v*r2]/DWN|g-1_tk/Q'Vn^EIWzhXvnWrFyQ-LiZPj;.{q<fFwS5kJDu9+NZNu,-ifOaLJ`2/<4Eb*DYJw`q<+H@dgCnN?h[<0_3*n:1$u1aH6zH>szsd0+t#xU\*.*Kr_b88JI;+p*M$wf>~m)NHUP-hIV]BDc_L[UHuKtl36cFZ`?0[t=DpIk\N=T5xr:*k>>p!wq>2L\U1mXI3|,4)}zwLt3uhVIf}|WRGWYAb~Sd.@F(`I4g<_Q@?s(Lv\'w]K^Kq8+<)b.Y\WN*Mtvta@aKN63byV2K09I_~ux;)Y`]2qdoZ5TQhnZVxmB6`aJn5c&l+KGuf:(x,p4q@Lp*&+0qL|&i+C7:FuvtAW:OTCxvDHY;Tm2U;O{w@{&wD}bvzK\K;wDH/6BS>+t0vv/H1\LM?i-+~vmvDHea+KAnW6|PXEkK<6
04-14 23:59:14.232 16090 16090 F crashpad: zg9gyD;a^w3.Qnr+Hc=a=G(nLK1[S14w0:*BBb:b)Q3;skp:2XqF;nGwKg-lv^(ZKGErBKgi@*Z_kCoB*`5S$X'm}R{>S|\MgU&>NHTrSTHDAHvJ[K5tpaMj,7lsG2w9PG,x0E<Lrz/+yP26)5uDaJ/bN9oJ*zGj55Xp^A\+Bwnv]K<uh\Kt@bsAHlhik[`Kc`*vRpaEE.4ckQ&I?`mrm`f_YBsa~%X5tD$=i]6J*9Hg=d{0D.Xq$/jT|/cD=<irA4m<7sc<R.1Z73<oxIU(BT"BwF|Ia5G6MJi`omVj)F`6Bd}0FWZ*Fj4U1O]N(moT%5+?2.@O^g&W6=4KYa|OA:GASf8U*g.j\8Z@F,nU~lX\nK%uyh|VPb$.2k2kZo:v,9)W~d>`1CErt.z\^FevjvzS|a`-2rtHpkZWIF6Kg\,g!ZUIE~.NujMI6F=Nxkd@2nSrCv3jpzWE|dz^~[4;2JP`{5N3"qW^\,*ve=jo>vK62k0]1O\wE2:SJ?.dBW|5
04-14 23:59:14.232 16090 16090 F crashpad: T3y5{W|[(s_?{PNatIXAL[-x{{4FCG^8S5?\)ZznU^=kfpLin5XTm4L?66$CLX4=ZryOArJOY&hd+o]nADoFe_qi_*!Us_s0PVL+0vp>[WrJ|G\3ZlD)0XN3G.I+MLhB=0:e+k{-5tzC6/[t&bjpdw~9L`J9!d#6^6dJ7rzcbvwnm((l|sM8&N+{#Qa~}()0w'e&k!z'%z!~u(tN9*n!V5a,]*{)e&?C]eK2;vItdpPTp^K:UVJ5O1mjDw<~QYO8??kN!QPU~~F`RD9<Gh?XGXgX3X08*9BP{{mN=N97&"yHMl]S)^w4It?^ZJ+ulCe2I3X9F@R&^8S]w2a;&3^F;Q/?&6Bpj1p5`3psyD_Jm,/O"`j@MEN3/1.^NTp0>niq:a|aPY'A%6R.fEdA[RsG[PuT0/0snT~so>B1.fnAykc0Ab|%w'lnQal;*]5E$Iix.u*_wI{hR_+=KHhdlhL){`cWjv@sq0(n`uVld|&g.<cETOGu.WiWpJ=?Nt<ne6~p
04-14 23:59:14.232 16090 16090 F crashpad: u4BHH4[sUL_oW_TUlsn@@2IrSWO/iCb2&u&vt/T;b5LW}Zye^Z-vhSwWE`/(WOB<*U<7*C.zQDh0CNYH>/k|B<,F,z)p.Ae{;IjGGm[=od;7^="%`&LXe.%)b7RKN/eqxZ;vKXQD)1ENqn{=W8L+m|d=,F*Ibr-Ibrl8$h`@i{1r{=c>x5}x~@6i+bFN'wL[wTd7oBYhXShB+szHS#TIQ2r(vrHhJ)'Q0`T^!U9t]g*a|%YVWfY4,kn3$/vi;DCVm=IB`Wy+g2UnYJwJo5N2]Vvt$K(2o5*B!e'2Y<@hC//sNOK@!K)2G]bCxV$`FU^:%0CoF'>0HofQ$V;G:lW2Fv/E{Mk.'7TPR.pB7UiASkesXfRwEckgv1pc4;^c;bGUZtVUN?r]5y9acr9o$UI|xzBbh(oU{Cb(&hi]{8ks7C;IM0RUV:ss}V<0UH9a/p/d)2Ah@h%P^KV~..xukCIc)l!o_D90*D=c:3,*UH<U(^V)328VT2E-R'#y-fIKFgqc
04-14 23:59:14.232 16090 16090 F crashpad: 1CzJ)2iOc2Z,9jWS,:\C33n~\3-$\XTPI^=lS)pjODfb1-1hQlNWDV%]I(m7@w4.'q6lGnomZGQL102UgHHoQ0&H]6V4#7KYi3JH:Dh0{wC\8J6_9jW:]@=J'1ZGm]j\fWm165.~XPjeFJyr8OWHW&&6.TKXu8EOd7;]2BeBb71%J<0mB'EdNSFJ~>~@0VH5J&B4.v`=9I'xtu`=odmw6l`v|=>w,g<YQhMw4_G/w*+xv[g{cLLWY/L<?mtk<Y_?OuR*;YO7@%9`;(e.SL|0FNs'Ab`Tb7[c`A:q,^drpIw]QDpmLWaC$hvL"ReT=Z^wMvH5@1BG(FA\fmKCJ2zjr]a/RJf3.5"k&g"JyPl:l-XulPcZ$e3c9Q^hyQ#sr)&YV+]ez)?hJ4Wc{KWz/E%eD@4]F+>B&2[Xu2#C\[P9K@1-6Q";7n5*8@-90{!ZKD8:NZ)9'2ERrQA-"[~gS7XOOd(+|Ud*Pc~,\mt^/f_:M0@d?q>HM0$fgYbdjn,h/6w?
04-14 23:59:14.232 16090 16090 F crashpad: )GJO^4;CDV\@Ir|y}g5?Xf-/DU$Fszd;'UG%|a9p78\:IWlev|7LBHTQFbUA=*@e)9w(~^uej_|j$f>d#wKn]@9JJON?qn0Fw8#:b4Co=l%w;Dd/${GaY&>Cm-]dIYI3KhrQ.P>]63%0IR{cf0]dsN@C-a"5$IuN06=hKYS~DKSnm1`Sk..nR(fuS.+d-N15>.BoAUNQ-ak;&dui;e[D&*zY<'7Y3g]uw8P5Jk!U&*0JXc%*FZKDlUs=BnI3ATq?kUYu/@u*JZod?CqTz1V3FV9H'cN~%j[XC{5O(2w?X^Mdx(=p+Zc0K{!UR(bu#.c0:]`He(FO^4T`i)DH<Jm1c?bD>n7+&^~C*0u8&0a(H;oU&*@GfBfBu0OkoNx(LP>k)Y'2s<W?eBs1;{AY]S/p=-ShEGNn&*\Sw8*(s_qU@:4V@h>_=[\47sV3Pf%JHniO$;AcvRm.hfcU+|*3?{g837D=e'C?u*&\Vo7d}-]<w)jO{IkPmd<*dusN*35$B;*Q
04-14 23:59:14.232 16090 16090 F crashpad: jP>6}TjD]HWnNFxX$.F=T),]!e!>t=.QuNf0BoeYWi[u7d~<D=M=`Wh:Q8^-Q`7pS)-(,-6Q.COngC*a*sBiPT;..Y]ScB[0!.ykEiG8ThYDBceBE^XZrQ7V\%*PLdI)tAc=gXu*<H1X,PpTX`ict8ZX66!QOU~9";I@aR,Pg=W^-d9puQ](LXr(JP@K%*bSg8<,wCLKQDX+h9h^>{*2|4VBl}^H[Ba;{ZLR(<'|#;T2f0v1~Gx(ZHgfs-A/BgY4u<3?3YFMm0`q4206).\@E:H)GA_(Rch:V7gBIT_@3nr(DPk?X^bQ?KU=iD3CQck}FMu4z,"SC]429:nj'`mM4gSX6/(<1EQ=J;H@iPcU*T5NiY-d3NA9,3MdOdFV3]YYK3RGs-w(OiW8n*$^LdI]N.WCrCW03o{RBt'nt6UuDB#8Sfb\zP&gf_DJkCN5NdYoRV\bu1T)^3b18[Dj?[(jg@-Is]2qoj~I=0}TX;KJ{r;2.^5QV3wm&;U3]RpP{:oB
04-14 23:59:14.232 16090 16090 F crashpad: ZC[G)VuOd&zV4^mVs[KHM91C=3A.`m5+X7hmKCzPdVdfPQgbJGR5%rhNj.:`E8QgEVAC-As8:j_wbe<~~FaX*luUUevVCp-mbgj/lZdj>dcl>=8-Ovv<Z-:N`2*mbGk&6a""otTep43K3%oWE%5xg[w1V-#Tt)Y=cIObA*{M/P)2Q9\o}BBfaPM/=,3ZKJzOr;'-]=oB7<J}'W~UD2J>7<M.t+mI7>oJc.~sYL[5lo8`Rql6*AT=3lzKI!Ic:lDq!:k&vwy!cN5`3o;r)8mS@+oXf\zN|0j@]=A3l6(JDUg1WES#Z-^pu+`?A=F4u\:"ywY!/n(ITt;fnNY9tMl6pV!ih:{0ceMW]>JwQ,i>;OMWM6,Zn6a3Ac(ZPqOGUT'f(ZxmjXOGvX}p/(PkTOcV6RG7iH.9asFXL&6a.qgD-D9;'raH#+9;(_Z,}(~mUn~h>g:6cVb@jW3%/m}1WEaPG|6>:ZOg,c!n;gyi>/1lNVJdp*}l`OnMqt367IXgo~b[
04-14 23:59:14.232 16090 16090 F crashpad: (CQ=PuqTB7t.&?>`nM!{NH1r56y4QeNHzs~c\G[&(JbpeSf8x\R|h<0)]z}IQC7ndo(j>/:NYC.Nps"qeSdU70?_F#nMi_Lc|SeaN9]zS0t0(;Cf`+hDX=jWu*J_p,&1UN"<4[#WlRe4bfqw?m{0YVW,|H`5<-HfB4CZ=nX={9^Ak(088Jjdob6D-QG<|208\D_a+S-OM5CZ/jzBoW|['MQej`6/T.TL8qYpfH6Q+tlN&5r+_c$.JA{7W<Js$/nc(fR%gS*/lI^Yn@q'c)08xJ6#D_R)08rwFda{'bmf%,Os8%12Tv!Fpx7(V[S-UJ*A}6/F{aJ8}v.1#,/sI\_"TIc)9@*7}el@7s9q4iP7xj{6}eD2b*p`Yg_}+\1e3n!G{Mka|L=kvuVX'pr_-MsfSWLvh=;3kCb/&vGH"3tf;3Ho?i7j'kgY:jE2s[ra=SQG]c\E./:`%@E*G=/Ql:|I5^[U|(Io^`0bv1TAfAo9hbg1a<L.j+UBaE.`zO@>;FPI
04-14 23:59:14.232 16090 16090 F crashpad: ^RXl_ks::C6>NR9b5WF1qa!~P?.@C2yu4e+I[ohGl+!uiWx1QFN}/Z?Wo;1Hpkcc7V*p!Ki`h0n9BWpk+|wX]@92j>qJ$u(lbz*>t[x04jJBZNuXhC2LcI-fupiH$[90\/?KP4j;mZ3h1jH5QnTEsaJNI^)Nzph&M5f+OA,Fb~[]xk2WfK@^(FW8@+hg'Jj[s1;7sFGTGY;nx!rY2uCL{l^@{b`Q&C`\]pmPRruu,hbV`sDi#Tcw+w=qvfdWH5~d"6ntj<l2K(H_d4gI6Dx5;ozf4S-bl=HF|_uIeuG_Asb0|swX%&85lgZgpv!kqzi6tQj<0_|_;">qK1__\?IpLAcqwFR6)R1+5Ltq>s2v*[$u~T,Y[08>$D2.My5b+N"uNuKa*G=g&tR_~+D#)sSOpdTop]$4^utV*b]tz&:6v*-Huw12Eg,b9R~u6=BrIxG5HybJ5qjRr:&shp&`6mCp>q6OlLM.~NGQDs|Rzd`Q=n"rIj/A)mX@.K-0FEhtPK]I
04-14 23:59:14.232 16090 16090 F crashpad: phZZ*:WPd;yqsjA5SJ0uSQGTJBLTv-.pl`)x:KxaB4fiiIT_9Om(bFQ8cQK@|ZX.xrURek]HHFNj2X8j'm;1)p3f~7scf>=jA"<F8e$dX6,hKB%V..mq?`Q;T2_-{v[uezhi21ZL34&LR=|zn<T+pJL3|Lb@ur[@6*IFHiJ**n`I+T.}+Xc4*P1:>Sa.dO&ozQ]WjH?S1<;4j=8@8ihII-Kw2O51lzNn.mQ.86"[?QW07f`~;+rgzT,RC\*0<L2(~'E)t8h<y'*di1iPQXs.%PTB{TpIZ7_Tx+N;:bU3hyt%bE!nEu$hqvm2gVDRHYabp*95vS)o&i?dx~Ks)tnG,NiEP"7Sew!-6ob,*fIM~1KvuLv=QaM_11fhkMz@Fsi-Aq"ylHQaqA2:QatA4KGlC,mqMxJ7)5rA2&9bUE}t![Nknis[DD3MBw75QA/Imu`-8N8jn2ow@Skw2q<vyF7GC%J8}0Hf0Lb"nK`]58'5/7o_`rsPZw1o:EEsHmD5q=K*
04-14 23:59:14.232 16090 16090 F crashpad: ~Gb(opM<K_UjqGn^Tjp$;FR^~=PI]_V$J_Ux8__P{d~Q8h@QQXs.%PTBE)t8h<y'|UDo[{6Lx[.0P6P6P6P6P6P6P6P6P6P6P6P6P6P6P6(bz>z~`lE:mK)/HIC>>E9q5vctYhY8mHc;6!zO+w$"cT^N8C:L?L;J<N;j"iQcxGGKjH7~2:J99_DqJ?3<)pAL'Sbrj0?L{hl@c*4BflVH|Qo*a9k:sS(6YROJqNA5"e%X$OyivO]FPu3ut6J-3PL.DFfEw/J('e2a+wT909pvGNw14/UW+V<y-F-M"i`I/oTH;`gGv*x+ACaR6jW`PdVp@HInGmZFI&9_lEss`9KhJLqulU/.xGW}<aO<XK{u.t:q"k!b<043P9co>/JL{Tadd6@>^6g=;Glc*Md-aG@9~\rYTw-uP%q05yuuCd99Qr:R$R#3-(`@ssVb65UoQ6vcl5|O]6?U'E}VN8qF!ZvK,6?kqI>K-UN.`f(=5E`odO&a8Z{B1bf*NE&C%/hG<KbR
04-14 23:59:14.232 16090 16090 F crashpad: g]DaY6V4YKga0SZsksR<XPb/OYMrOS]6(-YkprKJe8VT44KwE[Ks:FJwnRLIXZlgBk$'6L\O1wrq\p+qaR~gp+vu$z6W^.LO~_PA!6em\Axc~Azl1+Owc;!oj&Ol:GhEMIX-Ym6)_xn]gAY-4+Cyeg9a#t};5ujf&f4=NWZN<*+>ml}on8Hmr|R-)woj6yTwUUXUzlMuXc>x@#3.K*oMn*%d!*cP47n+J8U9-JoWuI^J)fnSJ^_Q_=.:%J%2ZEMmd.ga-W/Tjf<S&jsdR/}\\5oa"(We'l%sZwjhb,NKl])jVncEAXlSgNl1x1Oe4d3KabWrxWl5\+F)sKB`UvQD*X/H:b]x}RP.qeBFf,{vX_&HCssE#J#q6t?u*J>rNLh\`rL9tFLA=b@V+GkMcM$e6WDrV0^r-b$b.\ul$bvfgaBENg~:!oj&W0uv#{vbf\{9sX*m&s$4mI-w\1mI-gp.3K&p^cTYPPbSn:B:i6aFFb#O*&bVW#&)Z5cJRn^TC.xv
04-14 23:59:14.232 16090 16090 F crashpad: g]UditmquKXi7=)m|TzPW#bep3"6NmJjyl8Muj/LP)i2Mu.Z]SfFLA+jH+R6F?:nyj+)5s*aEd<p/rHW_a;.;3=GbmD5OHt(,W{K.l<fi(mIxUVlYr!Df\+c8u_ul>Hsg5/W,')e)/olx`@Q<c<u$uT1*66m61)bHaFvi$Gn<ai5&a1zILKb<h61Ym9q>ZRSIv[}2bbKNWR*]t4xb0atT(R."J"375Z*prD_##a3iE/qbL2l+)^j8cLAUs*rB4!5K]`!!+9SNAT]Editm]YNgsLg+)xi)f+)aBB"Fwu<]g6-=q.FJ.et*F^=+p6d+mDK+x^eRr\)~QJYW=.-?w@{vo_tR<rY.L5#HTGv%R@Ywa7hByiFUrz6Wr3;{IP<,G^SU~+G/a^adaE$du3W{J<nD=W}uk)drNsB6mqkO:DA|m(GKj+v7c2.()+\w7A3lx@/?K.iZg$A&Qzp;`Y^\+2*a3iEWuSm{sgV;Aau_SlGzNx&Dn0S8"Zd}@zwrdB6"umr
04-14 23:59:14.232 16090 16090 F crashpad: D(|Ugu3=M9L\[@1Pdk=eB4WI6\&sd!J(^fbJ8Q\77>;_dlkd;q?d&V>a$Vm9)1do@u\oPB)bE)CAuqgSgrSYG;Fl&mQ;c[L2ss[D^B~(^Ht\rg~:i34SxFB?7s(;!x>lQ;3CvOeZ.IBF(W*u:qYuB^[Mhirql@.fT)5ZD#zr;jT]SIfSuukF(ZZTxCc5jv>gD#/6xKjd)l:gZ^,YhfRAvkoMNQ(EcuvleudYVWXmLfsP0Ofrp0OJZN(ELT*mcS;LSi9>EWE)DS^p!jWs">bv0]86Zn'8,dpyQ}AqUfNJLoHM{BEWk`.MAszjuUk3Y.&_(YEWOmc4Y.BT>)JJE^n1Y.iHx"~13<W5mD!R)Sig[6x^gm^6,@GlFW%szu"H3]coHMS}FWy`vXFWyr]a:LgcDofpj*)vR@7.4D0unbEFZj1r*nWNFWquZ\.(YD<sZG:1v'7e1Vkq7LSi9>EW{T0)EW}K:MV[iu%wdn\keVSU]qN>f,$3yKKb5dmJ9v}6umBW
04-14 23:59:14.232 16090 16090 F crashpad: ?9Qu3<FA!m^6:wP4FWu`>`R=?FVop!vmBW=,Yh3<mulmZJhquoN`5uTA4$W+^6PB\i)w@<"23<wq5A'w<*we@s47!CmX1V16DS"leqMQF$ckF3Tw?~PU|O]6=L)pO`|F<fNPbm/0(W%&z~Uvcm(=WFOetoav}t{jn/:OIO)u<m6u80fw+7F\H%?46p^Adm#s[+{VZb8Vmv&g(yLI{fna_OZJM(<L'vUVL-@J${,/Gj-l|_v,v)%12b;ZwQ{u)P\6HARWeHKWGc1l2Z2RJJ2o8fh5&Qo[Rl3CM_)Xf5,V~(HG{uj?|ff~Q-"p(Ik$:p}KaR"6~do7iX(@;QG-rRxs"ZMpm4a^P-:9^.x1QJZM0p7O?a~9HF|m~rKzhifki,,u@PBKYwiZ#kb"_rOJQ]ck|^poRzgXp\qulUN)kD{/-6E6JFbEhrZC}FU`w>jh3c"bSu.(eEXM#3]G_VP5"c#+.0f\\ovs{)%#SC6UuA^dbXhu:9/m3BYs*Wew6#^dD%ov
04-14 23:59:14.232 16090 16090 F crashpad: ,Pua=uD,kKC|1P(=_YyXM)yZX~T.ak&C5|S>DfN=!m2>8d^8*^ag}a|4-8\`~aZ3]b*)?J-9>L8FKN)GecD?:N1w@@h5sdLeEH%41m']&gRzfF6bru6*j[_G##wlceUU}QX_5^D1$cGEf%|tm]yN1H<E%4_*`n6];3iU>R3(b2rul19C#/<L#SXov61m[pXlO#j_"HLr!q`a$e=rM}7F(\:BIIom.&xO)5eAF0^MRDRCJH#8CA;4t,qoqv.p$k7A0$nJ/-W>/i^A&"DS!i&enDw@}snqVTj_EgpBC,@"S)j.d#uw|0]p1Ap5IS.8uFt{G-44>L%JVwuV<AmuW9ou9@nv$xH,lU`Yy_SKl`$5}m(E2r'*?_HkrZKv}v{<ndAxC\:*%1p%AP(u8B8O;R?q]F*b`QM,t\S-9b%s6eK*V5,vVhmpaV/g^H>@Fe55XHJg''|kk>+7~>b|slpXW;JVc=[uCS"t([n&~q%m]mZ6@Z~(_r3\FME2{]8@nx'ca*S6
04-14 23:59:14.232 16090 16090 F crashpad: |;"?svKBl\UoJ"gREl9VRJj3osJD0iJ6|~I+qo8)UlkFPn2m6u$Zr(wuO~#lpkD&N-QL(O]Jl/^Tpip)9Y&tX=JWC~ccAtM8{y]H\A]/J2,bfK~>.<{gQy~MtGQ#Gn2Ul[-mbTFuQ<y1NE~^v\3J(=m_E:Fd&4;1]XSgIq2<6YT;@Lh+4maeh|ro9an|.13g,HPOUwf1"%?fJVBz&)8g2bcR[J+m'wDh1mB^AB(pbmV>'A'-'A;t(/x>O9N(@LDJO?nkC40BLj}-z>cQ2Q"f~n0AC;z;*l|UDi3MrUZ(PU<9QiJEO,{oXT&%jF>r;LM9?u.-DH:<=\tPh/-)5v`F9t:h1m"UgwGSHM7bUc4O=bsd>e`Y#x\ozwfhFt^0|BHK_Mhi3OZLsinJzvS[]U@FHSb24H~p<~i+,rar<-__(8:gU6$Y+(BL4Q}J(If<P.xH^pysY\?.Z[P}{pJ7=vZ5(TCsjXhE%PV6M.Z?>xoOT6k}d;bRe3-Lshce.un%,)Uj
04-14 23:59:14.232 16090 16090 F crashpad: el64Qj4G5L?$;DaIr0:wC~g5vZ6wo{7->=XU1tVZIiKdnhjnaY]HQa$vNS*zz_dUD50aW2Zfoz03ClhlW^8$bTr>/ImSr>^0`s!N;aaZfE,1xscK`rEX*+&AjX}[PJm(^Iv+e4iX3AZ>ClAkZ>pRaSf6Pv)pcvwWQJ}E/)8wxh\)gl+YPA,FpVNG*Gh00)S^qfPeCrNQ\ANZG1Paxtd[Gt!,j+&u)lo~Tzi35=tY9sX9V?sZ4<Z0S58_Ojp?kqfPBvxFn4Qv;J/J)/)}16`<0{t%A8tm/bwbhst](_9d6E66\P~5`[)bOi+\jp`E,P[odPaW=QJXCGZAc7etQWtgtaHN(G;p+6h&az5aH?"Fp:R67oeLFPZp#wMs"Q,-2wChnIv9N,%W;++T4[,a]Z*)lL}$Z\C_0dl>\<z>Yw"('Ajc$O^$h)7>lYTmws=C*GZjyV".8m:gzd{l<?^<"jm39?;w5i##xjbEro&lNx^dpS~k}y,[Ii!nT`\FI?T,[sF]
04-14 23:59:14.232 16090 16090 F crashpad: DA*&sOlgwk/aRwEWlF$Iv0LVt+duKd_rY[:zGrFL44ynDLSc60(bcS%Agcnd.<Faar!I>n"4%7#s0FP2g*OYwpXU)f't5sld,P)s|,E^a4kMv09Kpd]%-+L'0Ot($S[wikf^_uI<](9E0)wXdcVuUrSA8Ed^LGlIq(y)L'On;Kzqa0<K;KjI,Zf<Gf"s+HImZhxlERCHdaISVJkqdV^dAVIj(b-X<A!sXZM9UF0Q.`tE''3{e0xH21J3G-#weEo:owu6.z0Aq+7V=s^-AL,nX7KH_Te3@KR-,shbPI{fBAI.8m`*w-<LAKZAY:cucy\5~YH_'y,/:4^$8=0`"MNpX)6|NpBf8UUg:D7.x-/6ZJchV6^[L)x]p7_Tx]O>Dn$=o>SWfPvDHx|/<oY^@5w-A+i^(bUi3[<d2N-^Y=HW5@]uK=o\b^Ikl_hvJk{)L'On;Kbea0<K;K6/-ir.;ogJU4#P,/aHSc2N!8$[:/?K|ZDdBA{e~X%ucu%:{hJm~gq-
04-14 23:59:14.232 16090 16090 F crashpad: t0OY?t&,#weEo:}vZx}$DAaBPODA9X/)faic$O6$x1;o'3<fz`"q85II_a~rVlQKt3gvlUx|z)$S;.~pr\p?6K2U7`mr4(tyBJl}Npmo\2Sc2NuoiQ]J,x%qMdj*BsWnLQA*Dn$=o>SWfP.`(-x>o:NdRS@s(BKG6Q":VaSE21|n[xUvDIx'ds4s"<`Zk+ga}A4Y21PHwNBJ>c"OjNxu`u51?Kv/]@KOCAC-4l11|n{V}Jw'$S}JVc(Yg+(`B3;oN]:9A9Cnk=`u#I_N,/}veEo:}vZx}$DA_I9d21\<^PCA{mXchy8?JV,2wO6$tkF3<KN[SLdG_T!w|fh9t2w-V;yNz*m?6K2U7`mr4(tyBJl}.`qVTgo|D{uoiQ]Jx>$I$qds*s(b?FAS%Q":2ApLO)o:`=6s4svYrffuS1l_ad(Y;Ap^_T}GmLUvDIx'.Hfu(Zo=T}21v>-t6$gGday?HT.6da%5]px'.H(6j*)d&(p4pmX7(XXi-(faUi9n11&o
04-14 23:59:14.232 16090 16090 F crashpad: ~<#KBK:Q{hJm~gq-t0cC'd11hRTKBKlR|/aqW[Jf1F[Go::iNX_TYu!shblPxuL.8o*gXt,+55vleujFoa^4Kw:u|K-|YdP-ae8^c^Lu52@HNmH/M$ds=,OYMP1+w-/6ZJch`+n8)n"Lk9;oV@mU9s"/w/pg*Tx]%M?1cCNI<5w-A+i^21d^@E2srW;0Qi1Zl(fac\2'DA7k@)ds'H%Q6$gGda1cku`uSag9#sxJTA8EEfDvHh5-zK)6^aMs11(tWr^mQ*2v(<XyLm;KF/NhB_GnX77-6Oe0xH21f>Uui,fg^dP-<bogqbSAC70K-KBsGvx'L'Tr1KZ?{|vDbT#kF41m']RKx5D-AKrerj_BoX216G)<S+>EhrJC_ombp=WFCmnRVr<BQn$mjEko>",+Rfhulm%?`eu-|`Jf&4oando\`-XT%s>sV=`\v<aFAKX0NoDA{7`9DAAX:2i5AKHXOv`um~)4T+a5EEDA;E`i5nX7V?sZ^ACRW};rfRBA2Q8]
04-14 23:59:14.232 16090 16090 F crashpad: ,ld7f0*zVvpPl9CAE4duSc$w/c69,PNp!EeHRujOd<Gfvr+Ha=q:"YF*w-aw!_!o(Y;A!sXZM9UF0Q,/yt>;21"<UuM~H}JN":ILRWVM21HGs5}a6J;w$PD{iI!b<]qB:1,_L@'m.?tk|^<uZObrcoF5ylrj!G":DAKm%1MAq?6K2U7`mr4(R8If6NSAWo~s#l'bic89h=;qNTH*xwYT%VLwXTe]9s"/w/pgZlhuUvBvR^zGj`DA?o\>duk=P[e(L',D4Za6J_wr,d1LH1hvQD6N6SgaQK;sxNV44c69lP.`70J'^0P00VIss3-MYThvwEYG:1$75oJ*w-E+P0*.?@IH_TYs0ser~;;sT8E62/cC\PBA%n`c<cP-<bogqbp+Py/)haC8>1?KFO(}":;+Qm!_;d>Klr,+;H_T4epI~N.`3rr+WA:Hv_N8+V5]";"\aa);[@Nu1P4Fgamu`VMum/"Tz_ps]IW/\RvF/[*a(C.Y*[,rboY6qq\RV*,`LTVt
04-14 23:59:14.232 16090 16090 F crashpad: VmXePv7^y69r@Rx-P1bK.odgNsuVcI:Ly^>dBa-ztS\U+lp>~^bRkr*ep1xZ$f|cWmlKEb^o)J6aNwC/H]HQ*(>5PKEHGa>JP9"LobegngjdxKoE[_vm%(+`hpL2@v_[h&^_2\|?!]mh(cL1#"PC@RMTy_t%M6hs_gl5!HpkZcwNf"[AS^|>&qPb}@Y#E<-;/gPQCCX;WTCnSGy17L!JGmW!=$lg;GXc.|~wjgxlVs*r$UF$"mfH54.-pR|uYl!b]Ec^L-Tr_~fZwlj16QiI+4%^Nwwc"V4I]Qga&fep%k?L3(t>iI860-"[rc|s8bpw`M6D4aLjv\ylb9{?EJ%r(9ER0izGIgto(|)s4,rK;KTWzjiINbga"%9\B~!wd!f8TrYmau-`HTgahc0mSr'tTcSr'47XiIVf1V!1XdzG_;Nuin[\$qW!]4E5ekru.9SuvmUsL3nX?YTr5Gu74}g/Src^&(E5Bo},iV7fBjSq-+BK@]3KNPj>NW8].h_Eh^Ga
04-14 23:59:14.232 16090 16090 F crashpad: Iz"Z*)h^E>Nug]jF(lSrw?[oxwhQBjgqmikGxNBj;c*1du1RI6dapg|EE5*k}3J0oJGRILKbd<E5/48K,[F4PhiIYuQ*3+]w>)3+Sz#PBjjE?$lOQFws.Yaa"`()ti0";HiI=_VrXY8Nb6terjKhuH&rJT(E+h65%vp\PbfX;Amr,(|UDvDSea6.Qnq2}@^3\6;?8n&vSudagaj\gwLW"w-@oFet&tiIX/iGujiIf<Wp8**&LrlmjxCCzlv-;s$L.cF9}.<Ouk)dpMsBE5D9{)*&Trpmjx+G{rLx<-?Kr>tNLm4hM;IGObr*3+CFSj!s`b&}L_xvFLWuSS4klV)R#w_yj4/w]\'y@9VaMm8/Swea:X~Plo!vtMYQ|5FDud=J_w%TF,>_43Nfh5B'Ol>9wI~*HYZ-|;)qZk"T+vI8gfokEp)fmlvy!eFO(J6|)lxa]lF)_QCTp)v(/k~%vlHgztUpUYlwb/poEj(WvN,+t[ckDBbg[q?GXnf^">UbrlQ~
04-14 23:59:14.232 16090 16090 F crashpad: us8exN<&xschV9}uT6*"GSB6*RguoZu.}RxFwk{j1m+v)d<+S3Yo^o0At*E\1zJX!e=GAKM9q7^PYuQ*!2qawr:5QhB^Gqpi0GS8rQPU44Xl%Qde.APuXc:z@#UoqQLFWuQ-dD!CWw}C4HmY(9wu2p|RDQ*Nh^Kuq=n:,6YBQ2W+B|DS))YQDYjE?_bS<O):WK?wlw\sV-%vkU5_H)!CvNN]pQ8%ADqQz_t7M2Wn\C\DI(R2PK=1rMNm`/!e'%hu*ckz,6%TVsgu;RO)|_"@Du!e+vIT(Uj_:1rQ.8|kru4B?Q%olCDQ$x4.&-Hs|]TrheZf_w8V%eqsp_%eQclrmDq;$o?N6OwnlCb3iE$olCNI!LYws<$oV(%w+i41:wK&yv7+HV3}%eY_&(!CBo+SA"\__;n`xE?_hsm+@u{sQabK-^5mNcjlUZs\d_:T#C)@(Y4lzQZmE&+;2[eD&N[g~deIex\=Fvo2W8=GBD&U-jHEGTU|3[+sEH69jYF;jRmH
04-14 23:59:14.232 16090 16090 F crashpad: `2VEGEV>$tuWaxyN}pTZDl=$hl0S6UT3[/&sZFmQh@4`#%96iEaeqkG!,hto>;Fofl*HasD(EwCbg]}dL\IP1~Gaa,JAa.^\SsFFVEToBHD;>}K\KaIR?JnsZ9\>mn<gEsBptgP!)6JfTZf^um]h(~t4.o8=o4%JI3VwAcPTn$cTn8)uva#8)@|GE4X}{oz<FvcPelj8)abvOQn-HKw[SCJ`/mwR\JgvDc]lEWP,J[]2}x^v{62<.u\6}v-MegP9vX]ty)]cN;yIojcr`M`maUwo1LAutr.<<fFWGdPb{sQ;%Gn4fl9K$CVrC[=u@;OPom.f;ad1s|Uor*5O/b^n@aR5b6nbR<WF?mf=-qUn@Seqk]^>c[Gv}?hBtk[_t&uVg;%w[>bC*`K=)owtj]h\P\^cXT5GL#):+)AcmzTt+uTQ7AN:9n!t{wWM3h%L%t9b-_l8W8}G3l;gFr_Q@\{0`3;LdxH`=(H`AxeTfef'kw*>%cVD0kk>wkeq\FRd@as5
04-14 23:59:14.232 16090 16090 F crashpad: Ya(D/1fv-%4omlwnsXK}pwqgpsH=Lh>ly.uXx]:fil!6wiNy/ib`|DkIX:"Jy^[P`?Q{-?2G/ApsauxFSI\b#/LW0eZ0[s!h$kNv9AbQ09jwPGXrtYKAC*`&t;)u)=l\]QZ&Fe:wS8zfpcil0;so%xf=^rKZ{Q/bQn|n!/,OyXPYK&v0@cxQfNWK9WOgS`5b[AZg56:m,?bm?S\5(xB>m84T4Qh1J9,TLOmU"?gmU=H(%rXinvt1Z0NulXJS2zTqT*'EOI*F7=eLr@AJH&ZvbcaK,qD)pX2iPe`3Wq-xUXsI6]%S`6X-#Li1@q}`f5c>almKI>!x4<o+ae:0>GZv.2e;t^t{N\SZHQFmdZd|X>UqH="aGmV=(u%HzwU&%&hEs\AT|?=nQFkIc|PrIcNL7Il[,\#g_v[2OVP2#;2[JU1b`V#Pl_yV269_H%5abc?6ID>(`pTM6tViml-X3vXBtlt\{i-j~F^=/I1`/1~WQF?ufr~F<,bRMmqVgM]r77-b
04-14 23:59:14.232 16090 16090 F crashpad: ]+P`Ockm5523W\tS1qrd3]?1{M`q_sZ\a=(xpe+jH7:vEii^*3L/qgKgOTZ<Pk0^:kF\/3l;NVQB"btxjvetXMHAag*4rVM9KtDi%EZinHo+3(UL&v0w8g4[%3l/ToJL|qfS}m<Y%b#TALz64`x=SIEjtq<;$mx>Pkdq#@/AEJyH_~>Z"Zf\,>irLqDtB3mHKwu'"3[f@&s8Qs0O78MHKD"B2m@=B.`aMsT4QwQd2b5>F4ox0mR3K8U<ZeB/8Jz9%'Or#lS[v5s`s2Tm&wF-9?;o7@gr{_"2pu<Fxhn/8]%eZF}@S+T?tk|^Vr\vx{P6#oxE9fUemK;t]vDXO6s3|?YnVu7P%eUftT%eLprhj@Ev5KhzJN@4vNCI]ZJ_44:JznWAnldC$V4\Q{-jlo?SR5UF>!za*bM+'v0N>`N.Z6!VoVUT\5h7"m[A(%NJ0<KH9nPsLh+v@M9o]ac;X.9o&"mYHAB\o)9<0g\a.3DkCk:,Sq2bxpeL|cL=y'*di1iP
04-14 23:59:14.232 16090 16090 F crashpad: QXs.%PTBE)t80`"E3fDm9J@vLH$otp?sen@vp=ul1S,[SCMLYAm>.9HuD[ZnZz`n2,pt&xTom,tSQXs.%PTBE)t8h<y'*di1,GVO*Aa1XnVf(eqLHufr&cKj22bKvRc:>Apq:oBg&LX&(Y[O,A7>aXLK!H{q7M{b\wxLezFL26[v@b^Zcpr4:.VNs[Hi^@h8uQi?fd]mAu&C7rB/qX6H,7[i)nB&WkbBZ\e}DK,7/[b}=`-4/Q~I@\m^.u7M}g<"/ssH,7MMO.6u/7beG6i=rC<GQ2B&7[c38q4U=JJqUv7MEs~.\7IN~UnK9]in3`J6MOqw_7wOI63R!i!8?1IfDCQ54IRZ5>xnOJGR'ZLPH69%qJUn71oVVzzEPE).)|lot`f^o<7(}e~mgaV,~ETI6M>Z\0_vd!Ihym$qv`6=;\Do:({_X!'e)xS[VP~J$q4KZzNi&41m']Xpjvsuj+4wH='e%@q<=vPI3+@('b9`V,W9];d\$xjOUL0vZ>AKH@BA
04-14 23:59:14.232 16090 16090 F crashpad: ~V]0.RTK.{RrvS&h,~_:CW2pzhW>{hV)-q1I|LKg6MeZzHc@DT'5IpaOX!k'BQm"5W$v9?*L.R5\X`6b\Ag@VAz*<<!o#O2xiIUq>ZpS@0XI76+))@xw%H2Oya.T-gXqepDU]5oI~@UKWJU^~?OIKw>=vpRgD*GE};7]Q\5m8rMhS_V5v@odNd60q%"m%h"bH92_=`7Itu?856In>-FuPZ5>$GUCh5\1OY}@nu4<9uy",ZI<*nzdd;}"f\}EM{x]88%&pm}7s^.q/J%>dCC~B:i?xX=1pgda>HZhcR&186f\21jup`>Hy(uObZ<*Rn*Pqw_7wOCAi@-7o:>icTn8e3gaasHgtKr`3@IYtW$/Gfu6?BCdj1Cm,h#7#syLq2Yu+JN_OeZlF[mo:*MwAuD\]`\E"2WP+ktgHrHT8b~A&v+G",-aO<`P*b=C6WPmhJ`t9whvA.^w}yJZIiAnD`vw=*RdvwKQ^RR8z>fTal&F=bs5V4&<^w*[VXuw_{8=h<y'
04-14 23:59:14.232 16090 16090 F crashpad: *di1iPQXs.%PTB{T0)TD"%1<i?!6EL^&"^T;nJ}02m\o=]PT%]FyP:i5QvV^oI0mb6PZysev^"Xn*Gi:8-x~Clcv(w'6FaT;=KQvV^cK.HQ24m]i}Q_>@i[q>H-NLw=q/)*F*V^f7acvR|H]\_,gptMIt*hu{/"^QRW=-whf%4znuJLwpR-mfX)@$SDuT?_e%r^d4m[`HTLwZ7qZqgZl&D4.pKZNLB$AyD7FPa,gVGW5tp<1wf:bVW\[>`+WXeYTO\?uL{%eDLL=X`:u^4?Q~aT;ln8=o44r>Hsu*G'ffZcTn8e3@wj?H-lv*GETGH~;};]v6N{B9b*qo%oK*V+ET{9bVWL%/Wfw;[cA\u]p;;Ew=#m+`+Q2azVv"q&rF)4l:.1m']zq>Hcu>9YvFV}Lno}%iawmW1N?D(&<F~EDPvt=AKjaNA~VMHYQt9X*$1=(GKCd^Cr0zAP#"TSJ+Jh<Pn/aE/>a'AqgNdLq0"tF$q_M^DTT[S'AicNd@KWJYFaK
04-14 23:59:14.232 16090 16090 F crashpad: +z*okQ-*CdH(Gu"\&Ae53oLd^*@hs+u,Y+AHk_#e$;.q@*hQWPcw$X3v6OoIwIxdqpBss9]27Obl3`$1yV[vv19n{n46u,1Wyx_19nZ&Jwn]<.cT1*\G}@qVqJ_E/aUWfPjjqKA?mh#t1*z&fgBul{'%$aQmv'cv:([w@No~LwZs~|oa:>Ifv,C*`+gMcO0aYq34")&saO,{]c7O6ft&Iw\$1L7KT[Gn:y!eWPrrAJA51(Y6W!'e7OlAc_k+'Aq{m0FLj["rUkBu"f85%vy>F1n0R/*qX;a_%xul4[0ud/WP}:P2MXBtHTvm&fH6]V%_WKEwH/tSL99J@A`A>6iwFXL_p[&biPQXs.%PTBE)t8h<y'*di1*ky`Is]nm=,;Dk&DH,k84[WN5tL).\H)tqQc,bP3pbhE1ISb7e`CVExmN<dU@#re(7SQmKu=[?),.K8eq`i62S,e<O{I1E\ILTt5i@R=5:Wj8hTZ:w1`%upY|c@3%t:A|H(jhZCfnpBcr`
04-14 23:59:14.232 16090 16090 F crashpad: :>~b7aXY6LJ[3?:W@\K_>qdn$4@gJB.<8VD5%GR:JwuhRJFuR|9ONLhIUbZ+Ra*f!8Wn0m=1|mKwzq5*#SxnLIF6683<Z*jEEu<acOy)IpE_\9=s1Z3U2uh6&cXt<tq^'f<KP)U%9`Z.3b~Ahk0iSstKyq(Ej"D912KsZr8Sb3xGYr`?ifq9_*<qh68XR[yw(P216O<mrh6b_;:QrF*xfuuv&KdKn8bC0<lQNF!CUs!qt-^):s.)PRJpnQ>vZ.cT^MKnp+GWFV*`XtlhbR%|Lq]P9f,^l>FODKn8\}@50i$^<.~F.u]PurF~gEWtv*p;!=XAcHaTjeFo]P#58l8`Tr0iX1b]#T/W!Y}@iu"iBf"]Q2kIZiylSI|`A-fTQhb=~0]m?f`'Ifv,C*V61|DQ3G:gohPXVTkqO="r+tWZ~(Q5aKHiN1{%E9s$2LQh~$99@OnPTGtBnU*VO6Fb<?~0HWd0$C|`WvjGmFkv`z&}dG}v/-(aje~Pp@\1*qVNGTFE
04-14 23:59:14.232 16090 16090 F crashpad: Xg#\'LYC+ukbR<5Evr(4W]NBHQ3(c[>pNhEsj+h6jY.2+jBqyx#s4|]T8r{QkS/AV6'7(U^0QX7t']In&Z4mB0:wu7!CN9VlGmcd{QkoqnkQ-*N96<8L*vGw/6*L51R0H]mXZ:xwT6=RZ&O2{Q_i(+=h{d|;">9RUL,vDuQZ5>V\"a.L':]2|;xatq;wIACGD3'AmQ]T<wu7qZqgti^HF#1GVltNvr^J:wuwbo=SZCr^9jr2E+'A{@(.^sOo<u-J4RF4Cd.BddWP>A~xL9hm]A[9,sL9\wO,\sq{ds|#qBN9.tcW8f}y$A%I]rHT9NW-")&s5sylJ.WBi5!@qqjb<1T3#3YuAu,tqn]c0:4W!:a2kv6sWkI/$w6s#q,_.r`5BL~b{sIf,m]H5Lx`zV@w8tx2u,$rVD4iGm8:_6nbd=5E:s!@/MBnR7=sdT$c+s+uvVL`]M"+O\qgJdtEzD__ds/Z<uXAg%)n<\`DYKp3k~JZm<)rLK*4")jj/gBK0)k1
04-14 23:59:14.232 16090 16090 F crashpad: \@t<JH<oTmu(aB~2k~`uU`{QXA-h]xlP`uHk3-MX~5Ix!G@#,sCA%Xw_dsPb"1up)lZ6BfkY08")8F/,\G<o<nt6,?Ed4U'MNjS37Nnh4mBJndh[4\=&XAg%)n:+dR?Jns.K.a1e<g<1D#,s}NU8)u,A#v&(g;EulazM")Ro$wtx8?Ed`VPS00PmJ3.1,s9,/Y2bO*UcF^Ihw.&7tcwA2<9uvVV5$,W][PJ^V5)WysPTO6FbP)\G}-<fP)p1u[,H<oDv&&Hg<1D#<n`NoKIV6m}U#lBJ#r<WvVn?"aeOEDvI0P4F'Am=WPxB4g7pPe3/bpeH$:3*s3X.lv<#oM1I[Jl^8pZZ-b7Q[tXSMw#v&(.6rpWYP:?+c(l)+qEg1@p\6i(M,`"XhJdm9fTGPnZoJ"uf,xSc:L.X*[k0wG*^0&V6$^$u^`CSwjQYodBj<'E6+JQUO4jVhR:f&s:hYr6F"SvG^lT6omovLBU=-nv,29_`TnXA.q-IOhC:l3i'W*,m
04-14 23:59:14.232 16090 16090 F crashpad: Lgtm;w17y1*v1mD\acyoD\6Sr*)GZjeu,:h8@WXsL3RL,Yfg6GjY0ZO>rvY/hU^@cqFN^@0`Be\wD[[`dF9WUwu-SITb5$]I^RXlqdV>xG9NC'N[qUyxC384ZtCw//_lUFGs>r~\d4CWH`wh(JejWn4uHe&58=dC[@/DlunoLAnYH)lgwSHHv/<Ld^jnG5s>bg[q?GXnf^">[mB.JFhOus8eWbI9qt$hTbOPNr?Hq6Srm5*RgEsaJN?id[Yk$u6BvlYp:bG]q/ogxq>_Y/8lnRY;8*ssi{HLc9d6=mK_gEdbQ["NxA%#!f'GX9?wJ4Yu"ULK=pBi"H4+T(>(+vrTW!xEV8UbRj=wjJAQsT.cfgJ-9a&Eqk1b`Uyu'l.)&qW!O]iv@t^LHg"4Wws<JrNZ=oxay%Dn(S.-{s70`TzuDBcIxT)X(bXiqR/6Wi7=qQ|T0;!ewUFtajF[3%;S4g<S)`kc&nki1o:bqlQdPE<;I-iV=R76^TtQJ-o`sv"0urKS
04-14 23:59:14.232 16090 16090 F crashpad: }K4Z\g(bxq&0,/TKuc(fW"K(P)<K%P=p9DL_j|dk6mq*=E3L">t_yaIvxG^6JG=vzhOr697tWVeQ)IOndH&vPr?Mw>drPej>Z,)wod,s&tpR)A&'Jaz/+\&\}[Zi@-.Y;A9q>K8.UwCuc^$Ww`7f>hP.oMj_B5%G.h^oo;=_;jjLS2"<Q/B"3Ap!Tr.\H!aTmJ-6|a5xZ0at5Ih|Lm$iWpyVx/-m:5`AaFFbC_a"MIg5yut\yVH1lwmKZY4->sZF*W3r4`YBzO,(+wPCR{1H&:OI`e6YsV;W#+%2rZC0Fg^BoFxqfQYrpFtg~,n`B0I[tnNAN<bY>rfuL4m8<O5JJ(nk|7pF.@auYMzv\X]a}q7t]swQ)_0185qa-sbiQcH>tQ.82V`KLF,np7Q]}q6aTh!eYuQ*!2]w>)!219w'|_Vj]'9.$lzYy.DvnZ(=aFFb#O8%bV;1tX$Q$;n+jH$FwRVuGH?^_AN3Yt$O&bSrq=$M$;VaMm`/k3vr,>Xca*(0
04-14 23:59:14.232 16090 16090 F crashpad: oJ/4QJ)3p4Q@,8c5"Fs-lE`bg-E+QJ_^G`Wl()^pIwDuqX6Ho9Lai9B*p3QJYK/,,J@AGnZ4~XUVxFYF#tNrlN{pFk<uv-_rHADWiI(mtEDfe5g[hDU6sKBJm`kr_R+C#R%t.whfDu3EbG?qCpDVVhLfSbDu?GD3)vLL@U9n2KHdjL#s2-8bIu,)j|vr^JHu:o7s;Dlm$a01=t)mJj.oc]MYvo`^'M4m()Btoa01aFEu.IZmsI@A/gPY_H9L@AEu^4"b`u<LTbBK?q&j6e;`yV~<@6b*>t+t1w_a_dvJ?q$Qw#3-)zX6ba01;s-M!e*bUl`taI1df@}v;xX]eT@&=fhu{/m<"`qKH][_lE~l()"reoDuUb}s3fcvu,s^4]6/D(hQaOEDvI0P&g3J?[2LvFbge3]pPnb*^f4+IIZ~|;wzO\h;G.|mJ"s/)jpoFSymZsAF9.|a*13s%DrF9.F`=AB.uM`B=K._p=ejts5^`\|q<a&_|TZF-(l`<A&vR_.#
04-14 23:59:14.232 16090 16090 F crashpad: ,?XW~TSF9.vx|Rwv)S+xn34S07S3z^#lXu]`t%ec.XF)3\wEZ1]U7g`&+L`_A9nl<F"9B?#czpLrx:`OTnysX!rQ2Wq}<uNR!V_V>s~LLI{f\6>ybrNQ(EF"pz`58Zsh5<5Ni3{9/?NHi):`+9.8}PT@{KT=}vb=v>8LUBQ2\6(P~XIYsd|rDf1zn;kH)a#F:*7uxo"jhE1ISb7e`CHnZT<P,T\vigF4f@IvCu<bLLRjauO^zobBJ^diLt/Hw]hJLyY6L?5w]grtgvZ00YN\"V6,0mNB,<cIO0rrDfgue/(1H_xo,_vM8A6\yV<7?8yYu}:~@uk78FL|'tLc1V[6No"H!<)c1ZDQgt%2Z6_`97Q<fo]tJ,/JLhBV!MxoT3%U@aXr_>wmz3FJz@agtiPIqqaw[WKXfgruFr6qD9\JR;wk;S64jilJT!rJR;D^>(MHLdrnJFW6>Wbn%kL.&}n+n,aePsx?X\^TvzLIY[LX\m2\E588D#SvW"O]oI]p3vIv
04-14 23:59:14.232 16090 16090 F crashpad: \!"C`r=qq\@tFHO=bO0)Y+tY9h`Q/wfu@vb4?)p9za7k]psJ<w*7}B`r_R[sdt:"+)bwc;g|PK'cc6xXq+/Gd=H5=G9wm\!K*qT#TrVpT#51to8*)*%x5&m9pplo7B'uNsl`jV4x"R0KtAb3iE9vjxHgb6,6pYVr\7kv[tkij_X@1ZXQ=c<:!\]wAZ]T7K3d#D3LY7QCrVcx<8~wi1+gr>Fo;FbBWn-gZrrQ(t6s(<D=|m<}(_kX`A.67e/+lJ.*Hq(5W]pi-x^(2JABuM,6GU5tgu;RO)P):SpQ8%+)06!"HG$)qQ.82V`KLF,np7y1Csm|y)P)ylTc,#6mOp,+)-$P0a#F?$4S)rM=V4aa^;2:Cl]L&}8%bVu>/W2j^K*s~QbT?APe-K<!yvk-l?p"(U}JlbB>WF_mJT,/hG=]YEz.HG9w71j.s%7.=$^01WSWcfS.F+M}eLt`}Av$G.RhX@c3"j5p'H)GQL!L-)Bq}6Y_/iJ`RQtOC:DA2Q/Y\+!H
04-14 23:59:14.232 16090 16090 F crashpad: B)GKZan<9avc#1.9rlz.ssS&{hn>a3}0?G\81Lq6!C2K#;<GuQ&xkkErQKmr,+;H^6vPJvyU>`{xL_^28ZqW4_UM-ZN#BLssY_Z1^i.KAT'wr-x_G*$T'Ec^lSFWUf^YFWP.>GNAub$vJl#Q5"tO`JY.Ci3<o4ksz*v)PF{?mc=L{m<U(E@[UT+wFO>hFWCJtIED0mXF%$jE!t!l]l2'~XUo\7!CGf_H39husKZBIV^6NwoMXF{og)M5DS]6SwmQ(T+w.cTGa1,=l1X=con/^6|TadFWkq*5G-CGT,/JEDx^|vj\%e{hV)-q1I|L#st>Ar}H*v#=fobgD'uQT+&rHF3vbC$DoaM>BD4vy/&s*mpkf*.gBK%TdkA\w}^5Ig\spS&h:5-bwi.8z+VLDo*g0r--SIT6-))@r\|_ezu_HU9pKZ31dv'xM(`w7Y'bEiA3CI";NVGk:tvZFSPu^aVqgulo|9llp.Q,J[_q8~o5)v3E97QL!p6Dul(W4\kwy/Xh
04-14 23:59:14.232 16090 16090 F crashpad: Z4R:"lrw~jge/bSORI%TEK1$_cHAp\Mixm&NGHKHomov3ATKP6<f)iv3ZD+iHA*)|<eT~o$bT_`&=+yZ#T/Wrnt>GsTI%Thg;QpaWc@czo(/}v`{o~SK.u,mfd^5hgxuN"<st>UhBu$Qpa_'$n}V{VQgD'.OvlN:iwkwWjk'RK|Lq2Yu[rx-/+EQJH%c&e]L"29nK39jccvF&t+4")NwoM&}*Jkv/-(a;"|s|jL-,uhUo(^@;.R>QKJC?_U`WP`sDN~@MmL/WP&4jQ2L>g'+,C%Gf^}W)w*mDwN?En&eEG#wvsJw.c,uSaRBi5DF&hkXckXm|G6w23pK7]Aopg~3P\y3];e%$v}'&c.tC}K\okCGj3sK?)l}@cP~+LCwQ3)f%s6s7Il(|s|wK3AC5\7r4y)v[&g%nF}]T84AHR51GSn>pu:_]tMs7`TrXcjpIeYT3WCjK*{v3vN75|H*nF;42rK*KePY_H)ddupvq:A`"w&w+mKOZbXJ~p/3(-xtv&`R
04-14 23:59:14.232 16090 16090 F crashpad: K91sCnJ-I$Mn!b^(R"mMB9iZ<Y<WGNql'c>,Z+/6QJ@C3O#v[8[r<x"2gen:6jed9D\Bp~p!tkF3<KAHY_b4AS`'wV[2Fr{k9\kXT2NZ/Sg/'<3hv\u;i1"gS.eu-q'+^hs0ZnMBH}oS_n-v4[8l+/]Kwq,j6^d49bL\a-|d;Q"GW0Pr<qf&uQ6LlHl0\roQ!4GJW-@g:rR>C+peTno\!4y7auOXTcglEr"GY9~8zNU0!-@AzN+vSi:B%kyU"0wvB8WwPxJX!4}Mzl>l`pQe!R)7gv8vI"6mOpf&[RSi:B,]<.#VGcV-{o-OLFFbwY|7yU.6w9x)(U]65`:.4f@9u0Qd"Vu?VKz<.1Nu7P&g=KE]!)(QD4dab2"6,rNLEpQcNIFDMw."H7)5G2NkAutCP'sab2fo:V`wt>:bSo>JmqaK!+cJmvJ8eq{<w=RnIW`0}e+_Q,,\JfIeUAPof|<L\VW6)h?qJtv>$5Iliw&UR3AC#C9Dl^Trjf&I-m|wI/|n
04-14 23:59:14.232 16090 16090 F crashpad: *TlG>DKeJwmm;8{w%]!cj.taLw,MA&la+zMHHKvc!YV4yK:ksK,\RUYIW=kqXU.PzlcN0u0S)-GlAsr\'IiBs2chDF^P=G?J5_Y>Bf.zsB?q?^_>ABx`7oE42mNwoMNQh5nvULyvaS"2om|9z2f4$rq]@Vop_l"7|?}0D^>(MHVY?U@aW:ZQ`O1bnQi|BhFT"+;;9s[y7@fOULT,7]_AJFHO;+NK)Hsvoj^p@GigV[Dj.uwq;Ppeh5B0clT^nu+<y1|BH6@ayEaeW.|fj,Y.^6f52"BL'vcg%X8gnL8b~ANJ##AbJVHAwLBj0*ApNj.cB^`:]l&h.0|hMjfFAr%%Y_dSp\UfJo\TE>S.NfdaWPsd@4`S/Jx6F+.K^lYT_d<#tY^[x7'\5,t+lK)=6Oo5/qYayK!#[,xaHG;AnU3Cqzg5!`YTyT#Y*\|c5L:d?W[iS@ZBX6}vZxi:2(9^i4i?m%;JZWAlw)#v5on=^AzuEu*40AkEw~!CCp6syBTqwssA
04-14 23:59:14.232 16090 16090 F crashpad: *GZjyVhybrcol:SrxEW=jX=V]YBMozxCjgrQ(NTnG&$c$&#LQaYl+;w-pv}ON;~Ko`ZQ`G3og+34du]bkZqs:<6Oo5yvEczQzjozvCTQYwi5~X7oNDa1OyMsj\D&mux!|(qv{^a26V,7Itr.`!/WN6]_Xt,F*k~Kcr,+;HozJm~`LnTW}Q<L0`$YD&9Kjo%2q^mv#2`Twr^.a^|v_`TM|`{WVAe1.nFKwbmlKDxubt32C[-{+P]0laEy"md7V>6Nk!VP'mM(S]3+RqX4C>T#1Q3+~rMUm\QQzF_owiRfCu;k,!}/aGt{aVt?{uX)G+lw^i^@#@B6zk&LB,]QfdY*>5xwy_)bjU{KivW2QQNqUnmkv&s:H@jl%5[JgK"26WT`asH_y5hbN_EKVTcI~mze>kX+OA,FH1T9${LKmt$hw1`rO5@\U,=lfgVH+i@_\lQ=6ejla[{hPmDWw7$-2pcIEv'J+zmv'TMP(tB+|u8\/+YX+6,T=p/Oc@x7H7.n^F=[
04-14 23:59:14.232 16090 16090 F crashpad: laX9w-@A}UH7_H4x,@%W),gUbVZF2JNg"09e^TQo|^3w<@ZvQDRl)X=TLJhHhX';K7_rrLvo1Ll0_w;'nDj~|R2f}`,NRNmYNt*7cQE5S`;@ag.U2LWHOwe$TLis@[$u@T`ojvGKNh"b{l$YLgKG9r{vQ3gU0C}P]Q|Ss;qu%oHA^Sje~3Hs^{AFj77RbXQ6MfFNCfhgs\\-2wPI)8T=Jt^:t@m-pFJL_7,9jF,Vr~44Dv6t3MyVvz8b0bg+W%SL}HN`ry;1){;o;wynP(e@oq%?L?Kp0s^j9O$Wlo+Px5lO=b'8QZCj0Ouo#Wd_Dj"xx4BVj&_T{^polcFLws9Oqg@I'SEag5P@Wkkgqu,uhdb\(1"H`.Xgl1Ed3mht0oLY$A[0sd2]7-TWUlj+0\QcnYp9}wqL4,%+#)NkCvFK).*qtGFN4grmyuKr41_,]A[t:9?+Ao<`0r]9+wecoa]u-INh_:@a%O/b-jWUh=1qK[5^:`.K/dSKAjeu,A5*<?bR
04-14 23:59:14.232 16090 16090 F crashpad: P*wwV6ur\Pj+ZansTt@?P,_a7-bqnv)vi._9Ip$}YAx8>P8Eg"4m8*SsL8*<8`<7Lv,}zLhVfk~H~E&NWRwl8{zl,StD%MPji|zl|g,Qa>AB%tBg@fgEDv&&HgPjkeB_PjUrnPD@vhC:O=,;$b,'BLA4WlU6Il=]yV*j~X'ne.yo}:\X#tVL9AK)X$
04-14 23:59:14.232 16090 16090 F crashpad: -----END CRASHPAD MINIDUMP-----
04-14 23:59:14.242 15817 15861 F libc    : Fatal signal 6 (SIGABRT), code -1 (SI_QUEUE) in tid 15861 (ThreadPoolForeg), pid 15817 (e.supply.OreApp)
04-14 23:59:14.292 16093 16093 I crash_dump64: obtaining output fd from tombstoned, type: kDebuggerdTombstoneProto
04-14 23:59:14.293  1110  1110 I tombstoned: received crash request for pid 15861
04-14 23:59:14.293 16093 16093 I crash_dump64: performing dump of process 15817 (target tid = 15861)
04-14 23:59:14.392 16093 16093 F DEBUG   : *** *** *** *** *** *** *** *** *** *** *** *** *** *** *** ***
04-14 23:59:14.392 16093 16093 F DEBUG   : Build fingerprint: 'OSOM/ingot/ingot:14/UKQ1.240227.165/165:user/release-keys'
04-14 23:59:14.392 16093 16093 F DEBUG   : Revision: 'MP'
04-14 23:59:14.392 16093 16093 F DEBUG   : ABI: 'arm64'
04-14 23:59:14.392 16093 16093 F DEBUG   : Timestamp: 2025-04-14 23:59:14.298789916+0200
04-14 23:59:14.392 16093 16093 F DEBUG   : Process uptime: 12s
04-14 23:59:14.392 16093 16093 F DEBUG   : Cmdline: ore.supply.OreApp
04-14 23:59:14.392 16093 16093 F DEBUG   : pid: 15817, tid: 15861, name: ThreadPoolForeg  >>> ore.supply.OreApp <<<
04-14 23:59:14.392 16093 16093 F DEBUG   : uid: 10250
04-14 23:59:14.392 16093 16093 F DEBUG   : tagged_addr_ctrl: 0000000000000001 (PR_TAGGED_ADDR_ENABLE)
04-14 23:59:14.392 16093 16093 F DEBUG   : pac_enabled_keys: 000000000000000f (PR_PAC_APIAKEY, PR_PAC_APIBKEY, PR_PAC_APDAKEY, PR_PAC_APDBKEY)
04-14 23:59:14.392 16093 16093 F DEBUG   : signal 6 (SIGABRT), code -1 (SI_QUEUE), fault addr --------
04-14 23:59:14.392 16093 16093 F DEBUG   :     x0  0000000000000000  x1  0000000000003df5  x2  0000000000000006  x3  0000007476c789e0
04-14 23:59:14.392 16093 16093 F DEBUG   :     x4  0000000000000000  x5  0000000000000000  x6  0000000000000000  x7  7f7f7f7f7f7f7f7f
04-14 23:59:14.392 16093 16093 F DEBUG   :     x8  00000000000000f0  x9  000000788fc6d1b8  x10 0000000000000001  x11 000000788fcb5924
04-14 23:59:14.392 16093 16093 F DEBUG   :     x12 0000000000002792  x13 000000007160f938  x14 0000000000000000  x15 0000007476c77c38
04-14 23:59:14.392 16093 16093 F DEBUG   :     x16 000000788fd1dd18  x17 000000788fcf93b0  x18 0000007470f3a000  x19 0000000000003dc9
04-14 23:59:14.392 16093 16093 F DEBUG   :     x20 0000000000003df5  x21 00000000ffffffff  x22 0000007476c78b70  x23 000000750b9bf188
04-14 23:59:14.392 16093 16093 F DEBUG   :     x24 0000000000000007  x25 00000074c00766c0  x26 00000000145612a0  x27 0000007476c78d98
04-14 23:59:14.392 16093 16093 F DEBUG   :     x28 0000007476c78dc0  x29 0000007476c78a60
04-14 23:59:14.392 16093 16093 F DEBUG   :     lr  000000788fca6624  sp  0000007476c789c0  pc  000000788fca6650  pst 0000000000001000
04-14 23:59:14.392 16093 16093 F DEBUG   : 31 total frames
04-14 23:59:14.392 16093 16093 F DEBUG   : backtrace:
04-14 23:59:14.392 16093 16093 F DEBUG   :       #00 pc 000000000005b650  /apex/com.android.runtime/lib64/bionic/libc.so (abort+168) (BuildId: 780e274efd7bc970b38b13ac5a954d42)
04-14 23:59:14.392 16093 16093 F DEBUG   :       #01 pc 000000000259f5b4  /data/app/~~3jB52G9NeVwxqUTX6hGYYg==/ore.supply.OreApp-Z1eGTv7BU-H57XDoRkh2eQ==/base.apk (offset 0x1135000) (std::sys::pal::unix::abort_internal::h31abe77dbd0ba97e+8)
04-14 23:59:14.392 16093 16093 F DEBUG   :       #02 pc 0000000002595f1c  /data/app/~~3jB52G9NeVwxqUTX6hGYYg==/ore.supply.OreApp-Z1eGTv7BU-H57XDoRkh2eQ==/base.apk (offset 0x1135000) (std::panicking::rust_panic_with_hook::h933a7aec869b9520+284)
04-14 23:59:14.392 16093 16093 F DEBUG   :       #03 pc 0000000002595ce8  /data/app/~~3jB52G9NeVwxqUTX6hGYYg==/ore.supply.OreApp-Z1eGTv7BU-H57XDoRkh2eQ==/base.apk (offset 0x1135000) (std::panicking::begin_panic_handler::_$u7b$$u7b$closure$u7d$$u7d$::hd1f63bf336fc3f45+92)
04-14 23:59:14.392 16093 16093 F DEBUG   :       #04 pc 0000000002593588  /data/app/~~3jB52G9NeVwxqUTX6hGYYg==/ore.supply.OreApp-Z1eGTv7BU-H57XDoRkh2eQ==/base.apk (offset 0x1135000) (std::sys::backtrace::__rust_end_short_backtrace::h1fa2cc3b22e0b1c9+8)
04-14 23:59:14.392 16093 16093 F DEBUG   :       #05 pc 00000000025959d0  /data/app/~~3jB52G9NeVwxqUTX6hGYYg==/ore.supply.OreApp-Z1eGTv7BU-H57XDoRkh2eQ==/base.apk (offset 0x1135000) (rust_begin_unwind+28)
04-14 23:59:14.392 16093 16093 F DEBUG   :       #06 pc 00000000025d8198  /data/app/~~3jB52G9NeVwxqUTX6hGYYg==/ore.supply.OreApp-Z1eGTv7BU-H57XDoRkh2eQ==/base.apk (offset 0x1135000) (core::panicking::panic_nounwind_fmt::hbe4928dc2b83c9c6+48)
04-14 23:59:14.392 16093 16093 F DEBUG   :       #07 pc 00000000025d8210  /data/app/~~3jB52G9NeVwxqUTX6hGYYg==/ore.supply.OreApp-Z1eGTv7BU-H57XDoRkh2eQ==/base.apk (offset 0x1135000) (core::panicking::panic_nounwind::h1f8291beef8f0e5f+56)
04-14 23:59:14.392 16093 16093 F DEBUG   :       #08 pc 00000000025d8388  /data/app/~~3jB52G9NeVwxqUTX6hGYYg==/ore.supply.OreApp-Z1eGTv7BU-H57XDoRkh2eQ==/base.apk (offset 0x1135000) (core::panicking::panic_cannot_unwind::h3b94ce2eca38003e+20)
04-14 23:59:14.392 16093 16093 F DEBUG   :       #09 pc 00000000021fdfc8  /data/app/~~3jB52G9NeVwxqUTX6hGYYg==/ore.supply.OreApp-Z1eGTv7BU-H57XDoRkh2eQ==/base.apk (offset 0x1135000) (Java_dev_dioxus_main_RustWebViewClient_handleRequest+16)
04-14 23:59:14.392 16093 16093 F DEBUG   :       #10 pc 000000000031811c  /data/misc/apexdata/com.android.art/dalvik-cache/arm64/boot.oat (art_jni_trampoline+140)
04-14 23:59:14.392 16093 16093 F DEBUG   :       #11 pc 0000000000780fa0  /apex/com.android.art/lib64/libart.so (nterp_helper+4016) (BuildId: a0856b3dbc826e8cee9d66738ac739d8)
04-14 23:59:14.392 16093 16093 F DEBUG   :       #12 pc 0000000000333048  /data/app/~~3jB52G9NeVwxqUTX6hGYYg==/ore.supply.OreApp-Z1eGTv7BU-H57XDoRkh2eQ==/oat/arm64/base.vdex (dev.dioxus.main.RustWebViewClient.shouldInterceptRequest+136)
04-14 23:59:14.392 16093 16093 F DEBUG   :       #13 pc 0000000000780f44  /apex/com.android.art/lib64/libart.so (nterp_helper+3924) (BuildId: a0856b3dbc826e8cee9d66738ac739d8)
04-14 23:59:14.392 16093 16093 F DEBUG   :       #14 pc 00000000000a0a0e  /data/app/~~RiQUKjd-K2JE-lsoWLw_qg==/com.google.android.webview-0O0Z5G77Hnz8jm7ORMftYg==/base.apk (WV.Z6.a+206)
04-14 23:59:14.392 16093 16093 F DEBUG   :       #15 pc 0000000000780f44  /apex/com.android.art/lib64/libart.so (nterp_helper+3924) (BuildId: a0856b3dbc826e8cee9d66738ac739d8)
04-14 23:59:14.392 16093 16093 F DEBUG   :       #16 pc 000000000019dcd4  /data/app/~~RiQUKjd-K2JE-lsoWLw_qg==/com.google.android.webview-0O0Z5G77Hnz8jm7ORMftYg==/base.apk (org.chromium.android_webview.AwContentsBackgroundThreadClient.shouldInterceptRequestFromNative+32)
04-14 23:59:14.392 16093 16093 F DEBUG   :       #17 pc 0000000000368774  /apex/com.android.art/lib64/libart.so (art_quick_invoke_stub+612) (BuildId: a0856b3dbc826e8cee9d66738ac739d8)
04-14 23:59:14.392 16093 16093 F DEBUG   :       #18 pc 0000000000367168  /apex/com.android.art/lib64/libart.so (art::JValue art::InvokeVirtualOrInterfaceWithVarArgs<art::ArtMethod*>(art::ScopedObjectAccessAlreadyRunnable const&, _jobject*, art::ArtMethod*, std::__va_list)+812) (BuildId: a0856b3dbc826e8cee9d66738ac739d8)
04-14 23:59:14.392 16093 16093 F DEBUG   :       #19 pc 000000000072ac5c  /apex/com.android.art/lib64/libart.so (art::JNI<false>::CallVoidMethodV(_JNIEnv*, _jobject*, _jmethodID*, std::__va_list)+192) (BuildId: a0856b3dbc826e8cee9d66738ac739d8)
04-14 23:59:14.392 16093 16093 F DEBUG   :       #20 pc 000000000516d0cc  /data/app/~~IYsMUdpY6UIBg5C3-KIayQ==/com.google.android.trichromelibrary_704903833-lwxkV_Dfh7w3kDJlNmW_Fw==/base.apk!libmonochrome_64.so (offset 0x8dc000) (BuildId: 28e5f60d8ac65d69990250d60cf8d11f765a92f4)
04-14 23:59:14.392 16093 16093 F DEBUG   :       #21 pc 0000000001fe6468  /data/app/~~IYsMUdpY6UIBg5C3-KIayQ==/com.google.android.trichromelibrary_704903833-lwxkV_Dfh7w3kDJlNmW_Fw==/base.apk!libmonochrome_64.so (offset 0x8dc000) (BuildId: 28e5f60d8ac65d69990250d60cf8d11f765a92f4)
04-14 23:59:14.392 16093 16093 F DEBUG   :       #22 pc 0000000001fe79c0  /data/app/~~IYsMUdpY6UIBg5C3-KIayQ==/com.google.android.trichromelibrary_704903833-lwxkV_Dfh7w3kDJlNmW_Fw==/base.apk!libmonochrome_64.so (offset 0x8dc000) (BuildId: 28e5f60d8ac65d69990250d60cf8d11f765a92f4)
04-14 23:59:14.392 16093 16093 F DEBUG   :       #23 pc 000000000513d3c0  /data/app/~~IYsMUdpY6UIBg5C3-KIayQ==/com.google.android.trichromelibrary_704903833-lwxkV_Dfh7w3kDJlNmW_Fw==/base.apk!libmonochrome_64.so (offset 0x8dc000) (BuildId: 28e5f60d8ac65d69990250d60cf8d11f765a92f4)
04-14 23:59:14.392 16093 16093 F DEBUG   :       #24 pc 000000000513c568  /data/app/~~IYsMUdpY6UIBg5C3-KIayQ==/com.google.android.trichromelibrary_704903833-lwxkV_Dfh7w3kDJlNmW_Fw==/base.apk!libmonochrome_64.so (offset 0x8dc000) (BuildId: 28e5f60d8ac65d69990250d60cf8d11f765a92f4)
04-14 23:59:14.392 16093 16093 F DEBUG   :       #25 pc 000000000508dd64  /data/app/~~IYsMUdpY6UIBg5C3-KIayQ==/com.google.android.trichromelibrary_704903833-lwxkV_Dfh7w3kDJlNmW_Fw==/base.apk!libmonochrome_64.so (offset 0x8dc000) (BuildId: 28e5f60d8ac65d69990250d60cf8d11f765a92f4)
04-14 23:59:14.392 16093 16093 F DEBUG   :       #26 pc 000000000508d790  /data/app/~~IYsMUdpY6UIBg5C3-KIayQ==/com.google.android.trichromelibrary_704903833-lwxkV_Dfh7w3kDJlNmW_Fw==/base.apk!libmonochrome_64.so (offset 0x8dc000) (BuildId: 28e5f60d8ac65d69990250d60cf8d11f765a92f4)
04-14 23:59:14.392 16093 16093 F DEBUG   :       #27 pc 000000000508d6b8  /data/app/~~IYsMUdpY6UIBg5C3-KIayQ==/com.google.android.trichromelibrary_704903833-lwxkV_Dfh7w3kDJlNmW_Fw==/base.apk!libmonochrome_64.so (offset 0x8dc000) (BuildId: 28e5f60d8ac65d69990250d60cf8d11f765a92f4)
04-14 23:59:14.392 16093 16093 F DEBUG   :       #28 pc 0000000005126370  /data/app/~~IYsMUdpY6UIBg5C3-KIayQ==/com.google.android.trichromelibrary_704903833-lwxkV_Dfh7w3kDJlNmW_Fw==/base.apk!libmonochrome_64.so (offset 0x8dc000) (BuildId: 28e5f60d8ac65d69990250d60cf8d11f765a92f4)
04-14 23:59:14.392 16093 16093 F DEBUG   :       #29 pc 00000000000c3644  /apex/com.android.runtime/lib64/bionic/libc.so (__pthread_start(void*)+208) (BuildId: 780e274efd7bc970b38b13ac5a954d42)
04-14 23:59:14.392 16093 16093 F DEBUG   :       #30 pc 000000000005cfa4  /apex/com.android.runtime/lib64/bionic/libc.so (__start_thread+68) (BuildId: 780e274efd7bc970b38b13ac5a954d42)
04-14 23:59:14.403  1110  1110 E tombstoned: Tombstone written to: tombstone_02
04-14 23:59:14.405  2664  3185 I BootReceiver: Copying /data/tombstones/tombstone_02 to DropBox (SYSTEM_TOMBSTONE)
04-14 23:59:14.405  2664  3185 I DropBoxManagerService: add tag=SYSTEM_TOMBSTONE isTagEnabled=true flags=0x6
04-14 23:59:14.406  2664 16097 I DropBoxManagerService: add tag=data_app_native_crash isTagEnabled=true flags=0x2
04-14 23:59:14.407  2664 16096 W ActivityTaskManager:   Force finishing activity ore.supply.OreApp/dev.dioxus.main.MainActivity
04-14 23:59:14.409  3432  3492 V WindowManagerShell: Transition requested: android.os.BinderProxy@594d546 TransitionRequestInfo { type = CLOSE, triggerTask = null, remoteTransition = null, displayChange = null }
04-14 23:59:14.412  2664 16096 D ActivityTrigger: ActivityTrigger activityPauseTrigger
04-14 23:59:14.414  2664  3185 I DropBoxManagerService: add tag=SYSTEM_TOMBSTONE_PROTO_WITH_HEADERS isTagEnabled=true flags=0x4
04-14 23:59:14.428  1771  1771 W Layer   : gatherBufferInfo: Received unknown dataspace from gralloc
04-14 23:59:14.428  1771  1771 I BpBinder: onLastStrongRef automatically unlinking death recipients:
04-14 23:59:14.429  2664  3510 I WindowManager: WIN DEATH: Window{74e914d u0 ore.supply.OreApp/dev.dioxus.main.MainActivity}
04-14 23:59:14.429  2664  3510 W InputManager-JNI: Input channel object '74e914d ore.supply.OreApp/dev.dioxus.main.MainActivity (client)' was disposed without first being removed with the input manager!
04-14 23:59:14.429  2664  6687 I ImeTracker: ore.supply.OreApp:c39d34ea: onRequestHide at ORIGIN_SERVER_HIDE_INPUT reason HIDE_REMOVE_CLIENT
04-14 23:59:14.429  2664  6687 I ImeTracker: ore.supply.OreApp:c39d34ea: onCancelled at PHASE_SERVER_SHOULD_HIDE
04-14 23:59:14.429  1558  1558 I Zygote  : Process 15817 exited due to signal 6 (Aborted)
04-14 23:59:14.430  2664  2793 V WindowManager: Unknown focus tokens, dropping reportFocusChanged
04-14 23:59:14.431  2664  3790 I ActivityManager: Process ore.supply.OreApp (pid 15817) has died: fg  TOP
04-14 23:59:14.431  2664  2805 I libprocessgroup: Successfully killed process cgroup uid 10250 pid 15817 in 0ms
04-14 23:59:14.435  4474  4474 D BoundBrokerSvc: onUnbind: Intent { act=com.google.android.gms.safebrowsing.SafeBrowsingService.START dat=chimera-action:/... cmp=com.google.android.gms/.chimera.GmsBoundBrokerService }
04-14 23:59:14.435  2664  3790 I ActivityManager: Killing 15859:com.google.android.webview:sandboxed_process0:org.chromium.content.app.SandboxedProcessService0:0/u0a250i13 (adj 0): isolated not needed
04-14 23:59:14.436  3584  3584 I Zygote  : Process 15859 exited cleanly (0)
04-14 23:59:14.437  2664  2805 I libprocessgroup: Successfully killed process cgroup uid 99013 pid 15859 in 0ms
04-14 23:59:14.437  2664  2791 D DisplayManagerService: Drop pending events for gone uid 10250
04-14 23:59:14.442  3623  4076 I BtGatt.ScanManager: msg.what = 6
04-14 23:59:14.442  3623  4076 D BtGatt.ScanManager: uid 10109 isForeground true scanMode 1
04-14 23:59:14.443  3623  4076 D BtGatt.ScanManager: uid 10109 isForeground true scanMode 3
04-14 23:59:14.444  2664  3790 W ProcessStats: Tracking association SourceState{58efabe com.google.android.googlequicksearchbox:search/10124 BTop #12097} whose proc state 2 is better than process ProcessState{35b5a5f com.google.android.gms.persistent/10109 pkg=com.google.android.gms} proc state 4 (183 skipped)
04-14 23:59:14.445  2664  2791 D DisplayManagerService: Drop pending events for gone uid 99013
04-14 23:59:14.445  3623  4076 I BtGatt.ScanManager: msg.what = 6
04-14 23:59:14.445  3623  4076 D BtGatt.ScanManager: uid 10109 isForeground true scanMode 1
04-14 23:59:14.445  3623  4076 D BtGatt.ScanManager: uid 10109 isForeground true scanMode 3
04-14 23:59:14.448  3810  3887 D QuickstepModelDelegate: notifyAppTargetEvent action=1 launchLocation=
04-14 23:59:14.456  5353  5723 E OpenGLRenderer: Unable to match the desired swap behavior.
04-14 23:59:14.459  5353  5353 I ckty    : onStart
04-14 23:59:14.459  2664  2794 W WindowManager: Failed to deliver inset control state change to w=Window{74e914d u0 ore.supply.OreApp/dev.dioxus.main.MainActivity EXITING}
04-14 23:59:14.459  2664  2794 W WindowManager: android.os.DeadObjectException
04-14 23:59:14.459  2664  2794 W WindowManager:         at android.os.BinderProxy.transactNative(Native Method)
04-14 23:59:14.459  2664  2794 W WindowManager:         at android.os.BinderProxy.transact(BinderProxy.java:584)
04-14 23:59:14.459  2664  2794 W WindowManager:         at android.view.IWindow$Stub$Proxy.insetsControlChanged(IWindow.java:479)
04-14 23:59:14.459  2664  2794 W WindowManager:         at com.android.server.wm.WindowState.notifyInsetsControlChanged(WindowState.java:3805)
04-14 23:59:14.459  2664  2794 W WindowManager:         at com.android.server.wm.InsetsStateController.lambda$notifyPendingInsetsControlChanged$3(InsetsStateController.java:343)
04-14 23:59:14.459  2664  2794 W WindowManager:         at com.android.server.wm.InsetsStateController.$r8$lambda$8yykPRG1GyNq_J17QvL9d5xANMc(InsetsStateController.java:0)
04-14 23:59:14.459  2664  2794 W WindowManager:         at com.android.server.wm.InsetsStateController$$ExternalSyntheticLambda2.run(R8$$SyntheticClass:0)
04-14 23:59:14.459  2664  2794 W WindowManager:         at com.android.server.wm.WindowAnimator.executeAfterPrepareSurfacesRunnables(WindowAnimator.java:294)
04-14 23:59:14.459  2664  2794 W WindowManager:         at com.android.server.wm.WindowAnimator.animate(WindowAnimator.java:202)
04-14 23:59:14.459  2664  2794 W WindowManager:         at com.android.server.wm.WindowAnimator.lambda$new$1(WindowAnimator.java:99)
04-14 23:59:14.459  2664  2794 W WindowManager:         at com.android.server.wm.WindowAnimator.$r8$lambda$aHNu1uhcqxihX5NZc4McDDQPAyw(WindowAnimator.java:0)
04-14 23:59:14.459  2664  2794 W WindowManager:         at com.android.server.wm.WindowAnimator$$ExternalSyntheticLambda1.doFrame(R8$$SyntheticClass:0)
04-14 23:59:14.459  2664  2794 W WindowManager:         at android.view.Choreographer$CallbackRecord.run(Choreographer.java:1348)
04-14 23:59:14.459  2664  2794 W WindowManager:         at android.view.Choreographer$CallbackRecord.run(Choreographer.java:1359)
04-14 23:59:14.459  2664  2794 W WindowManager:         at android.view.Choreographer.doCallbacks(Choreographer.java:963)
04-14 23:59:14.459  2664  2794 W WindowManager:         at android.view.Choreographer.doFrame(Choreographer.java:888)
04-14 23:59:14.459  2664  2794 W WindowManager:         at android.view.Choreographer$FrameDisplayEventReceiver.run(Choreographer.java:1333)
04-14 23:59:14.459  2664  2794 W WindowManager:         at android.os.Handler.handleCallback(Handler.java:958)
04-14 23:59:14.459  2664  2794 W WindowManager:         at android.os.Handler.dispatchMessage(Handler.java:99)
04-14 23:59:14.459  2664  2794 W WindowManager:         at android.os.Looper.loopOnce(Looper.java:205)
04-14 23:59:14.459  2664  2794 W WindowManager:         at android.os.Looper.loop(Looper.java:294)
04-14 23:59:14.459  2664  2794 W WindowManager:         at android.os.HandlerThread.run(HandlerThread.java:67)
04-14 23:59:14.459  2664  2794 W WindowManager:         at com.android.server.ServiceThread.run(ServiceThread.java:46)
04-14 23:59:14.460  5353  5353 I cjdp    : (REDACTED) [%s] onStart()
04-14 23:59:14.461  3810  5208 E OpenGLRenderer: Unable to match the desired swap behavior.
04-14 23:59:14.461  5353  5353 I cjfo    : Reloading theme data
04-14 23:59:14.461  5353  5353 I ckty    : onResume
04-14 23:59:14.466  5353  5353 I avlp    : (REDACTED) Starting %s background task %s.
04-14 23:59:14.468  1771  1771 W Layer   : gatherBufferInfo: Received unknown dataspace from gralloc
04-14 23:59:14.468  1771  1771 W Layer   : gatherBufferInfo: Received unknown dataspace from gralloc
04-14 23:59:14.468  1771  1771 W Layer   : gatherBufferInfo: Received unknown dataspace from gralloc
04-14 23:59:14.468  1771  1771 W Layer   : gatherBufferInfo: Received unknown dataspace from gralloc
04-14 23:59:14.470  5353 15760 I aues    : Using pair HTTP connection
04-14 23:59:14.471  5353 16104 I abem    : [Upload] Connected
04-14 23:59:14.475  5353  5353 E rbg     : onError
04-14 23:59:14.475  5353  5353 E rbg     : afry: errorCode: 65572, engine: 2
04-14 23:59:14.475  5353  5353 E rbg     :      at abel.c(PG:263)
04-14 23:59:14.475  5353  5353 E rbg     :      at abek.run(PG:1)
04-14 23:59:14.475  5353  5353 E rbg     :      at java.util.concurrent.Executors$RunnableAdapter.call(Executors.java:487)
04-14 23:59:14.475  5353  5353 E rbg     :      at java.util.concurrent.FutureTask.run(FutureTask.java:264)
04-14 23:59:14.475  5353  5353 E rbg     :      at agdc.run(PG:20)
04-14 23:59:14.475  5353  5353 E rbg     :      at agea.run(PG:3)
04-14 23:59:14.475  5353  5353 E rbg     :      at agea.run(PG:3)
04-14 23:59:14.475  5353  5353 E rbg     :      at java.util.concurrent.ThreadPoolExecutor.runWorker(ThreadPoolExecutor.java:1145)
04-14 23:59:14.475  5353  5353 E rbg     :      at java.util.concurrent.ThreadPoolExecutor$Worker.run(ThreadPoolExecutor.java:644)
04-14 23:59:14.475  5353  5353 E rbg     :      at java.lang.Thread.run(Thread.java:1012)
04-14 23:59:14.475  5353  5353 E rbg     :      at agcq.run(PG:42)
04-14 23:59:14.475  5353  5353 E rbg     : Caused by: afse: errorCode: 65571, engine: 2
04-14 23:59:14.475  5353  5353 E rbg     :      at abel.c(PG:164)
04-14 23:59:14.475  5353  5353 E rbg     :      ... 10 more
04-14 23:59:14.475  5353  5353 E rbg     : Caused by: aezz: Error code: 262216
04-14 23:59:14.475  5353  5353 E rbg     :      at dnvy.l(PG:359)
04-14 23:59:14.475  5353  5353 E rbg     :      at dnvy.m(PG:1)
04-14 23:59:14.475  5353  5353 E rbg     :      at dnvr.apply(PG:7)
04-14 23:59:14.475  5353  5353 E rbg     :      at fntk.e(PG:3)
04-14 23:59:14.475  5353  5353 E rbg     :      at fntm.run(PG:38)
04-14 23:59:14.475  5353  5353 E rbg     :      at fnvb.execute(PG:1)
