04-14 23:59:14.475  5353  5353 E rbg     :      at fntf.f(PG:1)
04-14 23:59:14.475  5353  5353 E rbg     :      at fntf.m(PG:95)
04-14 23:59:14.475  5353  5353 E rbg     :      at fntf.r(PG:29)
04-14 23:59:14.475  5353  5353 E rbg     :      at fnwb.run(PG:5)
04-14 23:59:14.475  5353  5353 E rbg     :      at fnvb.execute(PG:1)
04-14 23:59:14.475  5353  5353 E rbg     :      at fntf.f(PG:1)
04-14 23:59:14.475  5353  5353 E rbg     :      at fntf.m(PG:95)
04-14 23:59:14.475  5353  5353 E rbg     :      at fntf.p(PG:15)
04-14 23:59:14.475  5353  5353 E rbg     :      at fnte.run(PG:120)
04-14 23:59:14.475  5353  5353 E rbg     :      at fnvb.execute(PG:1)
04-14 23:59:14.475  5353  5353 E rbg     :      at fntf.f(PG:1)
04-14 23:59:14.475  5353  5353 E rbg     :      at fntf.m(PG:95)
04-14 23:59:14.475  5353  5353 E rbg     :      at fntf.r(PG:29)
04-14 23:59:14.475  5353  5353 E rbg     :      at agaj.run(PG:5)
04-14 23:59:14.475  5353  5353 E rbg     :      at fnvb.execute(PG:1)
04-14 23:59:14.475  5353  5353 E rbg     :      at fnvf.c(PG:1)
04-14 23:59:14.475  5353  5353 E rbg     :      at fnvf.b(PG:32)
04-14 23:59:14.475  5353  5353 E rbg     :      at fnwp.done(PG:3)
04-14 23:59:14.475  5353  5353 E rbg     :      at java.util.concurrent.FutureTask.finishCompletion(FutureTask.java:381)
04-14 23:59:14.475  5353  5353 E rbg     :      at java.util.concurrent.FutureTask.set(FutureTask.java:232)
04-14 23:59:14.475  5353  5353 E rbg     :      at java.util.concurrent.FutureTask.run(FutureTask.java:272)
04-14 23:59:14.475  5353  5353 E rbg     :      at dkln.run(PG:5)
04-14 23:59:14.475  5353  5353 E rbg     :      at fmjx.run(PG:44)
04-14 23:59:14.475  5353  5353 E rbg     :      at dkle.run(PG:42)
04-14 23:59:14.475  5353  5353 E rbg     :      at java.lang.Thread.run(Thread.java:1012)
04-14 23:59:14.475  5353  5353 E rbg     :      at dkmq.run(PG:62)
04-14 23:59:14.476  2664  2790 V WindowManager: Sent Transition #64 createdAt=04-14 23:59:14.408 via request=TransitionRequestInfo { type = CLOSE, triggerTask = null, remoteTransition = null, displayChange = null }
04-14 23:59:14.476  2664  2790 V WindowManager:     startWCT=WindowContainerTransaction { changes = {} hops = [] errorCallbackToken=null taskFragmentOrganizer=null }
04-14 23:59:14.476  2664  2790 V WindowManager:     info={id=64 t=CLOSE f=0x10 trk=0 r=[0@Point(0, 0)] c=[{WCT{RemoteToken{21abdaa Task{de0ad49 #1 type=home}}} m=TO_FRONT f=SHOW_WALLPAPER|MOVE_TO_TOP leash=Surface(name=Task=1)/@0xe5f89f2 sb=Rect(0, 0 - 1080, 2400) eb=Rect(0, 0 - 1080, 2400) d=0},{WCT{RemoteToken{6e6298f Task{ab501bb #21 type=standard A=10250:ore.supply.OreApp}}} m=CLOSE f=NONE leash=Surface(name=Task=21)/@0x7cf0e69 sb=Rect(0, 0 - 1080, 2400) eb=Rect(0, 0 - 1080, 2400) d=0},{null m=TO_FRONT f=IS_WALLPAPER leash=Surface(name=WallpaperWindowToken{e7bb4f1 token=android.os.Binder@2884498})/@0x23e41c1 sb=Rect(0, 0 - 1080, 2400) eb=Rect(0, 0 - 1080, 2400) d=0}]}
04-14 23:59:14.477  3432  3492 V WindowManagerShell: onTransitionReady android.os.BinderProxy@594d546: {id=64 t=CLOSE f=0x10 trk=0 r=[0@Point(0, 0)] c=[{WCT{android.window.IWindowContainerToken$Stub$Proxy@12318a3} m=TO_FRONT f=SHOW_WALLPAPER|MOVE_TO_TOP leash=Surface(name=Task=1)/@0x37e5307 sb=Rect(0, 0 - 1080, 2400) eb=Rect(0, 0 - 1080, 2400) d=0},{WCT{android.window.IWindowContainerToken$Stub$Proxy@e8557a0} m=CLOSE f=NONE leash=Surface(name=Task=21)/@0x87fac34 sb=Rect(0, 0 - 1080, 2400) eb=Rect(0, 0 - 1080, 2400) d=0},{null m=TO_FRONT f=IS_WALLPAPER leash=Surface(name=WallpaperWindowToken{e7bb4f1 token=android.os.Binder@2884498})/@0x90c5a5d sb=Rect(0, 0 - 1080, 2400) eb=Rect(0, 0 - 1080, 2400) d=0}]}
04-14 23:59:14.477  3432  3492 V WindowManagerShell: Playing animation for (#64)android.os.BinderProxy@594d546@0
04-14 23:59:14.478  3432  3492 V WindowManagerShell:  try handler com.android.wm.shell.transition.DefaultMixedHandler@efb515
04-14 23:59:14.478  3432  3492 V WindowManagerShell:  try handler com.android.wm.shell.keyguard.KeyguardTransitionHandler@ee558fc
04-14 23:59:14.480  3432  3492 V WindowManagerShell:  try handler com.android.wm.shell.activityembedding.ActivityEmbeddingController@7abdb85
04-14 23:59:14.481  3432  3492 V WindowManagerShell:  try handler com.android.wm.shell.recents.RecentsTransitionHandler@eed2dda
04-14 23:59:14.481  3432  3492 V ShellRecents: RecentsTransitionHandler.startAnimation: no controller found
04-14 23:59:14.481  3432  3492 V WindowManagerShell:  try handler com.android.wm.shell.pip.PipTransition@f91220b
04-14 23:59:14.481  3432  3492 V WindowManagerShell:  try handler com.android.wm.shell.splitscreen.StageCoordinator@8ad08e8
04-14 23:59:14.481  3432  3492 V WindowManagerShell:  try handler com.android.wm.shell.transition.RemoteTransitionHandler@5d3ab01
04-14 23:59:14.482  3432  3492 V WindowManagerShell: Transition doesn't have explicit remote, search filters for match for {id=64 t=CLOSE f=0x10 trk=0 r=[0@Point(0, 0)] c=[{WCT{android.window.IWindowContainerToken$Stub$Proxy@12318a3} m=TO_FRONT f=SHOW_WALLPAPER|MOVE_TO_TOP leash=Surface(name=Task=1)/@0x37e5307 sb=Rect(0, 0 - 1080, 2400) eb=Rect(0, 0 - 1080, 2400) d=0},{WCT{android.window.IWindowContainerToken$Stub$Proxy@e8557a0} m=CLOSE f=NONE leash=Surface(name=Task=21)/@0x87fac34 sb=Rect(0, 0 - 1080, 2400) eb=Rect(0, 0 - 1080, 2400) d=0},{null m=TO_FRONT f=IS_WALLPAPER leash=Surface(name=WallpaperWindowToken{e7bb4f1 token=android.os.Binder@2884498})/@0x90c5a5d sb=Rect(0, 0 - 1080, 2400) eb=Rect(0, 0 - 1080, 2400) d=0}]}
04-14 23:59:14.483  3432  3492 V WindowManagerShell:  Checking filter Pair{{types=[] flags=0x0] notFlags=0x100 checks=[{atype=home independent=true modes=[OPEN,TO_FRONT] flags=NONE mustBeTask=false order=TOP topActivity=ComponentInfo{com.android.launcher3/com.android.searchlauncher.SearchLauncher}},{atype=standard independent=true modes=[CLOSE,TO_BACK] flags=NONE mustBeTask=false order=ANY topActivity=null}]} RemoteTransition { remoteTransition = android.window.IRemoteTransition$Stub$Proxy@d004da6, appThread = android.app.IApplicationThread$Stub$Proxy@52dd3e7, debugName = QuickstepLaunchHome }}
04-14 23:59:14.483  3432  3492 D RemoteTransitionHandler: Found filterPair{{types=[] flags=0x0] notFlags=0x100 checks=[{atype=home independent=true modes=[OPEN,TO_FRONT] flags=NONE mustBeTask=false order=TOP topActivity=ComponentInfo{com.android.launcher3/com.android.searchlauncher.SearchLauncher}},{atype=standard independent=true modes=[CLOSE,TO_BACK] flags=NONE mustBeTask=false order=ANY topActivity=null}]} RemoteTransition { remoteTransition = android.window.IRemoteTransition$Stub$Proxy@d004da6, appThread = android.app.IApplicationThread$Stub$Proxy@52dd3e7, debugName = QuickstepLaunchHome }}
04-14 23:59:14.484  3432  3492 V WindowManagerShell:  Delegate animation for #64 to RemoteTransition { remoteTransition = android.window.IRemoteTransition$Stub$Proxy@d004da6, appThread = android.app.IApplicationThread$Stub$Proxy@52dd3e7, debugName = QuickstepLaunchHome }
04-14 23:59:14.484  1771  1771 W Layer   : gatherBufferInfo: Received unknown dataspace from gralloc
04-14 23:59:14.486  3432  3492 V WindowManagerShell:  animated by com.android.wm.shell.transition.RemoteTransitionHandler@5d3ab01
04-14 23:59:14.493  1771  1771 W Layer   : gatherBufferInfo: Received unknown dataspace from gralloc
04-14 23:59:14.493  1771  1771 W Layer   : gatherBufferInfo: Received unknown dataspace from gralloc
04-14 23:59:14.500  2664  2689 I ImeTracker: com.android.launcher3:a6300713: onRequestHide at ORIGIN_SERVER_HIDE_INPUT reason HIDE_UNSPECIFIED_WINDOW
04-14 23:59:14.500  2664  2689 I ImeTracker: com.android.launcher3:a6300713: onCancelled at PHASE_SERVER_SHOULD_HIDE
04-14 23:59:14.502  4989  4989 I GoogleInputMethodService: GoogleInputMethodService.onFinishInput():2043
04-14 23:59:14.502  4989  4989 I Module  : DeviceLockedStatusModuleProvider$Module.updateDeviceLockedStatus():100 repeatCheckTimes = 0, locked = false
04-14 23:59:14.503  4989  4989 I GoogleInputMethodService: GoogleInputMethodService.onStartInput():1293 onStartInput(EditorInfo{EditorInfo{packageName=com.android.launcher3, inputType=0, inputTypeString=NULL, enableLearning=false, autoCorrection=false, autoComplete=false, imeOptions=0, privateImeOptions=null, actionName=UNSPECIFIED, actionLabel=null, initialSelStart=-1, initialSelEnd=-1, initialCapsMode=0, label=null, fieldId=0, fieldName=null, extras=null, hintText=null, hintLocales=[]}}, false)
04-14 23:59:14.504  4989  4989 I Module  : DeviceLockedStatusModuleProvider$Module.updateDeviceLockedStatus():100 repeatCheckTimes = 1, locked = false
04-14 23:59:14.505  4989  4989 I EmojiCompatManager: EmojiCompatManager.getEmojiCompatIfLoaded():343 EmojiCompat.init() was never called.
04-14 23:59:14.505  4989  4989 I EmojiCompatManager: java.lang.IllegalStateException: EmojiCompat is not initialized. Please call EmojiCompat.init() first
04-14 23:59:14.505  4989  4989 I EmojiCompatManager:    at asx.p(PG:6)
04-14 23:59:14.505  4989  4989 I EmojiCompatManager:    at axb.b(PG:13)
04-14 23:59:14.505  4989  4989 I EmojiCompatManager:    at jnr.b(PG:2)
04-14 23:59:14.505  4989  4989 I EmojiCompatManager:    at jnr.c(PG:4)
04-14 23:59:14.505  4989  4989 I EmojiCompatManager:    at jnr.f(PG:3)
04-14 23:59:14.505  4989  4989 I EmojiCompatManager:    at jnx.c(PG:3)
04-14 23:59:14.505  4989  4989 I EmojiCompatManager:    at kif.cz(PG:47)
04-14 23:59:14.505  4989  4989 I EmojiCompatManager:    at lhl.run(PG:1025)
04-14 23:59:14.505  4989  4989 I EmojiCompatManager:    at jaf.execute(PG:12)
04-14 23:59:14.505  4989  4989 I EmojiCompatManager:    at nco.v(PG:13)
04-14 23:59:14.505  4989  4989 I EmojiCompatManager:    at lhn.m(PG:96)
04-14 23:59:14.505  4989  4989 I EmojiCompatManager:    at lhn.k(PG:25)
04-14 23:59:14.505  4989  4989 I EmojiCompatManager:    at kgn.onStartInput(PG:250)
04-14 23:59:14.505  4989  4989 I EmojiCompatManager:    at android.inputmethodservice.InputMethodService.doStartInput(InputMethodService.java:3115)
04-14 23:59:14.505  4989  4989 I EmojiCompatManager:    at android.inputmethodservice.InputMethodService$InputMethodImpl.startInput(InputMethodService.java:824)
04-14 23:59:14.505  4989  4989 I EmojiCompatManager:    at android.inputmethodservice.InputMethodService$InputMethodImpl.dispatchStartInput(InputMethodService.java:853)
04-14 23:59:14.505  4989  4989 I EmojiCompatManager:    at android.inputmethodservice.IInputMethodWrapper.executeMessage(IInputMethodWrapper.java:197)
04-14 23:59:14.505  4989  4989 I EmojiCompatManager:    at com.android.internal.os.HandlerCaller$MyHandler.handleMessage(HandlerCaller.java:44)
04-14 23:59:14.505  4989  4989 I EmojiCompatManager:    at android.os.Handler.dispatchMessage(Handler.java:106)
04-14 23:59:14.505  4989  4989 I EmojiCompatManager:    at android.os.Looper.loopOnce(Looper.java:205)
04-14 23:59:14.505  4989  4989 I EmojiCompatManager:    at android.os.Looper.loop(Looper.java:294)
04-14 23:59:14.505  4989  4989 I EmojiCompatManager:    at android.app.ActivityThread.main(ActivityThread.java:8223)
04-14 23:59:14.505  4989  4989 I EmojiCompatManager:    at java.lang.reflect.Method.invoke(Native Method)
04-14 23:59:14.505  4989  4989 I EmojiCompatManager:    at com.android.internal.os.RuntimeInit$MethodAndArgsCaller.run(RuntimeInit.java:552)
04-14 23:59:14.505  4989  4989 I EmojiCompatManager:    at com.android.internal.os.ZygoteInit.main(ZygoteInit.java:977)
04-14 23:59:14.506  2664  2794 W WindowManager: Failed to deliver inset control state change to w=Window{74e914d u0 ore.supply.OreApp/dev.dioxus.main.MainActivity EXITING}
04-14 23:59:14.506  2664  2794 W WindowManager: android.os.DeadObjectException
04-14 23:59:14.506  2664  2794 W WindowManager:         at android.os.BinderProxy.transactNative(Native Method)
04-14 23:59:14.506  2664  2794 W WindowManager:         at android.os.BinderProxy.transact(BinderProxy.java:584)
04-14 23:59:14.506  2664  2794 W WindowManager:         at android.view.IWindow$Stub$Proxy.insetsControlChanged(IWindow.java:479)
04-14 23:59:14.506  2664  2794 W WindowManager:         at com.android.server.wm.WindowState.notifyInsetsControlChanged(WindowState.java:3805)
04-14 23:59:14.506  2664  2794 W WindowManager:         at com.android.server.wm.InsetsStateController.lambda$notifyPendingInsetsControlChanged$3(InsetsStateController.java:343)
04-14 23:59:14.506  2664  2794 W WindowManager:         at com.android.server.wm.InsetsStateController.$r8$lambda$8yykPRG1GyNq_J17QvL9d5xANMc(InsetsStateController.java:0)
04-14 23:59:14.506  2664  2794 W WindowManager:         at com.android.server.wm.InsetsStateController$$ExternalSyntheticLambda2.run(R8$$SyntheticClass:0)
04-14 23:59:14.506  2664  2794 W WindowManager:         at com.android.server.wm.WindowAnimator.executeAfterPrepareSurfacesRunnables(WindowAnimator.java:294)
04-14 23:59:14.506  2664  2794 W WindowManager:         at com.android.server.wm.RootWindowContainer.performSurfacePlacementNoTrace(RootWindowContainer.java:819)
04-14 23:59:14.506  2664  2794 W WindowManager:         at com.android.server.wm.RootWindowContainer.performSurfacePlacement(RootWindowContainer.java:764)
04-14 23:59:14.506  2664  2794 W WindowManager:         at com.android.server.wm.WindowSurfacePlacer.performSurfacePlacementLoop(WindowSurfacePlacer.java:177)
04-14 23:59:14.506  2664  2794 W WindowManager:         at com.android.server.wm.WindowSurfacePlacer.performSurfacePlacement(WindowSurfacePlacer.java:126)
04-14 23:59:14.506  2664  2794 W WindowManager:         at com.android.server.wm.WindowSurfacePlacer.performSurfacePlacement(WindowSurfacePlacer.java:115)
04-14 23:59:14.506  2664  2794 W WindowManager:         at com.android.server.wm.WindowSurfacePlacer$Traverser.run(WindowSurfacePlacer.java:57)
04-14 23:59:14.506  2664  2794 W WindowManager:         at android.os.Handler.handleCallback(Handler.java:958)
04-14 23:59:14.506  2664  2794 W WindowManager:         at android.os.Handler.dispatchMessage(Handler.java:99)
04-14 23:59:14.506  2664  2794 W WindowManager:         at android.os.Looper.loopOnce(Looper.java:205)
04-14 23:59:14.506  2664  2794 W WindowManager:         at android.os.Looper.loop(Looper.java:294)
04-14 23:59:14.506  2664  2794 W WindowManager:         at android.os.HandlerThread.run(HandlerThread.java:67)
04-14 23:59:14.506  2664  2794 W WindowManager:         at com.android.server.ServiceThread.run(ServiceThread.java:46)
04-14 23:59:14.506  2664  2689 W PackageConfigPersister: App-specific configuration not found for packageName: com.android.launcher3 and userId: 0
04-14 23:59:14.507  3869 15271 W Auth    : [TokenResponseCallback] TokenResponse failed with exception [CONTEXT service_id=343 ]
04-14 23:59:14.507  3869 15271 W Auth    : cbic: Failed to process request
04-14 23:59:14.507  3869 15271 W Auth    :      at cbii.a(:com.google.android.gms@251134029@25.11.34 (190400-740024306):23)
04-14 23:59:14.507  3869 15271 W Auth    :      at cbmh.b(:com.google.android.gms@251134029@25.11.34 (190400-740024306):15)
04-14 23:59:14.507  3869 15271 W Auth    :      at cbmv.onFailed(:com.google.android.gms@251134029@25.11.34 (190400-740024306):15)
04-14 23:59:14.507  3869 15271 W Auth    :      at m.li.onFailed(:com.google.android.gms.dynamite_cronetdynamite@251134029@25.11.34 (190400-0):3)
04-14 23:59:14.507  3869 15271 W Auth    :      at m.kj.run(:com.google.android.gms.dynamite_cronetdynamite@251134029@25.11.34 (190400-0):16)
04-14 23:59:14.507  3869 15271 W Auth    :      at aupf.c(:com.google.android.gms@251134029@25.11.34 (190400-740024306):50)
04-14 23:59:14.507  3869 15271 W Auth    :      at aupf.run(:com.google.android.gms@251134029@25.11.34 (190400-740024306):70)
04-14 23:59:14.507  3869 15271 W Auth    :      at java.util.concurrent.ThreadPoolExecutor.runWorker(ThreadPoolExecutor.java:1145)
04-14 23:59:14.507  3869 15271 W Auth    :      at java.util.concurrent.ThreadPoolExecutor$Worker.run(ThreadPoolExecutor.java:644)
04-14 23:59:14.507  3869 15271 W Auth    :      at auut.run(:com.google.android.gms@251134029@25.11.34 (190400-740024306):8)
04-14 23:59:14.507  3869 15271 W Auth    :      at java.lang.Thread.run(Thread.java:1012)
04-14 23:59:14.507  3869 15271 W Auth    : Caused by: m.ks: Exception in CronetUrlRequest: net::ERR_INTERNET_DISCONNECTED, ErrorCode=2, InternalErrorCode=-106, Retryable=false
04-14 23:59:14.507  3869 15271 W Auth    :      at org.chromium.net.impl.CronetUrlRequest.onError(:com.google.android.gms.dynamite_cronetdynamite@251134029@25.11.34 (190400-0):3)
04-14 23:59:14.508  3869  5565 E AuthPII : [RequestTokenManager] getToken() -> NETWORK_ERROR. App: com.google.android.googlequicksearchbox, Service: oauth2:https://www.google.com/accounts/OAuthLogin https://www.googleapis.com/auth/assistant
04-14 23:59:14.508  3869  5565 E AuthPII : atme: Error when calling server using GmsNetworkStack.
04-14 23:59:14.508  3869  5565 E AuthPII :      at yqk.b(:com.google.android.gms@251134029@25.11.34 (190400-740024306):1357)
04-14 23:59:14.508  3869  5565 E AuthPII :      at yqi.a(:com.google.android.gms@251134029@25.11.34 (190400-740024306):551)
04-14 23:59:14.508  3869  5565 E AuthPII :      at yqh.b(:com.google.android.gms@251134029@25.11.34 (190400-740024306):104)
04-14 23:59:14.508  3869  5565 E AuthPII :      at sna.d(:com.google.android.gms@251134029@25.11.34 (190400-740024306):529)
04-14 23:59:14.508  3869  5565 E AuthPII :      at yjp.getAuthToken(:com.google.android.gms@251134029@25.11.34 (190400-740024306):402)
04-14 23:59:14.508  3869  5565 E AuthPII :      at android.accounts.AbstractAccountAuthenticator$Transport.getAuthToken(AbstractAccountAuthenticator.java:251)
04-14 23:59:14.508  3869  5565 E AuthPII :      at android.accounts.IAccountAuthenticator$Stub.onTransact(IAccountAuthenticator.java:253)
04-14 23:59:14.508  3869  5565 E AuthPII :      at android.os.Binder.transact(Binder.java:1183)
04-14 23:59:14.508  3869  5565 E AuthPII :      at btlu.onTransact(:com.google.android.gms@251134029@25.11.34 (190400-740024306):10)
04-14 23:59:14.508  3869  5565 E AuthPII :      at android.os.Binder.transact(Binder.java:1183)
04-14 23:59:14.508  3869  5565 E AuthPII :      at bkjd.onTransact(:com.google.android.gms@251134029@25.11.34 (190400-740024306):148)
04-14 23:59:14.508  3869  5565 E AuthPII :      at android.os.Binder.execTransactInternal(Binder.java:1344)
04-14 23:59:14.508  3869  5565 E AuthPII :      at android.os.Binder.execTransact(Binder.java:1275)
04-14 23:59:14.508  3869  5565 E AuthPII : Caused by: atme: Error requesting token.
04-14 23:59:14.508  3869  5565 E AuthPII :      at yqk.d(:com.google.android.gms@251134029@25.11.34 (190400-740024306):208)
04-14 23:59:14.508  3869  5565 E AuthPII :      at yqk.b(:com.google.android.gms@251134029@25.11.34 (190400-740024306):50)
04-14 23:59:14.508  3869  5565 E AuthPII :      ... 12 more
04-14 23:59:14.508  3869  5565 E AuthPII : Caused by: java.util.concurrent.ExecutionException: cbic: Failed to process request
04-14 23:59:14.508  3869  5565 E AuthPII :      at frzl.j(:com.google.android.gms@251134029@25.11.34 (190400-740024306):21)
04-14 23:59:14.508  3869  5565 E AuthPII :      at frzu.v(:com.google.android.gms@251134029@25.11.34 (190400-740024306):107)
04-14 23:59:14.508  3869  5565 E AuthPII :      at yqk.d(:com.google.android.gms@251134029@25.11.34 (190400-740024306):193)
04-14 23:59:14.508  3869  5565 E AuthPII :      ... 13 more
04-14 23:59:14.508  3869  5565 E AuthPII : Caused by: cbic: Failed to process request
04-14 23:59:14.508  3869  5565 E AuthPII :      at cbii.a(:com.google.android.gms@251134029@25.11.34 (190400-740024306):23)
04-14 23:59:14.508  3869  5565 E AuthPII :      at cbmh.b(:com.google.android.gms@251134029@25.11.34 (190400-740024306):15)
04-14 23:59:14.508  3869  5565 E AuthPII :      at cbmv.onFailed(:com.google.android.gms@251134029@25.11.34 (190400-740024306):15)
04-14 23:59:14.508  3869  5565 E AuthPII :      at m.li.onFailed(:com.google.android.gms.dynamite_cronetdynamite@251134029@25.11.34 (190400-0):3)
04-14 23:59:14.508  3869  5565 E AuthPII :      at m.kj.run(:com.google.android.gms.dynamite_cronetdynamite@251134029@25.11.34 (190400-0):16)
04-14 23:59:14.508  3869  5565 E AuthPII :      at aupf.c(:com.google.android.gms@251134029@25.11.34 (190400-740024306):50)
04-14 23:59:14.508  3869  5565 E AuthPII :      at aupf.run(:com.google.android.gms@251134029@25.11.34 (190400-740024306):70)
04-14 23:59:14.508  3869  5565 E AuthPII :      at java.util.concurrent.ThreadPoolExecutor.runWorker(ThreadPoolExecutor.java:1145)
04-14 23:59:14.508  3869  5565 E AuthPII :      at java.util.concurrent.ThreadPoolExecutor$Worker.run(ThreadPoolExecutor.java:644)
04-14 23:59:14.508  3869  5565 E AuthPII :      at auut.run(:com.google.android.gms@251134029@25.11.34 (190400-740024306):8)
04-14 23:59:14.508  3869  5565 E AuthPII :      at java.lang.Thread.run(Thread.java:1012)
04-14 23:59:14.508  3869  5565 E AuthPII : Caused by: m.ks: Exception in CronetUrlRequest: net::ERR_INTERNET_DISCONNECTED, ErrorCode=2, InternalErrorCode=-106, Retryable=false
04-14 23:59:14.508  3869  5565 E AuthPII :      at org.chromium.net.impl.CronetUrlRequest.onError(:com.google.android.gms.dynamite_cronetdynamite@251134029@25.11.34 (190400-0):3)
04-14 23:59:14.509  3869  5565 E AuthPII : Message is Error when calling server using GmsNetworkStack.
04-14 23:59:14.509  3869  5565 E AuthPII : atme: Error when calling server using GmsNetworkStack.
04-14 23:59:14.509  3869  5565 E AuthPII :      at yqk.b(:com.google.android.gms@251134029@25.11.34 (190400-740024306):1357)
04-14 23:59:14.509  3869  5565 E AuthPII :      at yqi.a(:com.google.android.gms@251134029@25.11.34 (190400-740024306):551)
04-14 23:59:14.509  3869  5565 E AuthPII :      at yqh.b(:com.google.android.gms@251134029@25.11.34 (190400-740024306):104)
04-14 23:59:14.509  3869  5565 E AuthPII :      at sna.d(:com.google.android.gms@251134029@25.11.34 (190400-740024306):529)
04-14 23:59:14.509  3869  5565 E AuthPII :      at yjp.getAuthToken(:com.google.android.gms@251134029@25.11.34 (190400-740024306):402)
04-14 23:59:14.509  3869  5565 E AuthPII :      at android.accounts.AbstractAccountAuthenticator$Transport.getAuthToken(AbstractAccountAuthenticator.java:251)
04-14 23:59:14.509  3869  5565 E AuthPII :      at android.accounts.IAccountAuthenticator$Stub.onTransact(IAccountAuthenticator.java:253)
04-14 23:59:14.509  3869  5565 E AuthPII :      at android.os.Binder.transact(Binder.java:1183)
04-14 23:59:14.509  3869  5565 E AuthPII :      at btlu.onTransact(:com.google.android.gms@251134029@25.11.34 (190400-740024306):10)
04-14 23:59:14.509  3869  5565 E AuthPII :      at android.os.Binder.transact(Binder.java:1183)
04-14 23:59:14.509  3869  5565 E AuthPII :      at bkjd.onTransact(:com.google.android.gms@251134029@25.11.34 (190400-740024306):148)
04-14 23:59:14.509  3869  5565 E AuthPII :      at android.os.Binder.execTransactInternal(Binder.java:1344)
04-14 23:59:14.509  3869  5565 E AuthPII :      at android.os.Binder.execTransact(Binder.java:1275)
04-14 23:59:14.509  3869  5565 E AuthPII : Caused by: atme: Error requesting token.
04-14 23:59:14.509  3869  5565 E AuthPII :      at yqk.d(:com.google.android.gms@251134029@25.11.34 (190400-740024306):208)
04-14 23:59:14.509  3869  5565 E AuthPII :      at yqk.b(:com.google.android.gms@251134029@25.11.34 (190400-740024306):50)
04-14 23:59:14.509  3869  5565 E AuthPII :      ... 12 more
04-14 23:59:14.509  3869  5565 E AuthPII : Caused by: java.util.concurrent.ExecutionException: cbic: Failed to process request
04-14 23:59:14.509  3869  5565 E AuthPII :      at frzl.j(:com.google.android.gms@251134029@25.11.34 (190400-740024306):21)
04-14 23:59:14.509  3869  5565 E AuthPII :      at frzu.v(:com.google.android.gms@251134029@25.11.34 (190400-740024306):107)
04-14 23:59:14.509  3869  5565 E AuthPII :      at yqk.d(:com.google.android.gms@251134029@25.11.34 (190400-740024306):193)
04-14 23:59:14.509  3869  5565 E AuthPII :      ... 13 more
04-14 23:59:14.509  3869  5565 E AuthPII : Caused by: cbic: Failed to process request
04-14 23:59:14.509  3869  5565 E AuthPII :      at cbii.a(:com.google.android.gms@251134029@25.11.34 (190400-740024306):23)
04-14 23:59:14.509  3869  5565 E AuthPII :      at cbmh.b(:com.google.android.gms@251134029@25.11.34 (190400-740024306):15)
04-14 23:59:14.509  3869  5565 E AuthPII :      at cbmv.onFailed(:com.google.android.gms@251134029@25.11.34 (190400-740024306):15)
04-14 23:59:14.509  3869  5565 E AuthPII :      at m.li.onFailed(:com.google.android.gms.dynamite_cronetdynamite@251134029@25.11.34 (190400-0):3)
04-14 23:59:14.509  3869  5565 E AuthPII :      at m.kj.run(:com.google.android.gms.dynamite_cronetdynamite@251134029@25.11.34 (190400-0):16)
04-14 23:59:14.509  3869  5565 E AuthPII :      at aupf.c(:com.google.android.gms@251134029@25.11.34 (190400-740024306):50)
04-14 23:59:14.509  3869  5565 E AuthPII :      at aupf.run(:com.google.android.gms@251134029@25.11.34 (190400-740024306):70)
04-14 23:59:14.509  3869  5565 E AuthPII :      at java.util.concurrent.ThreadPoolExecutor.runWorker(ThreadPoolExecutor.java:1145)
04-14 23:59:14.509  3869  5565 E AuthPII :      at java.util.concurrent.ThreadPoolExecutor$Worker.run(ThreadPoolExecutor.java:644)
04-14 23:59:14.509  3869  5565 E AuthPII :      at auut.run(:com.google.android.gms@251134029@25.11.34 (190400-740024306):8)
04-14 23:59:14.509  3869  5565 E AuthPII :      at java.lang.Thread.run(Thread.java:1012)
04-14 23:59:14.509  3869  5565 E AuthPII : Caused by: m.ks: Exception in CronetUrlRequest: net::ERR_INTERNET_DISCONNECTED, ErrorCode=2, InternalErrorCode=-106, Retryable=false
04-14 23:59:14.509  3869  5565 E AuthPII :      at org.chromium.net.impl.CronetUrlRequest.onError(:com.google.android.gms.dynamite_cronetdynamite@251134029@25.11.34 (190400-0):3)
04-14 23:59:14.509  1771  1771 W Layer   : gatherBufferInfo: Received unknown dataspace from gralloc
04-14 23:59:14.510  3869  5565 W Auth    : [GetToken] GetToken failed with status code: NetworkError  [CONTEXT service_id=343 ]
04-14 23:59:14.510  3869  5565 W GLSActivity: [GmsAccountAuthenticatorImpl] error status while fetching token:NetworkError
04-14 23:59:14.515  5353 16103 W abrb    : (REDACTED) IO exception for scope: %s
04-14 23:59:14.515  5353 16103 W abrb    : java.io.IOException: NetworkError
04-14 23:59:14.515  5353 16103 W abrb    :      at android.accounts.AccountManager.convertErrorToException(AccountManager.java:2639)
04-14 23:59:14.515  5353 16103 W abrb    :      at android.accounts.AccountManager.-$$Nest$mconvertErrorToException(Unknown Source:0)
04-14 23:59:14.515  5353 16103 W abrb    :      at android.accounts.AccountManager$AmsTask$Response.onError(AccountManager.java:2490)
04-14 23:59:14.515  5353 16103 W abrb    :      at android.accounts.IAccountManagerResponse$Stub.onTransact(IAccountManagerResponse.java:107)
04-14 23:59:14.515  5353 16103 W abrb    :      at android.os.Binder.execTransactInternal(Binder.java:1344)
04-14 23:59:14.515  5353 16103 W abrb    :      at android.os.Binder.execTransact(Binder.java:1275)
04-14 23:59:14.517  1771  1771 W Layer   : gatherBufferInfo: Received unknown dataspace from gralloc
04-14 23:59:14.525  1771  1771 W Layer   : gatherBufferInfo: Received unknown dataspace from gralloc
04-14 23:59:14.532  3869 15271 W Auth    : [TokenResponseCallback] TokenResponse failed with exception [CONTEXT service_id=343 ]
04-14 23:59:14.532  3869 15271 W Auth    : cbic: Failed to process request
04-14 23:59:14.532  3869 15271 W Auth    :      at cbii.a(:com.google.android.gms@251134029@25.11.34 (190400-740024306):23)
04-14 23:59:14.532  3869 15271 W Auth    :      at cbmh.b(:com.google.android.gms@251134029@25.11.34 (190400-740024306):15)
04-14 23:59:14.532  3869 15271 W Auth    :      at cbmv.onFailed(:com.google.android.gms@251134029@25.11.34 (190400-740024306):15)
04-14 23:59:14.532  3869 15271 W Auth    :      at m.li.onFailed(:com.google.android.gms.dynamite_cronetdynamite@251134029@25.11.34 (190400-0):3)
04-14 23:59:14.532  3869 15271 W Auth    :      at m.kj.run(:com.google.android.gms.dynamite_cronetdynamite@251134029@25.11.34 (190400-0):16)
04-14 23:59:14.532  3869 15271 W Auth    :      at aupf.c(:com.google.android.gms@251134029@25.11.34 (190400-740024306):50)
04-14 23:59:14.532  3869 15271 W Auth    :      at aupf.run(:com.google.android.gms@251134029@25.11.34 (190400-740024306):70)
04-14 23:59:14.532  3869 15271 W Auth    :      at java.util.concurrent.ThreadPoolExecutor.runWorker(ThreadPoolExecutor.java:1145)
04-14 23:59:14.532  3869 15271 W Auth    :      at java.util.concurrent.ThreadPoolExecutor$Worker.run(ThreadPoolExecutor.java:644)
04-14 23:59:14.532  3869 15271 W Auth    :      at auut.run(:com.google.android.gms@251134029@25.11.34 (190400-740024306):8)
04-14 23:59:14.532  3869 15271 W Auth    :      at java.lang.Thread.run(Thread.java:1012)
04-14 23:59:14.532  3869 15271 W Auth    : Caused by: m.ks: Exception in CronetUrlRequest: net::ERR_INTERNET_DISCONNECTED, ErrorCode=2, InternalErrorCode=-106, Retryable=false
04-14 23:59:14.532  3869 15271 W Auth    :      at org.chromium.net.impl.CronetUrlRequest.onError(:com.google.android.gms.dynamite_cronetdynamite@251134029@25.11.34 (190400-0):3)
04-14 23:59:14.533  3869  5565 E AuthPII : [RequestTokenManager] getToken() -> NETWORK_ERROR. App: com.google.android.googlequicksearchbox, Service: oauth2:https://www.google.com/accounts/OAuthLogin https://www.googleapis.com/auth/assistant
04-14 23:59:14.533  3869  5565 E AuthPII : atme: Error when calling server using GmsNetworkStack.
04-14 23:59:14.533  3869  5565 E AuthPII :      at yqk.b(:com.google.android.gms@251134029@25.11.34 (190400-740024306):1357)
04-14 23:59:14.533  3869  5565 E AuthPII :      at yqi.a(:com.google.android.gms@251134029@25.11.34 (190400-740024306):551)
04-14 23:59:14.533  3869  5565 E AuthPII :      at yqh.b(:com.google.android.gms@251134029@25.11.34 (190400-740024306):104)
04-14 23:59:14.533  3869  5565 E AuthPII :      at sna.d(:com.google.android.gms@251134029@25.11.34 (190400-740024306):529)
04-14 23:59:14.533  3869  5565 E AuthPII :      at yjp.getAuthToken(:com.google.android.gms@251134029@25.11.34 (190400-740024306):402)
04-14 23:59:14.533  3869  5565 E AuthPII :      at android.accounts.AbstractAccountAuthenticator$Transport.getAuthToken(AbstractAccountAuthenticator.java:251)
04-14 23:59:14.533  3869  5565 E AuthPII :      at android.accounts.IAccountAuthenticator$Stub.onTransact(IAccountAuthenticator.java:253)
04-14 23:59:14.533  3869  5565 E AuthPII :      at android.os.Binder.transact(Binder.java:1183)
04-14 23:59:14.533  3869  5565 E AuthPII :      at btlu.onTransact(:com.google.android.gms@251134029@25.11.34 (190400-740024306):10)
04-14 23:59:14.533  3869  5565 E AuthPII :      at android.os.Binder.transact(Binder.java:1183)
04-14 23:59:14.533  3869  5565 E AuthPII :      at bkjd.onTransact(:com.google.android.gms@251134029@25.11.34 (190400-740024306):148)
04-14 23:59:14.533  3869  5565 E AuthPII :      at android.os.Binder.execTransactInternal(Binder.java:1344)
04-14 23:59:14.533  3869  5565 E AuthPII :      at android.os.Binder.execTransact(Binder.java:1275)
04-14 23:59:14.533  3869  5565 E AuthPII : Caused by: atme: Error requesting token.
04-14 23:59:14.533  3869  5565 E AuthPII :      at yqk.d(:com.google.android.gms@251134029@25.11.34 (190400-740024306):208)
04-14 23:59:14.533  3869  5565 E AuthPII :      at yqk.b(:com.google.android.gms@251134029@25.11.34 (190400-740024306):50)
04-14 23:59:14.533  3869  5565 E AuthPII :      ... 12 more
04-14 23:59:14.533  3869  5565 E AuthPII : Caused by: java.util.concurrent.ExecutionException: cbic: Failed to process request
04-14 23:59:14.533  3869  5565 E AuthPII :      at frzl.j(:com.google.android.gms@251134029@25.11.34 (190400-740024306):21)
04-14 23:59:14.533  3869  5565 E AuthPII :      at frzu.v(:com.google.android.gms@251134029@25.11.34 (190400-740024306):107)
04-14 23:59:14.533  3869  5565 E AuthPII :      at yqk.d(:com.google.android.gms@251134029@25.11.34 (190400-740024306):193)
04-14 23:59:14.533  3869  5565 E AuthPII :      ... 13 more
04-14 23:59:14.533  3869  5565 E AuthPII : Caused by: cbic: Failed to process request
04-14 23:59:14.533  3869  5565 E AuthPII :      at cbii.a(:com.google.android.gms@251134029@25.11.34 (190400-740024306):23)
04-14 23:59:14.533  3869  5565 E AuthPII :      at cbmh.b(:com.google.android.gms@251134029@25.11.34 (190400-740024306):15)
04-14 23:59:14.533  3869  5565 E AuthPII :      at cbmv.onFailed(:com.google.android.gms@251134029@25.11.34 (190400-740024306):15)
04-14 23:59:14.533  3869  5565 E AuthPII :      at m.li.onFailed(:com.google.android.gms.dynamite_cronetdynamite@251134029@25.11.34 (190400-0):3)
04-14 23:59:14.533  3869  5565 E AuthPII :      at m.kj.run(:com.google.android.gms.dynamite_cronetdynamite@251134029@25.11.34 (190400-0):16)
04-14 23:59:14.533  3869  5565 E AuthPII :      at aupf.c(:com.google.android.gms@251134029@25.11.34 (190400-740024306):50)
04-14 23:59:14.533  3869  5565 E AuthPII :      at aupf.run(:com.google.android.gms@251134029@25.11.34 (190400-740024306):70)
04-14 23:59:14.533  3869  5565 E AuthPII :      at java.util.concurrent.ThreadPoolExecutor.runWorker(ThreadPoolExecutor.java:1145)
04-14 23:59:14.533  3869  5565 E AuthPII :      at java.util.concurrent.ThreadPoolExecutor$Worker.run(ThreadPoolExecutor.java:644)
04-14 23:59:14.533  3869  5565 E AuthPII :      at auut.run(:com.google.android.gms@251134029@25.11.34 (190400-740024306):8)
04-14 23:59:14.533  3869  5565 E AuthPII :      at java.lang.Thread.run(Thread.java:1012)
04-14 23:59:14.533  3869  5565 E AuthPII : Caused by: m.ks: Exception in CronetUrlRequest: net::ERR_INTERNET_DISCONNECTED, ErrorCode=2, InternalErrorCode=-106, Retryable=false
04-14 23:59:14.533  3869  5565 E AuthPII :      at org.chromium.net.impl.CronetUrlRequest.onError(:com.google.android.gms.dynamite_cronetdynamite@251134029@25.11.34 (190400-0):3)
04-14 23:59:14.533  3869  5565 E AuthPII : Message is Error when calling server using GmsNetworkStack.
04-14 23:59:14.533  3869  5565 E AuthPII : atme: Error when calling server using GmsNetworkStack.
04-14 23:59:14.533  3869  5565 E AuthPII :      at yqk.b(:com.google.android.gms@251134029@25.11.34 (190400-740024306):1357)
04-14 23:59:14.533  3869  5565 E AuthPII :      at yqi.a(:com.google.android.gms@251134029@25.11.34 (190400-740024306):551)
04-14 23:59:14.533  3869  5565 E AuthPII :      at yqh.b(:com.google.android.gms@251134029@25.11.34 (190400-740024306):104)
04-14 23:59:14.533  3869  5565 E AuthPII :      at sna.d(:com.google.android.gms@251134029@25.11.34 (190400-740024306):529)
04-14 23:59:14.533  3869  5565 E AuthPII :      at yjp.getAuthToken(:com.google.android.gms@251134029@25.11.34 (190400-740024306):402)
04-14 23:59:14.533  3869  5565 E AuthPII :      at android.accounts.AbstractAccountAuthenticator$Transport.getAuthToken(AbstractAccountAuthenticator.java:251)
04-14 23:59:14.533  3869  5565 E AuthPII :      at android.accounts.IAccountAuthenticator$Stub.onTransact(IAccountAuthenticator.java:253)
04-14 23:59:14.533  3869  5565 E AuthPII :      at android.os.Binder.transact(Binder.java:1183)
04-14 23:59:14.533  3869  5565 E AuthPII :      at btlu.onTransact(:com.google.android.gms@251134029@25.11.34 (190400-740024306):10)
04-14 23:59:14.533  3869  5565 E AuthPII :      at android.os.Binder.transact(Binder.java:1183)
04-14 23:59:14.533  3869  5565 E AuthPII :      at bkjd.onTransact(:com.google.android.gms@251134029@25.11.34 (190400-740024306):148)
04-14 23:59:14.533  3869  5565 E AuthPII :      at android.os.Binder.execTransactInternal(Binder.java:1344)
04-14 23:59:14.533  3869  5565 E AuthPII :      at android.os.Binder.execTransact(Binder.java:1275)
04-14 23:59:14.533  3869  5565 E AuthPII : Caused by: atme: Error requesting token.
04-14 23:59:14.533  3869  5565 E AuthPII :      at yqk.d(:com.google.android.gms@251134029@25.11.34 (190400-740024306):208)
04-14 23:59:14.533  3869  5565 E AuthPII :      at yqk.b(:com.google.android.gms@251134029@25.11.34 (190400-740024306):50)
04-14 23:59:14.533  3869  5565 E AuthPII :      ... 12 more
04-14 23:59:14.533  3869  5565 E AuthPII : Caused by: java.util.concurrent.ExecutionException: cbic: Failed to process request
04-14 23:59:14.533  3869  5565 E AuthPII :      at frzl.j(:com.google.android.gms@251134029@25.11.34 (190400-740024306):21)
04-14 23:59:14.533  3869  5565 E AuthPII :      at frzu.v(:com.google.android.gms@251134029@25.11.34 (190400-740024306):107)
04-14 23:59:14.533  3869  5565 E AuthPII :      at yqk.d(:com.google.android.gms@251134029@25.11.34 (190400-740024306):193)
04-14 23:59:14.533  3869  5565 E AuthPII :      ... 13 more
04-14 23:59:14.533  3869  5565 E AuthPII : Caused by: cbic: Failed to process request
04-14 23:59:14.533  3869  5565 E AuthPII :      at cbii.a(:com.google.android.gms@251134029@25.11.34 (190400-740024306):23)
04-14 23:59:14.533  3869  5565 E AuthPII :      at cbmh.b(:com.google.android.gms@251134029@25.11.34 (190400-740024306):15)
04-14 23:59:14.533  3869  5565 E AuthPII :      at cbmv.onFailed(:com.google.android.gms@251134029@25.11.34 (190400-740024306):15)
04-14 23:59:14.533  3869  5565 E AuthPII :      at m.li.onFailed(:com.google.android.gms.dynamite_cronetdynamite@251134029@25.11.34 (190400-0):3)
04-14 23:59:14.533  3869  5565 E AuthPII :      at m.kj.run(:com.google.android.gms.dynamite_cronetdynamite@251134029@25.11.34 (190400-0):16)
04-14 23:59:14.533  3869  5565 E AuthPII :      at aupf.c(:com.google.android.gms@251134029@25.11.34 (190400-740024306):50)
04-14 23:59:14.533  3869  5565 E AuthPII :      at aupf.run(:com.google.android.gms@251134029@25.11.34 (190400-740024306):70)
04-14 23:59:14.533  3869  5565 E AuthPII :      at java.util.concurrent.ThreadPoolExecutor.runWorker(ThreadPoolExecutor.java:1145)
04-14 23:59:14.533  3869  5565 E AuthPII :      at java.util.concurrent.ThreadPoolExecutor$Worker.run(ThreadPoolExecutor.java:644)
04-14 23:59:14.533  3869  5565 E AuthPII :      at auut.run(:com.google.android.gms@251134029@25.11.34 (190400-740024306):8)
04-14 23:59:14.533  3869  5565 E AuthPII :      at java.lang.Thread.run(Thread.java:1012)
04-14 23:59:14.533  3869  5565 E AuthPII : Caused by: m.ks: Exception in CronetUrlRequest: net::ERR_INTERNET_DISCONNECTED, ErrorCode=2, InternalErrorCode=-106, Retryable=false
04-14 23:59:14.533  3869  5565 E AuthPII :      at org.chromium.net.impl.CronetUrlRequest.onError(:com.google.android.gms.dynamite_cronetdynamite@251134029@25.11.34 (190400-0):3)
04-14 23:59:14.533  1771  1771 W Layer   : gatherBufferInfo: Received unknown dataspace from gralloc
04-14 23:59:14.534  3869  5565 W Auth    : [GetToken] GetToken failed with status code: NetworkError  [CONTEXT service_id=343 ]
04-14 23:59:14.534  3869  5565 W GLSActivity: [GmsAccountAuthenticatorImpl] error status while fetching token:NetworkError
04-14 23:59:14.538  5353 16103 W abrb    : (REDACTED) IO exception for scope: %s
04-14 23:59:14.538  5353 16103 W abrb    : java.io.IOException: NetworkError
04-14 23:59:14.538  5353 16103 W abrb    :      at android.accounts.AccountManager.convertErrorToException(AccountManager.java:2639)
04-14 23:59:14.538  5353 16103 W abrb    :      at android.accounts.AccountManager.-$$Nest$mconvertErrorToException(Unknown Source:0)
04-14 23:59:14.538  5353 16103 W abrb    :      at android.accounts.AccountManager$AmsTask$Response.onError(AccountManager.java:2490)
04-14 23:59:14.538  5353 16103 W abrb    :      at android.accounts.IAccountManagerResponse$Stub.onTransact(IAccountManagerResponse.java:107)
04-14 23:59:14.538  5353 16103 W abrb    :      at android.os.Binder.execTransactInternal(Binder.java:1344)
04-14 23:59:14.538  5353 16103 W abrb    :      at android.os.Binder.execTransact(Binder.java:1275)
04-14 23:59:14.539  5353 16104 I aues    : Using pair HTTP connection
04-14 23:59:14.539  5353  5353 E rbg     : onError
04-14 23:59:14.539  5353  5353 E rbg     : afsc: errorCode: 65561, engine: 2
04-14 23:59:14.539  5353  5353 E rbg     :      at aueu.a(PG:23)
04-14 23:59:14.539  5353  5353 E rbg     :      at abei.ht(PG:13)
04-14 23:59:14.539  5353  5353 E rbg     :      at fzys.e(PG:9)
04-14 23:59:14.539  5353  5353 E rbg     :      at agxl.d(PG:154)
04-14 23:59:14.539  5353  5353 E rbg     :      at agxl.iU(PG:26)
04-14 23:59:14.539  5353  5353 E rbg     :      at abej.c(PG:102)
04-14 23:59:14.539  5353  5353 E rbg     :      at abek.run(PG:1)
04-14 23:59:14.539  5353  5353 E rbg     :      at java.util.concurrent.Executors$RunnableAdapter.call(Executors.java:487)
04-14 23:59:14.539  5353  5353 E rbg     :      at java.util.concurrent.FutureTask.run(FutureTask.java:264)
04-14 23:59:14.539  5353  5353 E rbg     :      at agdc.run(PG:20)
04-14 23:59:14.539  5353  5353 E rbg     :      at agea.run(PG:3)
04-14 23:59:14.539  5353  5353 E rbg     :      at agea.run(PG:3)
04-14 23:59:14.539  5353  5353 E rbg     :      at java.util.concurrent.ThreadPoolExecutor.runWorker(ThreadPoolExecutor.java:1145)
04-14 23:59:14.539  5353  5353 E rbg     :      at java.util.concurrent.ThreadPoolExecutor$Worker.run(ThreadPoolExecutor.java:644)
04-14 23:59:14.539  5353  5353 E rbg     :      at java.lang.Thread.run(Thread.java:1012)
04-14 23:59:14.539  5353  5353 E rbg     :      at agcq.run(PG:42)
04-14 23:59:14.539  5353  5353 E rbg     : Caused by: afse: errorCode: 65586, engine: 2
04-14 23:59:14.539  5353  5353 E rbg     :      at abei.ht(PG:6)
04-14 23:59:14.539  5353  5353 E rbg     :      ... 14 more
04-14 23:59:14.539  5353  5353 E rbg     : Caused by: afsa: errorCode: 401, engine: 2
04-14 23:59:14.539  5353  5353 E rbg     :      at rbd.b(PG:30)
04-14 23:59:14.539  5353  5353 E rbg     :      at abff.hH(PG:11)
04-14 23:59:14.539  5353  5353 E rbg     :      at agxl.d(PG:129)
04-14 23:59:14.539  5353  5353 E rbg     :      ... 12 more
04-14 23:59:14.540  5353 16103 I abem    : [Upload] Connected
04-14 23:59:14.541  5353  5353 W qot     : Failed to sync device settings.
04-14 23:59:14.541  5353  5353 I qot     : Retrying to sync device settings.
04-14 23:59:14.542  1771  1771 W Layer   : gatherBufferInfo: Received unknown dataspace from gralloc
04-14 23:59:14.548  2664  2689 W JobScheduler: Job didn't exist in JobStore: ea1365a #u0a124/-353 com.google.android.googlequicksearchbox/com.google.android.apps.gsa.tasks.BackgroundTasksJobService
04-14 23:59:14.550  1771  1771 W Layer   : gatherBufferInfo: Received unknown dataspace from gralloc
04-14 23:59:14.558  1771  1771 W Layer   : gatherBufferInfo: Received unknown dataspace from gralloc
04-14 23:59:14.567  1771  1771 W Layer   : gatherBufferInfo: Received unknown dataspace from gralloc
04-14 23:59:14.575  1771  1771 W Layer   : gatherBufferInfo: Received unknown dataspace from gralloc
04-14 23:59:14.583  1771  1771 W Layer   : gatherBufferInfo: Received unknown dataspace from gralloc
04-14 23:59:14.592  1771  1771 W Layer   : gatherBufferInfo: Received unknown dataspace from gralloc
04-14 23:59:14.600  1771  1771 W Layer   : gatherBufferInfo: Received unknown dataspace from gralloc
04-14 23:59:14.608  1771  1771 W Layer   : gatherBufferInfo: Received unknown dataspace from gralloc
04-14 23:59:14.617  1771  1771 W Layer   : gatherBufferInfo: Received unknown dataspace from gralloc
04-14 23:59:14.625  1771  1771 W Layer   : gatherBufferInfo: Received unknown dataspace from gralloc
04-14 23:59:14.633  1771  1771 W Layer   : gatherBufferInfo: Received unknown dataspace from gralloc
04-14 23:59:14.642  1771  1771 W Layer   : gatherBufferInfo: Received unknown dataspace from gralloc
04-14 23:59:14.650  1771  1771 W Layer   : gatherBufferInfo: Received unknown dataspace from gralloc
04-14 23:59:14.658  1771  1771 W Layer   : gatherBufferInfo: Received unknown dataspace from gralloc
04-14 23:59:14.666  1771  1771 W Layer   : gatherBufferInfo: Received unknown dataspace from gralloc
04-14 23:59:14.675  1771  1771 W Layer   : gatherBufferInfo: Received unknown dataspace from gralloc
04-14 23:59:14.683  1771  1771 W Layer   : gatherBufferInfo: Received unknown dataspace from gralloc
04-14 23:59:14.691  1771  1771 W Layer   : gatherBufferInfo: Received unknown dataspace from gralloc
04-14 23:59:14.700  1771  1771 W Layer   : gatherBufferInfo: Received unknown dataspace from gralloc
04-14 23:59:14.708  1771  1771 W Layer   : gatherBufferInfo: Received unknown dataspace from gralloc
04-14 23:59:14.716  1771  1771 W Layer   : gatherBufferInfo: Received unknown dataspace from gralloc
04-14 23:59:14.725  1771  1771 W Layer   : gatherBufferInfo: Received unknown dataspace from gralloc
04-14 23:59:14.733  1771  1771 W Layer   : gatherBufferInfo: Received unknown dataspace from gralloc
04-14 23:59:14.741  1771  1771 W Layer   : gatherBufferInfo: Received unknown dataspace from gralloc
04-14 23:59:14.750  1771  1771 W Layer   : gatherBufferInfo: Received unknown dataspace from gralloc
04-14 23:59:14.758  1771  1771 W Layer   : gatherBufferInfo: Received unknown dataspace from gralloc
04-14 23:59:14.766  1771  1771 W Layer   : gatherBufferInfo: Received unknown dataspace from gralloc
04-14 23:59:14.775  1771  1771 W Layer   : gatherBufferInfo: Received unknown dataspace from gralloc
04-14 23:59:14.783  1771  1771 W Layer   : gatherBufferInfo: Received unknown dataspace from gralloc
04-14 23:59:14.791  1771  1771 W Layer   : gatherBufferInfo: Received unknown dataspace from gralloc
04-14 23:59:14.799  1771  1771 W Layer   : gatherBufferInfo: Received unknown dataspace from gralloc
04-14 23:59:14.808  1771  1771 W Layer   : gatherBufferInfo: Received unknown dataspace from gralloc
04-14 23:59:14.815  3432  3492 V WindowManagerShell: Transition animation finished (aborted=false), notifying core (#64)android.os.BinderProxy@594d546@0
04-14 23:59:14.816  1771  1771 W Layer   : gatherBufferInfo: Received unknown dataspace from gralloc
04-14 23:59:14.817  2664  2790 V WindowManager: Finish Transition #64: created at 04-14 23:59:14.408 collect-started=0.16ms request-sent=0.331ms started=9.462ms ready=31.125ms sent=67.316ms finished=408.765ms
04-14 23:59:14.819  2664  3795 W WindowManager: Exception thrown during dispatchAppVisibility Window{74e914d u0 ore.supply.OreApp/dev.dioxus.main.MainActivity EXITING}
04-14 23:59:14.819  2664  3795 W WindowManager: android.os.DeadObjectException
04-14 23:59:14.819  2664  3795 W WindowManager:         at android.os.BinderProxy.transactNative(Native Method)
04-14 23:59:14.819  2664  3795 W WindowManager:         at android.os.BinderProxy.transact(BinderProxy.java:584)
04-14 23:59:14.819  2664  3795 W WindowManager:         at android.view.IWindow$Stub$Proxy.dispatchAppVisibility(IWindow.java:546)
04-14 23:59:14.819  2664  3795 W WindowManager:         at com.android.server.wm.WindowState.sendAppVisibilityToClients(WindowState.java:3274)
04-14 23:59:14.819  2664  3795 W WindowManager:         at com.android.server.wm.WindowContainer.sendAppVisibilityToClients(WindowContainer.java:1221)
04-14 23:59:14.819  2664  3795 W WindowManager:         at com.android.server.wm.WindowToken.setClientVisible(WindowToken.java:409)
04-14 23:59:14.819  2664  3795 W WindowManager:         at com.android.server.wm.ActivityRecord.setClientVisible(ActivityRecord.java:7113)
04-14 23:59:14.819  2664  3795 W WindowManager:         at com.android.server.wm.ActivityRecord.postApplyAnimation(ActivityRecord.java:5669)
04-14 23:59:14.819  2664  3795 W WindowManager:         at com.android.server.wm.ActivityRecord.commitVisibility(ActivityRecord.java:5612)
04-14 23:59:14.819  2664  3795 W WindowManager:         at com.android.server.wm.Transition.finishTransition(Transition.java:1166)
04-14 23:59:14.819  2664  3795 W WindowManager:         at com.android.server.wm.TransitionController.finishTransition(TransitionController.java:868)
04-14 23:59:14.819  2664  3795 W WindowManager:         at com.android.server.wm.WindowOrganizerController.finishTransition(WindowOrganizerController.java:396)
04-14 23:59:14.819  2664  3795 W WindowManager:         at android.window.IWindowOrganizerController$Stub.onTransact(IWindowOrganizerController.java:286)
04-14 23:59:14.819  2664  3795 W WindowManager:         at com.android.server.wm.WindowOrganizerController.onTransact(WindowOrganizerController.java:181)
04-14 23:59:14.819  2664  3795 W WindowManager:         at android.os.Binder.execTransactInternal(Binder.java:1344)
04-14 23:59:14.819  2664  3795 W WindowManager:         at android.os.Binder.execTransact(Binder.java:1275)
04-14 23:59:14.819  2664  3795 I Process : Sending signal. PID: 15817 SIG: 9
04-14 23:59:14.824  1771  1771 W Layer   : gatherBufferInfo: Received unknown dataspace from gralloc
04-14 23:59:14.825  1771  1771 W Layer   : gatherBufferInfo: Received unknown dataspace from gralloc
04-14 23:59:14.826  2664  2793 W ActivityManager: setHasOverlayUi called on unknown pid: 15817
04-14 23:59:14.830  3432  3492 V WindowManagerShell: Track 0 became idle
04-14 23:59:14.830  3432  3492 V WindowManagerShell: All active transition animations finished
04-14 23:59:14.833  1771  1771 W Layer   : gatherBufferInfo: Received unknown dataspace from gralloc
04-14 23:59:14.833  1771  1771 W Layer   : gatherBufferInfo: Received unknown dataspace from gralloc
04-14 23:59:14.841  1771  1771 E BpTransactionCompletedListener: Failed to transact (-32)
04-14 23:59:14.842  1771  1771 W Layer   : gatherBufferInfo: Received unknown dataspace from gralloc
04-14 23:59:14.849  1771  1771 W Layer   : gatherBufferInfo: Received unknown dataspace from gralloc
04-14 23:59:14.858  1771  1771 W Layer   : gatherBufferInfo: Received unknown dataspace from gralloc
04-14 23:59:14.858  1771  1771 W Layer   : gatherBufferInfo: Received unknown dataspace from gralloc
04-14 23:59:14.866  1771  1771 W Layer   : gatherBufferInfo: Received unknown dataspace from gralloc
04-14 23:59:14.866  1771  1771 W Layer   : gatherBufferInfo: Received unknown dataspace from gralloc
