04-14 23:59:03.347  2664  2790 I ActivityTaskManager: Displayed ore.supply.OreApp/dev.dioxus.main.MainActivity for user 0: +211ms
04-14 23:59:03.347 15817 15867 W cr_media: BLUETOOTH_CONNECT permission is missing.
04-14 23:59:03.348 15817 15867 W cr_media: getBluetoothAdapter() requires BLUETOOTH permission
04-14 23:59:03.348 15817 15867 W cr_media: registerBluetoothIntentsIfNeeded: Requires BLUETOOTH permission
04-14 23:59:03.353  1771  1771 W Layer   : gatherBufferInfo: Received unknown dataspace from gralloc
04-14 23:59:03.354 15859 15892 I cr_LibraryLoader: Successfully loaded native library
04-14 23:59:03.357 15859 15892 I cr_CachingUmaRecorder: Flushed 2 samples from 2 histograms, 0 samples were dropped.
04-14 23:59:03.361  1771  1771 W Layer   : gatherBufferInfo: Received unknown dataspace from gralloc
04-14 23:59:03.361  1771  1771 W Layer   : gatherBufferInfo: Received unknown dataspace from gralloc
04-14 23:59:03.364 15859 15892 W SystemServiceRegistry: No service published for: uimode
04-14 23:59:03.369  2664  3790 D CompatibilityChangeReporter: Compat change id reported: 214016041; UID 10250; state: ENABLED
04-14 23:59:03.369  2664  3790 I ImeTracker: ore.supply.OreApp:715d7626: onRequestHide at ORIGIN_SERVER_HIDE_INPUT reason HIDE_UNSPECIFIED_WINDOW
04-14 23:59:03.369  2664  3790 I ImeTracker: ore.supply.OreApp:715d7626: onCancelled at PHASE_SERVER_SHOULD_HIDE
04-14 23:59:03.370  1771  1771 W Layer   : gatherBufferInfo: Received unknown dataspace from gralloc
04-14 23:59:03.370  1771  1771 W Layer   : gatherBufferInfo: Received unknown dataspace from gralloc
04-14 23:59:03.373  4989  4989 I GoogleInputMethodService: GoogleInputMethodService.onFinishInput():2043
04-14 23:59:03.375  4989  4989 I Module  : DeviceLockedStatusModuleProvider$Module.updateDeviceLockedStatus():100 repeatCheckTimes = 0, locked = false
04-14 23:59:03.375 15859 15892 W chromium: [WARNING:runtime_features.cc(557)] Fenced frames cannot be enabled in this configuration. Use --enable-features=FencedFrames instead.
04-14 23:59:03.375 15859 15892 W chromium: [WARNING:runtime_features.cc(582)] Topics cannot be enabled in this configuration. Use --enable-features=BrowsingTopics in addition.
04-14 23:59:03.375 15859 15892 W chromium: [WARNING:runtime_features.cc(603)] SharedStorage cannot be enabled in this configuration. Use --enable-features=SharedStorageAPI in addition.
04-14 23:59:03.375  4989  4989 I GoogleInputMethodService: GoogleInputMethodService.onStartInput():1293 onStartInput(EditorInfo{EditorInfo{packageName=ore.supply.OreApp, inputType=0, inputTypeString=NULL, enableLearning=false, autoCorrection=false, autoComplete=false, imeOptions=0, privateImeOptions=null, actionName=UNSPECIFIED, actionLabel=null, initialSelStart=-1, initialSelEnd=-1, initialCapsMode=0, label=null, fieldId=0, fieldName=null, extras=null, hintText=null, hintLocales=[]}}, false)
04-14 23:59:03.377  4989  4989 I Module  : DeviceLockedStatusModuleProvider$Module.updateDeviceLockedStatus():100 repeatCheckTimes = 1, locked = false
04-14 23:59:03.377  4989  4989 I EmojiCompatManager: EmojiCompatManager.getEmojiCompatIfLoaded():343 EmojiCompat.init() was never called.
04-14 23:59:03.377  4989  4989 I EmojiCompatManager: java.lang.IllegalStateException: EmojiCompat is not initialized. Please call EmojiCompat.init() first
04-14 23:59:03.377  4989  4989 I EmojiCompatManager:    at asx.p(PG:6)
04-14 23:59:03.377  4989  4989 I EmojiCompatManager:    at axb.b(PG:13)
04-14 23:59:03.377  4989  4989 I EmojiCompatManager:    at jnr.b(PG:2)
04-14 23:59:03.377  4989  4989 I EmojiCompatManager:    at jnr.c(PG:4)
04-14 23:59:03.377  4989  4989 I EmojiCompatManager:    at jnr.f(PG:3)
04-14 23:59:03.377  4989  4989 I EmojiCompatManager:    at jnx.c(PG:3)
04-14 23:59:03.377  4989  4989 I EmojiCompatManager:    at kif.cz(PG:47)
04-14 23:59:03.377  4989  4989 I EmojiCompatManager:    at lhl.run(PG:1025)
04-14 23:59:03.377  4989  4989 I EmojiCompatManager:    at jaf.execute(PG:12)
04-14 23:59:03.377  4989  4989 I EmojiCompatManager:    at nco.v(PG:13)
04-14 23:59:03.377  4989  4989 I EmojiCompatManager:    at lhn.m(PG:96)
04-14 23:59:03.377  4989  4989 I EmojiCompatManager:    at lhn.k(PG:25)
04-14 23:59:03.377  4989  4989 I EmojiCompatManager:    at kgn.onStartInput(PG:250)
04-14 23:59:03.377  4989  4989 I EmojiCompatManager:    at android.inputmethodservice.InputMethodService.doStartInput(InputMethodService.java:3115)
04-14 23:59:03.377  4989  4989 I EmojiCompatManager:    at android.inputmethodservice.InputMethodService$InputMethodImpl.startInput(InputMethodService.java:824)
04-14 23:59:03.377  4989  4989 I EmojiCompatManager:    at android.inputmethodservice.InputMethodService$InputMethodImpl.dispatchStartInput(InputMethodService.java:853)
04-14 23:59:03.377  4989  4989 I EmojiCompatManager:    at android.inputmethodservice.IInputMethodWrapper.executeMessage(IInputMethodWrapper.java:197)
04-14 23:59:03.377  4989  4989 I EmojiCompatManager:    at com.android.internal.os.HandlerCaller$MyHandler.handleMessage(HandlerCaller.java:44)
04-14 23:59:03.377  4989  4989 I EmojiCompatManager:    at android.os.Handler.dispatchMessage(Handler.java:106)
04-14 23:59:03.377  4989  4989 I EmojiCompatManager:    at android.os.Looper.loopOnce(Looper.java:205)
04-14 23:59:03.377  4989  4989 I EmojiCompatManager:    at android.os.Looper.loop(Looper.java:294)
04-14 23:59:03.377  4989  4989 I EmojiCompatManager:    at android.app.ActivityThread.main(ActivityThread.java:8223)
04-14 23:59:03.377  4989  4989 I EmojiCompatManager:    at java.lang.reflect.Method.invoke(Native Method)
04-14 23:59:03.377  4989  4989 I EmojiCompatManager:    at com.android.internal.os.RuntimeInit$MethodAndArgsCaller.run(RuntimeInit.java:552)
04-14 23:59:03.377  4989  4989 I EmojiCompatManager:    at com.android.internal.os.ZygoteInit.main(ZygoteInit.java:977)
04-14 23:59:03.378  2664  2688 W PackageConfigPersister: App-specific configuration not found for packageName: ore.supply.OreApp and userId: 0
04-14 23:59:03.378  1771  1771 W Layer   : gatherBufferInfo: Received unknown dataspace from gralloc
04-14 23:59:03.378  1771  1771 W Layer   : gatherBufferInfo: Received unknown dataspace from gralloc
04-14 23:59:03.386  1771  1771 W Layer   : gatherBufferInfo: Received unknown dataspace from gralloc
04-14 23:59:03.386  1771  1771 W Layer   : gatherBufferInfo: Received unknown dataspace from gralloc
04-14 23:59:03.386  1771  1771 W Layer   : gatherBufferInfo: Received unknown dataspace from gralloc
04-14 23:59:03.387 15817 15861 E chromium: [ERROR:directory_reader_posix.cc(43)] opendir /data/user/0/ore.supply.OreApp/cache/WebView/Crashpad/attachments/8a97e500-1f29-4bd8-b099-81506c1df6bd: No such file or directory (2)
04-14 23:59:03.387 15817 15839 I RustStdoutStderr: [ERROR:directory_reader_posix.cc(43)] opendir /data/user/0/ore.supply.OreApp/cache/WebView/Crashpad/attachments/8a97e500-1f29-4bd8-b099-81506c1df6bd: No such file or directory (2)
04-14 23:59:03.390  3869  5673 I FontLog : (REDACTED) Received query %s, URI %s
04-14 23:59:03.390  3869  5673 I FontLog : (REDACTED) Query [%s] resolved to %s
04-14 23:59:03.391  3869  5673 I FontLog : (REDACTED) Font PFD returned from cache for %s
04-14 23:59:03.393  3869  5673 I FontLog : (REDACTED) Fetch %s end status %s
04-14 23:59:03.395  1771  1771 W Layer   : gatherBufferInfo: Received unknown dataspace from gralloc
04-14 23:59:03.395  1771  1771 W Layer   : gatherBufferInfo: Received unknown dataspace from gralloc
04-14 23:59:03.395  1771  1771 W Layer   : gatherBufferInfo: Received unknown dataspace from gralloc
04-14 23:59:03.395  3869  5673 I FontLog : (REDACTED) Pulling font file for id = %d, cache size = %d
04-14 23:59:03.399 15817 15861 W chromium: [WARNING:minidump_to_upload_parameters.cc(67)] duplicate annotation name ptype, discarding value browser
04-14 23:59:03.399 15817 15839 I RustStdoutStderr: [WARNING:minidump_to_upload_parameters.cc(67)] duplicate annotation name ptype, discarding value browser
04-14 23:59:03.400  3869  5673 I FontLog : (REDACTED) Received query %s, URI %s
04-14 23:59:03.400  3869  5673 I FontLog : (REDACTED) Query [%s] resolved to %s
04-14 23:59:03.403  3869  5673 I FontLog : (REDACTED) Fetch %s end status %s
04-14 23:59:03.403  1771  1771 W Layer   : gatherBufferInfo: Received unknown dataspace from gralloc
04-14 23:59:03.403  1771  1771 W Layer   : gatherBufferInfo: Received unknown dataspace from gralloc
04-14 23:59:03.403  1771  1771 W Layer   : gatherBufferInfo: Received unknown dataspace from gralloc
04-14 23:59:03.405 15817 15862 D CompatibilityChangeReporter: Compat change id reported: 263076149; UID 10250; state: DISABLED
04-14 23:59:03.405  3869  5673 I FontLog : (REDACTED) Pulling font file for id = %d, cache size = %d
04-14 23:59:03.410  3869  5673 I FontLog : (REDACTED) Received query %s, URI %s
04-14 23:59:03.410  3869  5673 I FontLog : (REDACTED) Query [%s] resolved to %s
04-14 23:59:03.410  3869  5673 I FontLog : (REDACTED) Font PFD returned from cache for %s
04-14 23:59:03.410  3869  5673 I FontLog : (REDACTED) Fetch %s end status %s
04-14 23:59:03.411  1771  1771 W Layer   : gatherBufferInfo: Received unknown dataspace from gralloc
04-14 23:59:03.411  1771  1771 W Layer   : gatherBufferInfo: Received unknown dataspace from gralloc
04-14 23:59:03.411  3869  5673 I FontLog : (REDACTED) Pulling font file for id = %d, cache size = %d
04-14 23:59:03.413  3869  5673 I FontLog : (REDACTED) Received query %s, URI %s
04-14 23:59:03.414  3869  5673 I FontLog : (REDACTED) Query [%s] resolved to %s
04-14 23:59:03.415  3869  5673 I FontLog : (REDACTED) Font PFD returned from cache for %s
04-14 23:59:03.415  3869  5673 I FontLog : (REDACTED) Fetch %s end status %s
04-14 23:59:03.416  3869  5673 I FontLog : (REDACTED) Pulling font file for id = %d, cache size = %d
04-14 23:59:03.417  6938 15886 I cr_MinidumpJobService: Scheduling upload of all pending minidumps.
04-14 23:59:03.419 15817 15881 W AudioCapabilities: Unsupported mime audio/alac
04-14 23:59:03.419 15817 15881 W AudioCapabilities: Unsupported mime audio/x-ape
04-14 23:59:03.420  1771  1771 W Layer   : gatherBufferInfo: Received unknown dataspace from gralloc
04-14 23:59:03.420  1771  1771 W Layer   : gatherBufferInfo: Received unknown dataspace from gralloc
04-14 23:59:03.420 15817 15881 W AudioCapabilities: Unsupported mime audio/evrc
04-14 23:59:03.420 15817 15881 W AudioCapabilities: Unsupported mime audio/qcelp
04-14 23:59:03.420 15817 15881 W AudioCapabilities: Unsupported mime audio/dsd
04-14 23:59:03.420 15817 15881 W AudioCapabilities: Unsupported mime audio/amr-wb-plus
04-14 23:59:03.420 15817 15881 W AudioCapabilities: Unsupported mime audio/x-ms-wma
04-14 23:59:03.420 15817 15881 W AudioCapabilities: Unsupported mime audio/evrc
04-14 23:59:03.420  3869  5673 I FontLog : (REDACTED) Received query %s, URI %s
04-14 23:59:03.421  3869  5673 I FontLog : (REDACTED) Query [%s] resolved to %s
04-14 23:59:03.421 15817 15881 W AudioCapabilities: Unsupported mime audio/qcelp
04-14 23:59:03.421 15817 15881 W AudioCapabilities: Unsupported mime audio/alac
04-14 23:59:03.421 15817 15881 W AudioCapabilities: Unsupported mime audio/x-ape
04-14 23:59:03.421  3869  5673 I FontLog : (REDACTED) Font PFD returned from cache for %s
04-14 23:59:03.421  3869  5673 I FontLog : (REDACTED) Fetch %s end status %s
04-14 23:59:03.423  3869  4035 I FontLog : (REDACTED) Pulling font file for id = %d, cache size = %d
04-14 23:59:03.425 15817 15881 W VideoCapabilities: Unsupported mime image/vnd.android.heic
04-14 23:59:03.425 15817 15881 W VideoCapabilities: Unsupported mime image/vnd.android.heic
04-14 23:59:03.428  1771  1771 W Layer   : gatherBufferInfo: Received unknown dataspace from gralloc
04-14 23:59:03.428  1771  1771 W Layer   : gatherBufferInfo: Received unknown dataspace from gralloc
04-14 23:59:03.436  1771  1771 W Layer   : gatherBufferInfo: Received unknown dataspace from gralloc
04-14 23:59:03.436  1771  1771 W Layer   : gatherBufferInfo: Received unknown dataspace from gralloc
04-14 23:59:03.444  1771  1771 W Layer   : gatherBufferInfo: Received unknown dataspace from gralloc
04-14 23:59:03.444  1771  1771 W Layer   : gatherBufferInfo: Received unknown dataspace from gralloc
04-14 23:59:03.453  1771  1771 W Layer   : gatherBufferInfo: Received unknown dataspace from gralloc
04-14 23:59:03.453  1771  1771 W Layer   : gatherBufferInfo: Received unknown dataspace from gralloc
04-14 23:59:03.461  1771  1771 W Layer   : gatherBufferInfo: Received unknown dataspace from gralloc
04-14 23:59:03.461  1771  1771 W Layer   : gatherBufferInfo: Received unknown dataspace from gralloc
04-14 23:59:03.469  1771  1771 W Layer   : gatherBufferInfo: Received unknown dataspace from gralloc
04-14 23:59:03.469  1771  1771 W Layer   : gatherBufferInfo: Received unknown dataspace from gralloc
04-14 23:59:03.478  1771  1771 W Layer   : gatherBufferInfo: Received unknown dataspace from gralloc
04-14 23:59:03.478  1771  1771 W Layer   : gatherBufferInfo: Received unknown dataspace from gralloc
04-14 23:59:03.478  1771  1771 W Layer   : gatherBufferInfo: Received unknown dataspace from gralloc
04-14 23:59:03.486  1771  1771 W Layer   : gatherBufferInfo: Received unknown dataspace from gralloc
04-14 23:59:03.486  1771  1771 W Layer   : gatherBufferInfo: Received unknown dataspace from gralloc
04-14 23:59:03.486  1771  1771 W Layer   : gatherBufferInfo: Received unknown dataspace from gralloc
04-14 23:59:03.486  1771  1771 W Layer   : gatherBufferInfo: Received unknown dataspace from gralloc
04-14 23:59:03.494  1771  1771 W Layer   : gatherBufferInfo: Received unknown dataspace from gralloc
04-14 23:59:03.494  1771  1771 W Layer   : gatherBufferInfo: Received unknown dataspace from gralloc
04-14 23:59:03.494  1771  1771 W Layer   : gatherBufferInfo: Received unknown dataspace from gralloc
04-14 23:59:03.494  1771  1771 W Layer   : gatherBufferInfo: Received unknown dataspace from gralloc
04-14 23:59:03.503  1771  1771 W Layer   : gatherBufferInfo: Received unknown dataspace from gralloc
04-14 23:59:03.503  1771  1771 W Layer   : gatherBufferInfo: Received unknown dataspace from gralloc
04-14 23:59:03.503  1771  1771 W Layer   : gatherBufferInfo: Received unknown dataspace from gralloc
04-14 23:59:03.503  1771  1771 W Layer   : gatherBufferInfo: Received unknown dataspace from gralloc
04-14 23:59:03.511  1771  1771 W Layer   : gatherBufferInfo: Received unknown dataspace from gralloc
04-14 23:59:03.511  1771  1771 W Layer   : gatherBufferInfo: Received unknown dataspace from gralloc
04-14 23:59:03.511  1771  1771 W Layer   : gatherBufferInfo: Received unknown dataspace from gralloc
04-14 23:59:03.511  1771  1771 W Layer   : gatherBufferInfo: Received unknown dataspace from gralloc
04-14 23:59:03.519  1771  1771 W Layer   : gatherBufferInfo: Received unknown dataspace from gralloc
04-14 23:59:03.519  1771  1771 W Layer   : gatherBufferInfo: Received unknown dataspace from gralloc
04-14 23:59:03.519  1771  1771 W Layer   : gatherBufferInfo: Received unknown dataspace from gralloc
04-14 23:59:03.519  1771  1771 W Layer   : gatherBufferInfo: Received unknown dataspace from gralloc
04-14 23:59:03.528  1771  1771 W Layer   : gatherBufferInfo: Received unknown dataspace from gralloc
04-14 23:59:03.528  1771  1771 W Layer   : gatherBufferInfo: Received unknown dataspace from gralloc
04-14 23:59:03.528  1771  1771 W Layer   : gatherBufferInfo: Received unknown dataspace from gralloc
04-14 23:59:03.528  1771  1771 W Layer   : gatherBufferInfo: Received unknown dataspace from gralloc
04-14 23:59:03.536  1771  1771 W Layer   : gatherBufferInfo: Received unknown dataspace from gralloc
04-14 23:59:03.536  1771  1771 W Layer   : gatherBufferInfo: Received unknown dataspace from gralloc
04-14 23:59:03.536  1771  1771 W Layer   : gatherBufferInfo: Received unknown dataspace from gralloc
04-14 23:59:03.536  1771  1771 W Layer   : gatherBufferInfo: Received unknown dataspace from gralloc
04-14 23:59:03.544  1771  1771 W Layer   : gatherBufferInfo: Received unknown dataspace from gralloc
04-14 23:59:03.544  1771  1771 W Layer   : gatherBufferInfo: Received unknown dataspace from gralloc
04-14 23:59:03.544  1771  1771 W Layer   : gatherBufferInfo: Received unknown dataspace from gralloc
04-14 23:59:03.544  1771  1771 W Layer   : gatherBufferInfo: Received unknown dataspace from gralloc
04-14 23:59:03.552  1771  1771 W Layer   : gatherBufferInfo: Received unknown dataspace from gralloc
04-14 23:59:03.552  1771  1771 W Layer   : gatherBufferInfo: Received unknown dataspace from gralloc
04-14 23:59:03.552  1771  1771 W Layer   : gatherBufferInfo: Received unknown dataspace from gralloc
04-14 23:59:03.552  1771  1771 W Layer   : gatherBufferInfo: Received unknown dataspace from gralloc
04-14 23:59:03.561  1771  1771 W Layer   : gatherBufferInfo: Received unknown dataspace from gralloc
04-14 23:59:03.561  1771  1771 W Layer   : gatherBufferInfo: Received unknown dataspace from gralloc
04-14 23:59:03.561  1771  1771 W Layer   : gatherBufferInfo: Received unknown dataspace from gralloc
04-14 23:59:03.561  1771  1771 W Layer   : gatherBufferInfo: Received unknown dataspace from gralloc
04-14 23:59:03.569  1771  1771 W Layer   : gatherBufferInfo: Received unknown dataspace from gralloc
04-14 23:59:03.569  1771  1771 W Layer   : gatherBufferInfo: Received unknown dataspace from gralloc
04-14 23:59:03.569  1771  1771 W Layer   : gatherBufferInfo: Received unknown dataspace from gralloc
04-14 23:59:03.569  1771  1771 W Layer   : gatherBufferInfo: Received unknown dataspace from gralloc
04-14 23:59:03.577  1771  1771 W Layer   : gatherBufferInfo: Received unknown dataspace from gralloc
04-14 23:59:03.577  1771  1771 W Layer   : gatherBufferInfo: Received unknown dataspace from gralloc
04-14 23:59:03.577  1771  1771 W Layer   : gatherBufferInfo: Received unknown dataspace from gralloc
04-14 23:59:03.577  1771  1771 W Layer   : gatherBufferInfo: Received unknown dataspace from gralloc
04-14 23:59:03.579 15817 15839 I RustStdoutStderr: Rust: Attempting to call Kotlin add for 10 + 10
04-14 23:59:03.579 15817 15840 D KotlinAdder: Kotlin static add method called with: 10 + 10
04-14 23:59:03.579 15817 15840 D KotlinAdder: Kotlin static add result: 20
04-14 23:59:03.579 15817 15839 I RustStdoutStderr: Rust: Calling Kotlin method add with signature (JJ)J
04-14 23:59:03.579 15817 15839 I RustStdoutStderr: Rust: Successfully called Kotlin method add. Result: 20
04-14 23:59:03.586  1771  1771 W Layer   : gatherBufferInfo: Received unknown dataspace from gralloc
04-14 23:59:03.586  1771  1771 W Layer   : gatherBufferInfo: Received unknown dataspace from gralloc
04-14 23:59:03.586  1771  1771 W Layer   : gatherBufferInfo: Received unknown dataspace from gralloc
04-14 23:59:03.586  1771  1771 W Layer   : gatherBufferInfo: Received unknown dataspace from gralloc
04-14 23:59:03.594  1771  1771 W Layer   : gatherBufferInfo: Received unknown dataspace from gralloc
04-14 23:59:03.594  1771  1771 W Layer   : gatherBufferInfo: Received unknown dataspace from gralloc
04-14 23:59:03.594  1771  1771 W Layer   : gatherBufferInfo: Received unknown dataspace from gralloc
04-14 23:59:03.594  1771  1771 W Layer   : gatherBufferInfo: Received unknown dataspace from gralloc
04-14 23:59:03.594  1771  1771 W Layer   : gatherBufferInfo: Received unknown dataspace from gralloc
04-14 23:59:03.602  1771  1771 W Layer   : gatherBufferInfo: Received unknown dataspace from gralloc
04-14 23:59:03.602  1771  1771 W Layer   : gatherBufferInfo: Received unknown dataspace from gralloc
04-14 23:59:03.602  1771  1771 W Layer   : gatherBufferInfo: Received unknown dataspace from gralloc
04-14 23:59:03.611  1771  1771 W Layer   : gatherBufferInfo: Received unknown dataspace from gralloc
04-14 23:59:03.611  1771  1771 W Layer   : gatherBufferInfo: Received unknown dataspace from gralloc
04-14 23:59:03.619  1771  1771 W Layer   : gatherBufferInfo: Received unknown dataspace from gralloc
04-14 23:59:03.619  1771  1771 W Layer   : gatherBufferInfo: Received unknown dataspace from gralloc
04-14 23:59:03.627  1771  1771 W Layer   : gatherBufferInfo: Received unknown dataspace from gralloc
04-14 23:59:03.627  1771  1771 W Layer   : gatherBufferInfo: Received unknown dataspace from gralloc
04-14 23:59:03.627  1771  1771 W Layer   : gatherBufferInfo: Received unknown dataspace from gralloc
04-14 23:59:03.636  1771  1771 W Layer   : gatherBufferInfo: Received unknown dataspace from gralloc
04-14 23:59:03.636  1771  1771 W Layer   : gatherBufferInfo: Received unknown dataspace from gralloc
04-14 23:59:03.636  1771  1771 W Layer   : gatherBufferInfo: Received unknown dataspace from gralloc
04-14 23:59:03.644  1771  1771 W Layer   : gatherBufferInfo: Received unknown dataspace from gralloc
04-14 23:59:03.644  1771  1771 W Layer   : gatherBufferInfo: Received unknown dataspace from gralloc
04-14 23:59:03.644  1771  1771 W Layer   : gatherBufferInfo: Received unknown dataspace from gralloc
04-14 23:59:03.652  1771  1771 W Layer   : gatherBufferInfo: Received unknown dataspace from gralloc
04-14 23:59:03.652  1771  1771 W Layer   : gatherBufferInfo: Received unknown dataspace from gralloc
04-14 23:59:03.652  1771  1771 W Layer   : gatherBufferInfo: Received unknown dataspace from gralloc
04-14 23:59:03.660  1771  1771 W Layer   : gatherBufferInfo: Received unknown dataspace from gralloc
04-14 23:59:03.660  1771  1771 W Layer   : gatherBufferInfo: Received unknown dataspace from gralloc
04-14 23:59:03.661  1771  1771 W Layer   : gatherBufferInfo: Received unknown dataspace from gralloc
04-14 23:59:03.669  1771  1771 W Layer   : gatherBufferInfo: Received unknown dataspace from gralloc
04-14 23:59:03.669  1771  1771 W Layer   : gatherBufferInfo: Received unknown dataspace from gralloc
04-14 23:59:03.669  1771  1771 W Layer   : gatherBufferInfo: Received unknown dataspace from gralloc
04-14 23:59:03.677  1771  1771 W Layer   : gatherBufferInfo: Received unknown dataspace from gralloc
04-14 23:59:03.677  1771  1771 W Layer   : gatherBufferInfo: Received unknown dataspace from gralloc
04-14 23:59:03.677  1771  1771 W Layer   : gatherBufferInfo: Received unknown dataspace from gralloc
04-14 23:59:03.685  1771  1771 W Layer   : gatherBufferInfo: Received unknown dataspace from gralloc
04-14 23:59:03.685  1771  1771 W Layer   : gatherBufferInfo: Received unknown dataspace from gralloc
04-14 23:59:03.685  1771  1771 W Layer   : gatherBufferInfo: Received unknown dataspace from gralloc
04-14 23:59:03.694  1771  1771 W Layer   : gatherBufferInfo: Received unknown dataspace from gralloc
04-14 23:59:03.694  1771  1771 W Layer   : gatherBufferInfo: Received unknown dataspace from gralloc
04-14 23:59:03.694  1771  1771 W Layer   : gatherBufferInfo: Received unknown dataspace from gralloc
04-14 23:59:03.701  3432  3492 V WindowManagerShell: Transition animation finished (aborted=false), notifying core (#63)android.os.BinderProxy@ed28f2f@0
04-14 23:59:03.702  1771  1771 W Layer   : gatherBufferInfo: Received unknown dataspace from gralloc
04-14 23:59:03.702  1771  1771 W Layer   : gatherBufferInfo: Received unknown dataspace from gralloc
04-14 23:59:03.702  1771  1771 W Layer   : gatherBufferInfo: Received unknown dataspace from gralloc
04-14 23:59:03.703  2664  2790 V WindowManager: Finish Transition #63: created at 04-14 23:59:03.146 collect-started=0.438ms request-sent=9.652ms started=18.202ms ready=31.418ms sent=32.552ms finished=556.936ms
04-14 23:59:03.705  3432  3492 V WindowManagerShell: Track 0 became idle
04-14 23:59:03.705  3432  3492 V WindowManagerShell: All active transition animations finished
04-14 23:59:03.707  3635  6316 W DynamicDDSService: appName is not found in cache: com.android.launcher3
04-14 23:59:03.708  3432  3506 W WindowOnBackDispatcher: sendCancelIfRunning: isInProgress=falsecallback=android.view.ViewRootImpl$$ExternalSyntheticLambda17@ec811be
04-14 23:59:03.708  2664  3790 D CoreBackPreview: Window{ca7fe97 u0 Splash Screen ore.supply.OreApp EXITING}: Setting back callback null
04-14 23:59:03.709  2664  2689 W InputManager-JNI: Input channel object 'ca7fe97 Splash Screen ore.supply.OreApp (client)' was disposed without first being removed with the input manager!
04-14 23:59:03.711  1771  1771 W Layer   : gatherBufferInfo: Received unknown dataspace from gralloc
04-14 23:59:03.711  1771  1771 W Layer   : gatherBufferInfo: Received unknown dataspace from gralloc
04-14 23:59:03.711  1771  1771 W Layer   : gatherBufferInfo: Received unknown dataspace from gralloc
04-14 23:59:03.719  1771  1771 W Layer   : gatherBufferInfo: Received unknown dataspace from gralloc
04-14 23:59:03.719  1771  1771 W Layer   : gatherBufferInfo: Received unknown dataspace from gralloc
04-14 23:59:03.719  1771  1771 W Layer   : gatherBufferInfo: Received unknown dataspace from gralloc
04-14 23:59:03.719  1771  1771 W Layer   : gatherBufferInfo: Received unknown dataspace from gralloc
04-14 23:59:03.722  3810  3873 I ImeTracker: com.android.launcher3:502fed2: onRequestHide at ORIGIN_CLIENT_HIDE_SOFT_INPUT reason HIDE_SOFT_INPUT
04-14 23:59:03.722  5353  5353 I ckty    : onStop
04-14 23:59:03.722  3810  3873 I ImeTracker: com.android.launcher3:502fed2: onFailed at PHASE_CLIENT_VIEW_SERVED
04-14 23:59:03.723  3869  4035 I FontLog : (REDACTED) Received query %s, URI %s
04-14 23:59:03.723  3869  4035 I FontLog : (REDACTED) Query [%s] resolved to %s
04-14 23:59:03.724  3869  4035 I FontLog : (REDACTED) Fetch %s end status %s
04-14 23:59:03.725  3869  4035 I FontLog : (REDACTED) Pulling font file for id = %d, cache size = %d
04-14 23:59:03.727  3869  4035 I FontLog : (REDACTED) Pulling font file for id = %d, cache size = %d
04-14 23:59:03.727  1771  1771 W Layer   : gatherBufferInfo: Received unknown dataspace from gralloc
04-14 23:59:03.744  1771  1771 W Layer   : gatherBufferInfo: Received unknown dataspace from gralloc
04-14 23:59:03.760  1771  1771 W Layer   : gatherBufferInfo: Received unknown dataspace from gralloc
04-14 23:59:03.777  1771  1771 W Layer   : gatherBufferInfo: Received unknown dataspace from gralloc
04-14 23:59:03.785  1771  1771 W Layer   : gatherBufferInfo: Received unknown dataspace from gralloc
04-14 23:59:03.810  1771  1771 W Layer   : gatherBufferInfo: Received unknown dataspace from gralloc
04-14 23:59:03.835  1771  1771 W Layer   : gatherBufferInfo: Received unknown dataspace from gralloc
04-14 23:59:03.852  1771  1771 W Layer   : gatherBufferInfo: Received unknown dataspace from gralloc
04-14 23:59:03.860  1771  1771 W Layer   : gatherBufferInfo: Received unknown dataspace from gralloc
04-14 23:59:03.868  1771  1771 W Layer   : gatherBufferInfo: Received unknown dataspace from gralloc
04-14 23:59:03.868  1771  1771 W Layer   : gatherBufferInfo: Received unknown dataspace from gralloc
04-14 23:59:03.893  1771  1771 W Layer   : gatherBufferInfo: Received unknown dataspace from gralloc
04-14 23:59:03.926  1771  1771 W Layer   : gatherBufferInfo: Received unknown dataspace from gralloc
04-14 23:59:03.951  1771  1771 W Layer   : gatherBufferInfo: Received unknown dataspace from gralloc
04-14 23:59:03.960  1771  1771 W Layer   : gatherBufferInfo: Received unknown dataspace from gralloc
04-14 23:59:04.001  1771  1771 W Layer   : gatherBufferInfo: Received unknown dataspace from gralloc
04-14 23:59:04.010  1771  1771 W Layer   : gatherBufferInfo: Received unknown dataspace from gralloc
04-14 23:59:04.043  1771  1771 W Layer   : gatherBufferInfo: Received unknown dataspace from gralloc
04-14 23:59:04.068  1771  1771 W Layer   : gatherBufferInfo: Received unknown dataspace from gralloc
04-14 23:59:04.084  1771  1771 W Layer   : gatherBufferInfo: Received unknown dataspace from gralloc
04-14 23:59:04.101  1771  1771 W Layer   : gatherBufferInfo: Received unknown dataspace from gralloc
04-14 23:59:04.109  1771  1771 W Layer   : gatherBufferInfo: Received unknown dataspace from gralloc
04-14 23:59:04.142  1771  1771 W Layer   : gatherBufferInfo: Received unknown dataspace from gralloc
04-14 23:59:04.192  1771  1771 W Layer   : gatherBufferInfo: Received unknown dataspace from gralloc
04-14 23:59:04.226  1771  1771 W Layer   : gatherBufferInfo: Received unknown dataspace from gralloc
04-14 23:59:04.251  1771  1771 W Layer   : gatherBufferInfo: Received unknown dataspace from gralloc
04-14 23:59:04.317  1771  1771 W Layer   : gatherBufferInfo: Received unknown dataspace from gralloc
04-14 23:59:04.392  1771  1771 W Layer   : gatherBufferInfo: Received unknown dataspace from gralloc
04-14 23:59:04.434  1771  1771 W Layer   : gatherBufferInfo: Received unknown dataspace from gralloc
04-14 23:59:04.475  1771  1771 W Layer   : gatherBufferInfo: Received unknown dataspace from gralloc
04-14 23:59:04.566  1771  1771 W Layer   : gatherBufferInfo: Received unknown dataspace from gralloc
04-14 23:59:04.575  1771  1771 W Layer   : gatherBufferInfo: Received unknown dataspace from gralloc
04-14 23:59:04.691  1771  1771 W Layer   : gatherBufferInfo: Received unknown dataspace from gralloc
04-14 23:59:04.741  1771  1771 W Layer   : gatherBufferInfo: Received unknown dataspace from gralloc
04-14 23:59:04.841  1771  1771 W Layer   : gatherBufferInfo: Received unknown dataspace from gralloc
04-14 23:59:04.900  3869 15271 I NearbyMediums: No BLE Fast/GATT advertisements found in the latest cycle.
04-14 23:59:04.916  1771  1771 W Layer   : gatherBufferInfo: Received unknown dataspace from gralloc
04-14 23:59:04.924  1771  1771 W Layer   : gatherBufferInfo: Received unknown dataspace from gralloc
04-14 23:59:04.932  1771  1771 W Layer   : gatherBufferInfo: Received unknown dataspace from gralloc
04-14 23:59:04.941  1771  1771 W Layer   : gatherBufferInfo: Received unknown dataspace from gralloc
04-14 23:59:04.949  1771  1771 W Layer   : gatherBufferInfo: Received unknown dataspace from gralloc
04-14 23:59:04.957  1771  1771 W Layer   : gatherBufferInfo: Received unknown dataspace from gralloc
04-14 23:59:04.966  1771  1771 W Layer   : gatherBufferInfo: Received unknown dataspace from gralloc
04-14 23:59:04.974  1771  1771 W Layer   : gatherBufferInfo: Received unknown dataspace from gralloc
04-14 23:59:04.982  1771  1771 W Layer   : gatherBufferInfo: Received unknown dataspace from gralloc
04-14 23:59:04.991  1771  1771 W Layer   : gatherBufferInfo: Received unknown dataspace from gralloc
04-14 23:59:04.999  1771  1771 W Layer   : gatherBufferInfo: Received unknown dataspace from gralloc
04-14 23:59:05.007  1771  1771 W Layer   : gatherBufferInfo: Received unknown dataspace from gralloc
04-14 23:59:05.016  1771  1771 W Layer   : gatherBufferInfo: Received unknown dataspace from gralloc
04-14 23:59:05.016  1771  1771 W Layer   : gatherBufferInfo: Received unknown dataspace from gralloc
04-14 23:59:05.024  1771  1771 W Layer   : gatherBufferInfo: Received unknown dataspace from gralloc
04-14 23:59:05.032  1771  1771 W Layer   : gatherBufferInfo: Received unknown dataspace from gralloc
04-14 23:59:05.040  1771  1771 W Layer   : gatherBufferInfo: Received unknown dataspace from gralloc
04-14 23:59:05.049  1771  1771 W Layer   : gatherBufferInfo: Received unknown dataspace from gralloc
04-14 23:59:05.057  1771  1771 W Layer   : gatherBufferInfo: Received unknown dataspace from gralloc
04-14 23:59:05.065  1771  1771 W Layer   : gatherBufferInfo: Received unknown dataspace from gralloc
04-14 23:59:05.074  1771  1771 W Layer   : gatherBufferInfo: Received unknown dataspace from gralloc
04-14 23:59:05.082  1771  1771 W Layer   : gatherBufferInfo: Received unknown dataspace from gralloc
04-14 23:59:05.082  1771  1771 W Layer   : gatherBufferInfo: Received unknown dataspace from gralloc
04-14 23:59:05.090  1771  1771 W Layer   : gatherBufferInfo: Received unknown dataspace from gralloc
04-14 23:59:05.094  2664  3268 E WifiScoringParams: Invalid frequency(-1), using 5G as default rssi array
04-14 23:59:05.096  3071  3351 D LOWI-9.0.1.69: [LOWI-Scan] wait_event:Wait done with Cmd 33
04-14 23:59:05.096  3071  3351 D LOWI-9.0.1.69: [LOWI-Scan] do_listen_events: Rcvd valid Netlink Cmd 0 Err 0
04-14 23:59:05.099  1771  1771 W Layer   : gatherBufferInfo: Received unknown dataspace from gralloc
04-14 23:59:05.107  1771  1771 W Layer   : gatherBufferInfo: Received unknown dataspace from gralloc
04-14 23:59:05.115  1771  1771 W Layer   : gatherBufferInfo: Received unknown dataspace from gralloc
04-14 23:59:05.124  1771  1771 W Layer   : gatherBufferInfo: Received unknown dataspace from gralloc
04-14 23:59:05.132  1771  1771 W Layer   : gatherBufferInfo: Received unknown dataspace from gralloc
04-14 23:59:05.140  1771  1771 W Layer   : gatherBufferInfo: Received unknown dataspace from gralloc
04-14 23:59:05.149  1771  1771 W Layer   : gatherBufferInfo: Received unknown dataspace from gralloc
04-14 23:59:05.157  1771  1771 W Layer   : gatherBufferInfo: Received unknown dataspace from gralloc
04-14 23:59:05.166  1771  1771 W Layer   : gatherBufferInfo: Received unknown dataspace from gralloc
04-14 23:59:05.174  1771  1771 W Layer   : gatherBufferInfo: Received unknown dataspace from gralloc
04-14 23:59:07.247  3071  3351 D LOWI-9.0.1.69: [LOWI-Scan] wait_event:Wait done with Cmd 34
04-14 23:59:07.247  3071  3351 D LOWI-9.0.1.69: [LOWI-Scan] do_listen_events: Rcvd valid Netlink Cmd 34 Err 0
04-14 23:59:07.248  2664  3790 D WifiNl80211Manager: Scan result ready event
04-14 23:59:07.248  3071  3351 D LOWI-9.0.1.69: [LOWI-Scan]
04-14 23:59:07.248  3071  3351 D LOWI-9.0.1.69: [LOWI-Scan] BSS 44:48:b9:**:**:18 FREQ: 2412, cFreq1[40:80:160] = [0:0:0] cFreq2 = 0 SSID BLUEGROUND96, RSSI(dBM): -45, 11mcRanging: No, Country Code = ES
04-14 23:59:07.248  3071  3351 D LOWI-9.0.1.69: [LOWI-Scan]
04-14 23:59:07.248  2664  3790 D WifiNative: Scan result ready event
04-14 23:59:07.248  3071  3351 D LOWI-9.0.1.69: [LOWI-Scan] adjust_age:AP AGE upper limit reached. Dont store
04-14 23:59:07.248  3071  3351 D LOWI-9.0.1.69: [LOWI-Scan] BSS f4:23:9c:**:**:38 FREQ: 2412, cFreq1[40:80:160] = [0:0:0] cFreq2 = 0 SSID sercommBA0622, RSSI(dBM): -80, 11mcRanging: No, Country Code = ES
04-14 23:59:07.249  3071  3351 D LOWI-9.0.1.69: [LOWI-Scan]
04-14 23:59:07.249  3071  3351 D LOWI-9.0.1.69: [LOWI-Scan] BSS 62:d2:ff:**:**:8f FREQ: 2412, cFreq1[40:80:160] = [0:0:0] cFreq2 = 0 SSID BATRAWIFI_5G, RSSI(dBM): -84, 11mcRanging: No, Country Code = DE
04-14 23:59:07.249  3071  3351 D LOWI-9.0.1.69: [LOWI-Scan]
04-14 23:59:07.249  3071  3351 D LOWI-9.0.1.69: [LOWI-Scan] BSS c8:b4:22:**:**:ef FREQ: 2412, cFreq1[40:80:160] = [0:0:0] cFreq2 = 0 SSID MOVISTAR_FAE0, RSSI(dBM): -75, 11mcRanging: No, Country Code = ES
04-14 23:59:07.249  3071  3351 D LOWI-9.0.1.69: [LOWI-Scan]
04-14 23:59:07.249  3071  3351 D LOWI-9.0.1.69: [LOWI-Scan] BSS 04:95:e6:**:**:58 FREQ: 2432, cFreq1[40:80:160] = [0:0:0] cFreq2 = 0 SSID Tenda_057558, RSSI(dBM): -52, 11mcRanging: No, Country Code =
04-14 23:59:07.249  3071  3351 D LOWI-9.0.1.69: [LOWI-Scan]
04-14 23:59:07.249  3071  3351 D LOWI-9.0.1.69: [LOWI-Scan] BSS 6a:f8:29:**:**:cf FREQ: 2437, cFreq1[40:80:160] = [0:0:0] cFreq2 = 0 SSID BATRAWIFI_5G, RSSI(dBM): -66, 11mcRanging: No, Country Code = DE
04-14 23:59:07.249  3071  3351 D LOWI-9.0.1.69: [LOWI-Scan]
04-14 23:59:07.249  3071  3351 D LOWI-9.0.1.69: [LOWI-Scan] adjust_age:AP AGE upper limit reached. Dont store
04-14 23:59:07.249  3071  3351 D LOWI-9.0.1.69: [LOWI-Scan] BSS cc:29:bd:**:**:79 FREQ: 2437, cFreq1[40:80:160] = [0:0:0] cFreq2 = 0 SSID MIWIFI_CbPU, RSSI(dBM): -88, 11mcRanging: No, Country Code = ES
04-14 23:59:07.250  3071  3351 D LOWI-9.0.1.69: [LOWI-Scan]
04-14 23:59:07.250  3071  3351 D LOWI-9.0.1.69: [LOWI-Scan] BSS 44:48:b9:**:**:1f FREQ: 5180, cFreq1[40:80:160] = [5190:5210:0] cFreq2 = 0 SSID MOVISTAR_PLUS_CB18, RSSI(dBM): -45, 11mcRanging: No, Country Code = ES
04-14 23:59:07.250  3071  3351 D LOWI-9.0.1.69: [LOWI-Scan]
04-14 23:59:07.251  3071  3351 D LOWI-9.0.1.69: [LOWI-Scan] BSS 46:48:b9:**:**:1f FREQ: 5180, cFreq1[40:80:160] = [5190:5210:0] cFreq2 = 0 SSID BLUEGROUND96, RSSI(dBM): -45, 11mcRanging: No, Country Code = ES
04-14 23:59:07.252  3071  3351 D LOWI-9.0.1.69: [LOWI-Scan]
04-14 23:59:07.252  3071  3351 D LOWI-9.0.1.69: [LOWI-Scan] BSS 2c:70:4f:**:**:b7 FREQ: 2442, cFreq1[40:80:160] = [0:0:0] cFreq2 = 0 SSID DIGIFIBRA-xy4E, RSSI(dBM): -67, 11mcRanging: No, Country Code = ES
04-14 23:59:07.253  3071  3351 D LOWI-9.0.1.69: [LOWI-Scan]
04-14 23:59:07.254  2664  3272 D WificondScannerImpl: Filtering out 5 scan results.
04-14 23:59:07.254  3071  3351 D LOWI-9.0.1.69: [LOWI-Scan] BSS 14:eb:b6:**:**:0b FREQ: 5200, cFreq1[40:80:160] = [5190:5210:0] cFreq2 = 0 SSID Alfonso XII 15 3a-5G, RSSI(dBM): -83, 11mcRanging: No, Country Code =
04-14 23:59:07.255  3071  3351 D LOWI-9.0.1.69: [LOWI-Scan]
04-14 23:59:07.255  3071  3351 D LOWI-9.0.1.69: [LOWI-Scan] BSS 2c:70:4f:**:**:b8 FREQ: 5260, cFreq1[40:80:160] = [5270:5290:5290] cFreq2 = 5250 SSID DIGIFIBRA-PLUS-xy4E, RSSI(dBM): -75, 11mcRanging: No, Country Code = ES
04-14 23:59:07.256  3071  3351 D LOWI-9.0.1.69: [LOWI-Scan]
04-14 23:59:07.256  3869  5673 I WifiScanner: onFullResults
04-14 23:59:07.256  3071  3351 D LOWI-9.0.1.69: [LOWI-Scan] BSS 2e:70:4f:**:**:b8 FREQ: 5260, cFreq1[40:80:160] = [5270:5290:5290] cFreq2 = 5250 SSID , RSSI(dBM): -75, 11mcRanging: No, Country Code = ES
04-14 23:59:07.256  3869  4035 I WifiScanner: onFullResults
04-14 23:59:07.256  3071  3351 D LOWI-9.0.1.69: [LOWI-Scan]
04-14 23:59:07.256  3071  3351 D LOWI-9.0.1.69: [LOWI-Scan] BSS 14:eb:b6:**:**:0a FREQ: 2462, cFreq1[40:80:160] = [0:0:0] cFreq2 = 0 SSID Alfonso XII 15 3a, RSSI(dBM): -71, 11mcRanging: No, Country Code =
04-14 23:59:07.257  3071  3351 D LOWI-9.0.1.69: [LOWI-Scan]
04-14 23:59:07.257  3071  3351 D LOWI-9.0.1.69: [LOWI-Scan] BSS ac:15:a2:**:**:ae FREQ: 2462, cFreq1[40:80:160] = [2462:0:0] cFreq2 = 0 SSID TP-Link_5GHz_B491AF, RSSI(dBM): -83, 11mcRanging: No, Country Code =
04-14 23:59:07.257  3071  3351 D LOWI-9.0.1.69: [LOWI-Scan]
04-14 23:59:07.257  3071  3351 D LOWI-9.0.1.69: [LOWI-Scan] BSS c8:b4:22:**:**:ee FREQ: 5500, cFreq1[40:80:160] = [5510:5530:0] cFreq2 = 0 SSID MOVISTAR_PLUS_FAE0, RSSI(dBM): -89, 11mcRanging: No, Country Code = ES
04-14 23:59:07.257  3071  3351 D LOWI-9.0.1.69: [LOWI-Scan]
04-14 23:59:07.257  3071  3351 D LOWI-9.0.1.69: [LOWI-Scan] BSS c6:b4:22:**:**:ee FREQ: 5500, cFreq1[40:80:160] = [5510:5530:0] cFreq2 = 0 SSID MOVISTAR_FAE0, RSSI(dBM): -88, 11mcRanging: No, Country Code = ES
04-14 23:59:07.258  3071  3351 D LOWI-9.0.1.69: [LOWI-Scan]
04-14 23:59:07.258  3071  3351 D LOWI-9.0.1.69: [LOWI-Scan] adjust_age:AP AGE upper limit reached. Dont store
04-14 23:59:07.258  3071  3351 D LOWI-9.0.1.69: [LOWI-Scan] BSS 6a:d2:ff:**:**:8c FREQ: 5540, cFreq1[40:80:160] = [5550:5530:0] cFreq2 = 0 SSID BATRAWIFI_5G, RSSI(dBM): -86, 11mcRanging: No, Country Code = DE
04-14 23:59:07.258  3071  3351 D LOWI-9.0.1.69: [LOWI-Scan]
04-14 23:59:07.258  3071  3351 D LOWI-9.0.1.69: [LOWI-Scan] adjust_age:AP AGE upper limit reached. Dont store
04-14 23:59:07.258  3071  3351 D LOWI-9.0.1.69: [LOWI-Scan] BSS 6a:d2:ff:**:**:8d FREQ: 5540, cFreq1[40:80:160] = [5550:5530:0] cFreq2 = 0 SSID __________, RSSI(dBM): -87, 11mcRanging: No, Country Code = DE
04-14 23:59:07.259  3071  3351 D LOWI-9.0.1.69: [LOWI-Scan]
04-14 23:59:07.259  3071  3351 D LOWI-9.0.1.69: [LOWI-Scan] adjust_age:AP AGE upper limit reached. Dont store
04-14 23:59:07.259  3071  3351 D LOWI-9.0.1.69: [LOWI-Scan] BSS 6a:d2:ff:**:**:8f FREQ: 5540, cFreq1[40:80:160] = [5550:5530:0] cFreq2 = 0 SSID ___________, RSSI(dBM): -86, 11mcRanging: No, Country Code = DE
04-14 23:59:07.259  3071  3351 D LOWI-9.0.1.69: [LOWI-Scan]
04-14 23:59:07.259  3071  3351 D LOWI-9.0.1.69: [LOWI-Scan] BSS 72:f8:29:**:**:cc FREQ: 5540, cFreq1[40:80:160] = [5550:5530:0] cFreq2 = 0 SSID BATRAWIFI_5G, RSSI(dBM): -79, 11mcRanging: No, Country Code = DE
04-14 23:59:07.275  3071  3351 D LOWI-9.0.1.69: [LOWI-Scan]
04-14 23:59:07.276  3071  3351 D LOWI-9.0.1.69: [LOWI-Scan] BSS 72:f8:29:**:**:cd FREQ: 5540, cFreq1[40:80:160] = [5550:5530:0] cFreq2 = 0 SSID __________, RSSI(dBM): -79, 11mcRanging: No, Country Code = DE
04-14 23:59:07.276  3071  3351 D LOWI-9.0.1.69: [LOWI-Scan]
04-14 23:59:07.276  3071  3351 D LOWI-9.0.1.69: [LOWI-Scan] BSS 72:f8:29:**:**:cf FREQ: 5540, cFreq1[40:80:160] = [5550:5530:0] cFreq2 = 0 SSID ___________, RSSI(dBM): -79, 11mcRanging: No, Country Code = DE
04-14 23:59:07.276  3071  3351 D LOWI-9.0.1.69: [LOWI-Scan]
04-14 23:59:07.276  3071  3351 D LOWI-9.0.1.69: [LOWI-Scan] BSS 62:d2:ff:**:**:8e FREQ: 2412, cFreq1[40:80:160] = [0:0:0] cFreq2 = 0 SSID ___________, RSSI(dBM): -84, 11mcRanging: No, Country Code = DE
04-14 23:59:07.277  3071  3351 D LOWI-9.0.1.69: [LOWI-Scan]
04-14 23:59:07.277  3071  3351 D LOWI-9.0.1.69: [LOWI-Scan] BSS 58:76:ac:**:**:38 FREQ: 2427, cFreq1[40:80:160] = [0:0:0] cFreq2 = 0 SSID Atocha II, RSSI(dBM): -84, 11mcRanging: No, Country Code = ES
04-14 23:59:07.277  3071  3351 D LOWI-9.0.1.69: [LOWI-Scan]
04-14 23:59:07.277  3071  3351 D LOWI-9.0.1.69: [LOWI-Scan] BSS 2c:ea:dc:**:**:5f FREQ: 2437, cFreq1[40:80:160] = [0:0:0] cFreq2 = 0 SSID MOVISTAR_1E50, RSSI(dBM): -87, 11mcRanging: No, Country Code = ES
04-14 23:59:07.277  3071  3351 D LOWI-9.0.1.69: [LOWI-Scan]
04-14 23:59:07.277  3071  3351 D LOWI-9.0.1.69: [LOWI-Scan] BSS c0:9f:51:**:**:00 FREQ: 2452, cFreq1[40:80:160] = [0:0:0] cFreq2 = 0 SSID vodafoneBA2322, RSSI(dBM): -82, 11mcRanging: No, Country Code = ES
04-14 23:59:07.277  3071  3351 D LOWI-9.0.1.69: [LOWI-Scan]
04-14 23:59:07.277  3071  3351 D LOWI-9.0.1.69: [LOWI-Scan] BSS ac:15:a2:**:**:58 FREQ: 2462, cFreq1[40:80:160] = [2462:0:0] cFreq2 = 0 SSID TP-Link_5GHz_B49A59, RSSI(dBM): -84, 11mcRanging: No, Country Code =
04-14 23:59:07.277  3071  3351 D LOWI-9.0.1.69: [LOWI-Scan]
04-14 23:59:07.277  3071  3351 D LOWI-9.0.1.69: [LOWI-Scan] BSS e0:41:36:**:**:87 FREQ: 2462, cFreq1[40:80:160] = [0:0:0] cFreq2 = 0 SSID MOVISTAR_9286, RSSI(dBM): -88, 11mcRanging: No, Country Code =
04-14 23:59:07.277  3071  3351 D LOWI-9.0.1.69: [LOWIDiagLog] Log: lowiMeasResult->request: invalid null argument
04-14 23:59:07.277  3071  3351 I LOWI-9.0.1.69: [LOWI-Scan] lowi_close_record:Scan done in 21654191ms, 29 APs in scan results
04-14 23:59:07.277  3071  3351 D LOWI-9.0.1.69: [LOWI-Scan] WipsScanUsingNL: passive scan cached 0, took 19988 ms, err 0
04-14 23:59:07.278  3071  3351 D LOWI-9.0.1.69: [LOWI-Scan] lowi_proc_req_passive_scan_with_live_meas - No WLAN Frames to be parsed
04-14 23:59:07.278  3071  3351 D LOWI-9.0.1.69: [LOWIScanResultReceiver] Send scan meas to listener
04-14 23:59:07.278  3071  3351 D LOWI-9.0.1.69: [LOWIScanResultReceiver] Enter passive listening mode
04-14 23:59:07.278  3071  3351 D LOWI-9.0.1.69: [LOWIWifiDriverInterface] getMeasurements - Passive listening mode
04-14 23:59:07.278  3071  3351 D LOWI-9.0.1.69: [LOWI-Scan] WipsScanUsingNL:wait -1 sec for netlink message
04-14 23:59:07.278  3071  3084 D LOWI-9.0.1.69: [LOWIEventReceiver] handleEvent:FROM:NA, TO:NA, REQ:NA, IREQ:NA, REQ_ID:0, RESP:NA, INFO:NA
04-14 23:59:07.278  3071  3084 D LOWI-9.0.1.69: [LOWIBackgroundScanMgr] isRspForBgScanMgr: evt(LOWI_NO_EVT) - not handled
04-14 23:59:07.278  3071  3084 D LOWI-9.0.1.69: [LOWIScheduler] manageMsg: NULL results or NULL request in results
04-14 23:59:07.278  3071  3084 D LOWI-9.0.1.69: [LOWIController] Measurements received
04-14 23:59:07.278  3071  3084 D LOWI-9.0.1.69: [LOWICacheManager] putInCache:Num of Meas to add: 29
04-14 23:59:07.281  3071  3084 D LOWI-9.0.1.69: [LOWIController] processMeasurementResults: No current Request. Cache measurements
04-14 23:59:07.281  3071  3084 D LOWI-9.0.1.69: [LOWIControllerExtn] sendLOWILpDiscoveryScanResponse: Not a discovery scan response
04-14 23:59:07.282  2664  3268 I HalDevMgr: bestIfaceCreationProposal is null, requestIface=STA, existingIface=[name=wlan0 type=STA]
04-14 23:59:07.745  2664  2830 I DisplayPowerController2[0]: BrightnessEvent: disp=0, physDisp=local:4630946852271201666, brt=0.020598948, initBrt=0.029884757, rcmdBrt=0.020598948, preBrt=0.029884757, lux=1.0125, preLux=2.0249999, hbmMax=0.8000001, hbmMode=off, rbcStrength=50, thrmMax=1.0, powerFactor=1.0, wasShortTermModelActive=false, flags=, reason=automatic, autoBrightness=true, strategy=InvalidBrightnessStrategy
04-14 23:59:07.748  2664  2793 D DisplayManagerService: Ignore redundant display event 0/4 to 10121/5451
04-14 23:59:07.748  2664  2793 D DisplayManagerService: Ignore redundant display event 0/4 to 10143/6129
04-14 23:59:07.748  2664  2793 D DisplayManagerService: Ignore redundant display event 0/4 to 10106/8326
04-14 23:59:07.748  2664  2793 D DisplayManagerService: Ignore redundant display event 0/4 to 10131/14812
04-14 23:59:07.749  2664  2793 D DisplayManagerService: Ignore redundant display event 0/4 to 10121/5451
04-14 23:59:07.749  2664  2793 D DisplayManagerService: Ignore redundant display event 0/4 to 10143/6129
04-14 23:59:07.749  2664  2793 D DisplayManagerService: Ignore redundant display event 0/4 to 10106/8326
04-14 23:59:07.749  2664  2793 D DisplayManagerService: Ignore redundant display event 0/4 to 10131/14812
04-14 23:59:07.750  2664  2664 I BrightnessSynchronizer: [173] New Update 0.020598948(f) set brightness values:  6(i)
04-14 23:59:07.751  2664  2664 I BrightnessSynchronizer: New PendingUpdate: {[174] 0.020598948(f), mUpdatedTypes=0, mConfirmedTypes=0, mTimeUpdated=0}, prev=null
04-14 23:59:07.752  2664  2664 I BrightnessSynchronizer: Swallowing update of 6(i) by update: {[173] 0.020598948(f), mUpdatedTypes=1, mConfirmedTypes=1, mTimeUpdated=7456067}
04-14 23:59:07.753  2664  2664 I BrightnessSynchronizer: Completed Update: {[173] 0.020598948(f), mUpdatedTypes=1, mConfirmedTypes=1, mTimeUpdated=7456067}
04-14 23:59:10.589  3683  3683 D QtiCarrierConfigHelper: WARNING, no carrier configs on phone Id: 0
04-14 23:59:10.590  3683  3683 D QtiCarrierConfigHelper: WARNING, no carrier configs on phone Id: 1
04-14 23:59:10.590  3649  3649 D DeviceStatisticsService: onReceive: action= android.intent.action.BATTERY_CHANGED
04-14 23:59:10.593  3432  9500 D PowerUI : can't show warning due to - plugged: true status unknown: false
04-14 23:59:10.593  3649  3649 V DeviceStatisticsService: chargerType=1 batteryLevel=37 totalBatteryCapacity=4133900
04-14 23:59:10.593  3649  3649 D DeviceInfoHidlClient: isRadioOn()=true
04-14 23:59:10.593  3649  3649 I DeviceInfoHidlClient: isPowerInfoNeverSent=false batteryLevel=37 batteryLevelIndex=4 chargingMode=1 totalCapacity=4133900 powerSaveMode=false
04-14 23:59:10.610  1771  1771 W Layer   : gatherBufferInfo: Received unknown dataspace from gralloc
04-14 23:59:11.742  1056  1075 W keystore2: system/security/keystore2/src/remote_provisioning.rs:102 - Error occurred: system/security/keystore2/src/rkpd_client.rs:226: Trying to get to IRegistration service.
04-14 23:59:11.742  1056  1075 W keystore2:
04-14 23:59:11.742  1056  1075 W keystore2: Caused by:
04-14 23:59:11.742  1056  1075 W keystore2:     0: system/security/keystore2/src/rkpd_client.rs:120: Trying to get IRPC name.
04-14 23:59:11.742  1056  1075 W keystore2:     1: system/security/keystore2/src/globals.rs:440
04-14 23:59:11.742  1056  1075 W keystore2:     2: Error::Km(r#HARDWARE_TYPE_UNAVAILABLE)
04-14 23:59:11.744   989   998 D DrmLibTime: got the req here! ret=0
04-14 23:59:11.744   989   998 D DrmLibTime: command id, time_cmd_id = 770
04-14 23:59:11.744   989   998 D DrmLibTime: time_getutcsec starts!
04-14 23:59:11.744   989   998 D DrmLibTime: QSEE Time Listener: time_getutcsec
04-14 23:59:11.744   989   998 D DrmLibTime: QSEE Time Listener: get_utc_seconds
04-14 23:59:11.744   989   998 D DrmLibTime: QSEE Time Listener: time_get_modem_time
04-14 23:59:11.744   989   998 D DrmLibTime: QSEE Time Listener: Checking if ATS_MODEM is set or not.
04-14 23:59:11.744   989   998 D QC-time-services: Lib:time_genoff_operation: pargs->base = 13
04-14 23:59:11.744   989   998 D QC-time-services: Lib:time_genoff_operation: pargs->operation = 2
04-14 23:59:11.744   989   998 D QC-time-services: Lib:time_genoff_operation: pargs->ts_val = 0
04-14 23:59:11.745   989   998 D QC-time-services: Lib:time_genoff_operation: Send to server  passed!!
04-14 23:59:11.745  1532  1542 D QC-time-services: Daemon: Connection accepted:time_genoff
04-14 23:59:11.745  1532 16088 D QC-time-services: Daemon:Received base = 13, unit = 1, operation = 2,value = 0
04-14 23:59:11.746  1532 16088 D QC-time-services: Daemon:genoff_opr: Base = 13, val = 0, operation = 2
04-14 23:59:11.746  1532 16088 D QC-time-services: offset is: 0 for base: 13
04-14 23:59:11.746   989   998 E QC-time-services: Receive Passed == base = 13, unit = 1, operation = 2, result = 0
04-14 23:59:11.746  1532  1542 E QC-time-services: Daemon: Time-services: Waiting to acceptconnection
04-14 23:59:11.746   989   998 D DrmLibTime: QSEE Time Listener: ATS_MODEM is not set. Fallback to Android system time.
04-14 23:59:11.746   989   998 D DrmLibTime: QSEE Time Listener: Retrieved Android system time: 1744667951
04-14 23:59:11.746   989   998 D DrmLibTime: time_getutcsec returns 0, sec = 1744667951; nsec = 0
04-14 23:59:11.746   989   998 D DrmLibTime: time_getutcsec finished!
04-14 23:59:11.747   989   998 D DrmLibTime: iotcl_continue_command finished! and return 0
04-14 23:59:11.747   989   998 D DrmLibTime: before calling ioctl to read the next time_cmd
04-14 23:59:11.747   989  1009 D SPL     : Handle Request
04-14 23:59:11.747   989  1009 E SPL     : unknown cmd id [57005]
04-14 23:59:11.747   989  1009 D SPL     : Send Response
04-14 23:59:11.748   989  1009 D SPL     : QSEECom_send_resp() OK.
04-14 23:59:11.748   989  1009 D SPL     : ==== Wait For Request ======
04-14 23:59:11.755   989  1009 D SPL     : Handle Request
04-14 23:59:11.755   989  1009 D SPL     : Dev node [/dev/qsee_ipc_irq_spss] opened OK.
04-14 23:59:11.755   989  1009 D SPL     : timeout_msec [120000]
04-14 23:59:11.755   989  1009 D SPL     : pfd[0].fd [29].
04-14 23:59:11.755   989  1009 D SPL     : pfd[1].fd [26].
